

================================================================
== Vivado HLS Report for 'global_pooling1d_cl_ap_ufixed_8_0_4_0_0_ap_fixed_16_6_5_3_0_config8_s'
================================================================
* Date:           Wed Nov 15 18:38:09 2023

* Version:        2019.2 (Build 2704478 on Wed Nov 06 22:10:23 MST 2019)
* Project:        myproject_prj
* Solution:       solution1
* Product family: virtexuplus
* Target device:  xcu250-figd2104-2L-e


================================================================
== Performance Estimates
================================================================
+ Timing: 
    * Summary: 
    +--------+---------+----------+------------+
    |  Clock |  Target | Estimated| Uncertainty|
    +--------+---------+----------+------------+
    |ap_clk  | 5.00 ns | 3.920 ns |   0.62 ns  |
    +--------+---------+----------+------------+

+ Latency: 
    * Summary: 
    +---------+---------+-----------+-----------+-----+-----+----------+
    |  Latency (cycles) |   Latency (absolute)  |  Interval | Pipeline |
    |   min   |   max   |    min    |    max    | min | max |   Type   |
    +---------+---------+-----------+-----------+-----+-----+----------+
    |        3|        3| 15.000 ns | 15.000 ns |    1|    1| function |
    +---------+---------+-----------+-----------+-----+-----+----------+

    + Detail: 
        * Instance: 
        +------------------------------------------------+------------------------------------+---------+---------+-----------+-----------+-----+-----+----------+
        |                                                |                                    |  Latency (cycles) |   Latency (absolute)  |  Interval | Pipeline |
        |                    Instance                    |               Module               |   min   |   max   |    min    |    max    | min | max |   Type   |
        +------------------------------------------------+------------------------------------+---------+---------+-----------+-----------+-----+-----+----------+
        |grp_pool_op_ap_ufixed_8_0_4_0_0_10_1_s_fu_818   |pool_op_ap_ufixed_8_0_4_0_0_10_1_s  |        2|        2| 10.000 ns | 10.000 ns |    1|    1| function |
        |grp_pool_op_ap_ufixed_8_0_4_0_0_10_1_s_fu_842   |pool_op_ap_ufixed_8_0_4_0_0_10_1_s  |        2|        2| 10.000 ns | 10.000 ns |    1|    1| function |
        |grp_pool_op_ap_ufixed_8_0_4_0_0_10_1_s_fu_866   |pool_op_ap_ufixed_8_0_4_0_0_10_1_s  |        2|        2| 10.000 ns | 10.000 ns |    1|    1| function |
        |grp_pool_op_ap_ufixed_8_0_4_0_0_10_1_s_fu_890   |pool_op_ap_ufixed_8_0_4_0_0_10_1_s  |        2|        2| 10.000 ns | 10.000 ns |    1|    1| function |
        |grp_pool_op_ap_ufixed_8_0_4_0_0_10_1_s_fu_914   |pool_op_ap_ufixed_8_0_4_0_0_10_1_s  |        2|        2| 10.000 ns | 10.000 ns |    1|    1| function |
        |grp_pool_op_ap_ufixed_8_0_4_0_0_10_1_s_fu_938   |pool_op_ap_ufixed_8_0_4_0_0_10_1_s  |        2|        2| 10.000 ns | 10.000 ns |    1|    1| function |
        |grp_pool_op_ap_ufixed_8_0_4_0_0_10_1_s_fu_962   |pool_op_ap_ufixed_8_0_4_0_0_10_1_s  |        2|        2| 10.000 ns | 10.000 ns |    1|    1| function |
        |grp_pool_op_ap_ufixed_8_0_4_0_0_10_1_s_fu_986   |pool_op_ap_ufixed_8_0_4_0_0_10_1_s  |        2|        2| 10.000 ns | 10.000 ns |    1|    1| function |
        |grp_pool_op_ap_ufixed_8_0_4_0_0_10_1_s_fu_1010  |pool_op_ap_ufixed_8_0_4_0_0_10_1_s  |        2|        2| 10.000 ns | 10.000 ns |    1|    1| function |
        |grp_pool_op_ap_ufixed_8_0_4_0_0_10_1_s_fu_1034  |pool_op_ap_ufixed_8_0_4_0_0_10_1_s  |        2|        2| 10.000 ns | 10.000 ns |    1|    1| function |
        +------------------------------------------------+------------------------------------+---------+---------+-----------+-----------+-----+-----+----------+

        * Loop: 
        N/A



================================================================
== Utilization Estimates
================================================================
* Summary: 
+---------------------+---------+-------+---------+---------+------+
|         Name        | BRAM_18K| DSP48E|    FF   |   LUT   | URAM |
+---------------------+---------+-------+---------+---------+------+
|DSP                  |        -|      -|        -|        -|     -|
|Expression           |        -|      -|        0|        6|     -|
|FIFO                 |        -|      -|        -|        -|     -|
|Instance             |        -|      0|     1350|     2800|     -|
|Memory               |        -|      -|        -|        -|     -|
|Multiplexer          |        -|      -|        -|       36|     -|
|Register             |        -|      -|       20|        -|     -|
+---------------------+---------+-------+---------+---------+------+
|Total                |        0|      0|     1370|     2842|     0|
+---------------------+---------+-------+---------+---------+------+
|Available SLR        |     1344|   3072|   864000|   432000|   320|
+---------------------+---------+-------+---------+---------+------+
|Utilization SLR (%)  |        0|      0|    ~0   |    ~0   |     0|
+---------------------+---------+-------+---------+---------+------+
|Available            |     5376|  12288|  3456000|  1728000|  1280|
+---------------------+---------+-------+---------+---------+------+
|Utilization (%)      |        0|      0|    ~0   |    ~0   |     0|
+---------------------+---------+-------+---------+---------+------+

+ Detail: 
    * Instance: 
    +------------------------------------------------+------------------------------------+---------+-------+-----+-----+-----+
    |                    Instance                    |               Module               | BRAM_18K| DSP48E|  FF | LUT | URAM|
    +------------------------------------------------+------------------------------------+---------+-------+-----+-----+-----+
    |grp_pool_op_ap_ufixed_8_0_4_0_0_10_1_s_fu_818   |pool_op_ap_ufixed_8_0_4_0_0_10_1_s  |        0|      0|  135|  280|    0|
    |grp_pool_op_ap_ufixed_8_0_4_0_0_10_1_s_fu_842   |pool_op_ap_ufixed_8_0_4_0_0_10_1_s  |        0|      0|  135|  280|    0|
    |grp_pool_op_ap_ufixed_8_0_4_0_0_10_1_s_fu_866   |pool_op_ap_ufixed_8_0_4_0_0_10_1_s  |        0|      0|  135|  280|    0|
    |grp_pool_op_ap_ufixed_8_0_4_0_0_10_1_s_fu_890   |pool_op_ap_ufixed_8_0_4_0_0_10_1_s  |        0|      0|  135|  280|    0|
    |grp_pool_op_ap_ufixed_8_0_4_0_0_10_1_s_fu_914   |pool_op_ap_ufixed_8_0_4_0_0_10_1_s  |        0|      0|  135|  280|    0|
    |grp_pool_op_ap_ufixed_8_0_4_0_0_10_1_s_fu_938   |pool_op_ap_ufixed_8_0_4_0_0_10_1_s  |        0|      0|  135|  280|    0|
    |grp_pool_op_ap_ufixed_8_0_4_0_0_10_1_s_fu_962   |pool_op_ap_ufixed_8_0_4_0_0_10_1_s  |        0|      0|  135|  280|    0|
    |grp_pool_op_ap_ufixed_8_0_4_0_0_10_1_s_fu_986   |pool_op_ap_ufixed_8_0_4_0_0_10_1_s  |        0|      0|  135|  280|    0|
    |grp_pool_op_ap_ufixed_8_0_4_0_0_10_1_s_fu_1010  |pool_op_ap_ufixed_8_0_4_0_0_10_1_s  |        0|      0|  135|  280|    0|
    |grp_pool_op_ap_ufixed_8_0_4_0_0_10_1_s_fu_1034  |pool_op_ap_ufixed_8_0_4_0_0_10_1_s  |        0|      0|  135|  280|    0|
    +------------------------------------------------+------------------------------------+---------+-------+-----+-----+-----+
    |Total                                           |                                    |        0|      0| 1350| 2800|    0|
    +------------------------------------------------+------------------------------------+---------+-------+-----+-----+-----+

    * DSP48E: 
    N/A

    * Memory: 
    N/A

    * FIFO: 
    N/A

    * Expression: 
    +----------------------------------+----------+-------+---+----+------------+------------+
    |           Variable Name          | Operation| DSP48E| FF| LUT| Bitwidth P0| Bitwidth P1|
    +----------------------------------+----------+-------+---+----+------------+------------+
    |ap_block_pp0_stage0_11001         |    or    |      0|  0|   2|           1|           1|
    |ap_block_state1_pp0_stage0_iter0  |    or    |      0|  0|   2|           1|           1|
    |ap_enable_pp0                     |    xor   |      0|  0|   2|           1|           2|
    +----------------------------------+----------+-------+---+----+------------+------------+
    |Total                             |          |      0|  0|   6|           3|           4|
    +----------------------------------+----------+-------+---+----+------------+------------+

    * Multiplexer: 
    +-------------+----+-----------+-----+-----------+
    |     Name    | LUT| Input Size| Bits| Total Bits|
    +-------------+----+-----------+-----+-----------+
    |ap_done      |   9|          2|    1|          2|
    |ap_return_0  |   9|          2|    5|         10|
    |ap_return_1  |   9|          2|    5|         10|
    |ap_return_2  |   9|          2|    5|         10|
    +-------------+----+-----------+-----+-----------+
    |Total        |  36|          8|   16|         32|
    +-------------+----+-----------+-----+-----------+

    * Register: 
    +-------------------------+---+----+-----+-----------+
    |           Name          | FF| LUT| Bits| Const Bits|
    +-------------------------+---+----+-----+-----------+
    |ap_CS_fsm                |  1|   0|    1|          0|
    |ap_done_reg              |  1|   0|    1|          0|
    |ap_enable_reg_pp0_iter1  |  1|   0|    1|          0|
    |ap_enable_reg_pp0_iter2  |  1|   0|    1|          0|
    |ap_enable_reg_pp0_iter3  |  1|   0|    1|          0|
    |ap_return_0_preg         |  5|   0|   10|          5|
    |ap_return_1_preg         |  5|   0|   10|          5|
    |ap_return_2_preg         |  5|   0|   10|          5|
    +-------------------------+---+----+-----+-----------+
    |Total                    | 20|   0|   35|         15|
    +-------------------------+---+----+-----+-----------+



================================================================
== Interface
================================================================
* Summary: 
+----------------+-----+-----+------------+----------------------------------------------------------------------------------+--------------+
|    RTL Ports   | Dir | Bits|  Protocol  |                                   Source Object                                  |    C Type    |
+----------------+-----+-----+------------+----------------------------------------------------------------------------------+--------------+
|ap_clk          |  in |    1| ap_ctrl_hs | global_pooling1d_cl<ap_ufixed<8, 0, 4, 0, 0>, ap_fixed<16, 6, 5, 3, 0>, config8> | return value |
|ap_rst          |  in |    1| ap_ctrl_hs | global_pooling1d_cl<ap_ufixed<8, 0, 4, 0, 0>, ap_fixed<16, 6, 5, 3, 0>, config8> | return value |
|ap_start        |  in |    1| ap_ctrl_hs | global_pooling1d_cl<ap_ufixed<8, 0, 4, 0, 0>, ap_fixed<16, 6, 5, 3, 0>, config8> | return value |
|ap_done         | out |    1| ap_ctrl_hs | global_pooling1d_cl<ap_ufixed<8, 0, 4, 0, 0>, ap_fixed<16, 6, 5, 3, 0>, config8> | return value |
|ap_continue     |  in |    1| ap_ctrl_hs | global_pooling1d_cl<ap_ufixed<8, 0, 4, 0, 0>, ap_fixed<16, 6, 5, 3, 0>, config8> | return value |
|ap_idle         | out |    1| ap_ctrl_hs | global_pooling1d_cl<ap_ufixed<8, 0, 4, 0, 0>, ap_fixed<16, 6, 5, 3, 0>, config8> | return value |
|ap_ready        | out |    1| ap_ctrl_hs | global_pooling1d_cl<ap_ufixed<8, 0, 4, 0, 0>, ap_fixed<16, 6, 5, 3, 0>, config8> | return value |
|ap_return_0     | out |   10| ap_ctrl_hs | global_pooling1d_cl<ap_ufixed<8, 0, 4, 0, 0>, ap_fixed<16, 6, 5, 3, 0>, config8> | return value |
|ap_return_1     | out |   10| ap_ctrl_hs | global_pooling1d_cl<ap_ufixed<8, 0, 4, 0, 0>, ap_fixed<16, 6, 5, 3, 0>, config8> | return value |
|ap_return_2     | out |   10| ap_ctrl_hs | global_pooling1d_cl<ap_ufixed<8, 0, 4, 0, 0>, ap_fixed<16, 6, 5, 3, 0>, config8> | return value |
|data_0_V_read   |  in |    8|   ap_none  |                                   data_0_V_read                                  |    scalar    |
|data_1_V_read   |  in |    8|   ap_none  |                                   data_1_V_read                                  |    scalar    |
|data_2_V_read   |  in |    8|   ap_none  |                                   data_2_V_read                                  |    scalar    |
|data_3_V_read   |  in |    8|   ap_none  |                                   data_3_V_read                                  |    scalar    |
|data_4_V_read   |  in |    8|   ap_none  |                                   data_4_V_read                                  |    scalar    |
|data_5_V_read   |  in |    8|   ap_none  |                                   data_5_V_read                                  |    scalar    |
|data_6_V_read   |  in |    8|   ap_none  |                                   data_6_V_read                                  |    scalar    |
|data_7_V_read   |  in |    8|   ap_none  |                                   data_7_V_read                                  |    scalar    |
|data_8_V_read   |  in |    8|   ap_none  |                                   data_8_V_read                                  |    scalar    |
|data_9_V_read   |  in |    8|   ap_none  |                                   data_9_V_read                                  |    scalar    |
|data_10_V_read  |  in |    8|   ap_none  |                                  data_10_V_read                                  |    scalar    |
|data_11_V_read  |  in |    8|   ap_none  |                                  data_11_V_read                                  |    scalar    |
|data_12_V_read  |  in |    8|   ap_none  |                                  data_12_V_read                                  |    scalar    |
|data_13_V_read  |  in |    8|   ap_none  |                                  data_13_V_read                                  |    scalar    |
|data_14_V_read  |  in |    8|   ap_none  |                                  data_14_V_read                                  |    scalar    |
|data_15_V_read  |  in |    8|   ap_none  |                                  data_15_V_read                                  |    scalar    |
|data_16_V_read  |  in |    8|   ap_none  |                                  data_16_V_read                                  |    scalar    |
|data_17_V_read  |  in |    8|   ap_none  |                                  data_17_V_read                                  |    scalar    |
|data_18_V_read  |  in |    8|   ap_none  |                                  data_18_V_read                                  |    scalar    |
|data_19_V_read  |  in |    8|   ap_none  |                                  data_19_V_read                                  |    scalar    |
|data_20_V_read  |  in |    8|   ap_none  |                                  data_20_V_read                                  |    scalar    |
|data_21_V_read  |  in |    8|   ap_none  |                                  data_21_V_read                                  |    scalar    |
|data_22_V_read  |  in |    8|   ap_none  |                                  data_22_V_read                                  |    scalar    |
|data_23_V_read  |  in |    8|   ap_none  |                                  data_23_V_read                                  |    scalar    |
|data_24_V_read  |  in |    8|   ap_none  |                                  data_24_V_read                                  |    scalar    |
|data_25_V_read  |  in |    8|   ap_none  |                                  data_25_V_read                                  |    scalar    |
|data_26_V_read  |  in |    8|   ap_none  |                                  data_26_V_read                                  |    scalar    |
|data_27_V_read  |  in |    8|   ap_none  |                                  data_27_V_read                                  |    scalar    |
|data_28_V_read  |  in |    8|   ap_none  |                                  data_28_V_read                                  |    scalar    |
|data_29_V_read  |  in |    8|   ap_none  |                                  data_29_V_read                                  |    scalar    |
|data_30_V_read  |  in |    8|   ap_none  |                                  data_30_V_read                                  |    scalar    |
|data_31_V_read  |  in |    8|   ap_none  |                                  data_31_V_read                                  |    scalar    |
|data_32_V_read  |  in |    8|   ap_none  |                                  data_32_V_read                                  |    scalar    |
|data_33_V_read  |  in |    8|   ap_none  |                                  data_33_V_read                                  |    scalar    |
|data_34_V_read  |  in |    8|   ap_none  |                                  data_34_V_read                                  |    scalar    |
|data_35_V_read  |  in |    8|   ap_none  |                                  data_35_V_read                                  |    scalar    |
|data_36_V_read  |  in |    8|   ap_none  |                                  data_36_V_read                                  |    scalar    |
|data_37_V_read  |  in |    8|   ap_none  |                                  data_37_V_read                                  |    scalar    |
|data_38_V_read  |  in |    8|   ap_none  |                                  data_38_V_read                                  |    scalar    |
|data_39_V_read  |  in |    8|   ap_none  |                                  data_39_V_read                                  |    scalar    |
|data_40_V_read  |  in |    8|   ap_none  |                                  data_40_V_read                                  |    scalar    |
|data_41_V_read  |  in |    8|   ap_none  |                                  data_41_V_read                                  |    scalar    |
|data_42_V_read  |  in |    8|   ap_none  |                                  data_42_V_read                                  |    scalar    |
|data_43_V_read  |  in |    8|   ap_none  |                                  data_43_V_read                                  |    scalar    |
|data_44_V_read  |  in |    8|   ap_none  |                                  data_44_V_read                                  |    scalar    |
|data_45_V_read  |  in |    8|   ap_none  |                                  data_45_V_read                                  |    scalar    |
|data_46_V_read  |  in |    8|   ap_none  |                                  data_46_V_read                                  |    scalar    |
|data_47_V_read  |  in |    8|   ap_none  |                                  data_47_V_read                                  |    scalar    |
|data_48_V_read  |  in |    8|   ap_none  |                                  data_48_V_read                                  |    scalar    |
|data_49_V_read  |  in |    8|   ap_none  |                                  data_49_V_read                                  |    scalar    |
|data_50_V_read  |  in |    8|   ap_none  |                                  data_50_V_read                                  |    scalar    |
|data_51_V_read  |  in |    8|   ap_none  |                                  data_51_V_read                                  |    scalar    |
|data_52_V_read  |  in |    8|   ap_none  |                                  data_52_V_read                                  |    scalar    |
|data_53_V_read  |  in |    8|   ap_none  |                                  data_53_V_read                                  |    scalar    |
|data_54_V_read  |  in |    8|   ap_none  |                                  data_54_V_read                                  |    scalar    |
|data_55_V_read  |  in |    8|   ap_none  |                                  data_55_V_read                                  |    scalar    |
|data_56_V_read  |  in |    8|   ap_none  |                                  data_56_V_read                                  |    scalar    |
|data_57_V_read  |  in |    8|   ap_none  |                                  data_57_V_read                                  |    scalar    |
|data_58_V_read  |  in |    8|   ap_none  |                                  data_58_V_read                                  |    scalar    |
|data_59_V_read  |  in |    8|   ap_none  |                                  data_59_V_read                                  |    scalar    |
|data_60_V_read  |  in |    8|   ap_none  |                                  data_60_V_read                                  |    scalar    |
|data_61_V_read  |  in |    8|   ap_none  |                                  data_61_V_read                                  |    scalar    |
|data_62_V_read  |  in |    8|   ap_none  |                                  data_62_V_read                                  |    scalar    |
|data_63_V_read  |  in |    8|   ap_none  |                                  data_63_V_read                                  |    scalar    |
|data_64_V_read  |  in |    8|   ap_none  |                                  data_64_V_read                                  |    scalar    |
|data_65_V_read  |  in |    8|   ap_none  |                                  data_65_V_read                                  |    scalar    |
|data_66_V_read  |  in |    8|   ap_none  |                                  data_66_V_read                                  |    scalar    |
|data_67_V_read  |  in |    8|   ap_none  |                                  data_67_V_read                                  |    scalar    |
|data_68_V_read  |  in |    8|   ap_none  |                                  data_68_V_read                                  |    scalar    |
|data_69_V_read  |  in |    8|   ap_none  |                                  data_69_V_read                                  |    scalar    |
|data_70_V_read  |  in |    8|   ap_none  |                                  data_70_V_read                                  |    scalar    |
|data_71_V_read  |  in |    8|   ap_none  |                                  data_71_V_read                                  |    scalar    |
|data_72_V_read  |  in |    8|   ap_none  |                                  data_72_V_read                                  |    scalar    |
|data_73_V_read  |  in |    8|   ap_none  |                                  data_73_V_read                                  |    scalar    |
|data_74_V_read  |  in |    8|   ap_none  |                                  data_74_V_read                                  |    scalar    |
|data_75_V_read  |  in |    8|   ap_none  |                                  data_75_V_read                                  |    scalar    |
|data_76_V_read  |  in |    8|   ap_none  |                                  data_76_V_read                                  |    scalar    |
|data_77_V_read  |  in |    8|   ap_none  |                                  data_77_V_read                                  |    scalar    |
|data_78_V_read  |  in |    8|   ap_none  |                                  data_78_V_read                                  |    scalar    |
|data_79_V_read  |  in |    8|   ap_none  |                                  data_79_V_read                                  |    scalar    |
|data_80_V_read  |  in |    8|   ap_none  |                                  data_80_V_read                                  |    scalar    |
|data_81_V_read  |  in |    8|   ap_none  |                                  data_81_V_read                                  |    scalar    |
|data_82_V_read  |  in |    8|   ap_none  |                                  data_82_V_read                                  |    scalar    |
|data_83_V_read  |  in |    8|   ap_none  |                                  data_83_V_read                                  |    scalar    |
|data_84_V_read  |  in |    8|   ap_none  |                                  data_84_V_read                                  |    scalar    |
|data_85_V_read  |  in |    8|   ap_none  |                                  data_85_V_read                                  |    scalar    |
|data_86_V_read  |  in |    8|   ap_none  |                                  data_86_V_read                                  |    scalar    |
|data_87_V_read  |  in |    8|   ap_none  |                                  data_87_V_read                                  |    scalar    |
|data_88_V_read  |  in |    8|   ap_none  |                                  data_88_V_read                                  |    scalar    |
|data_89_V_read  |  in |    8|   ap_none  |                                  data_89_V_read                                  |    scalar    |
|data_90_V_read  |  in |    8|   ap_none  |                                  data_90_V_read                                  |    scalar    |
|data_91_V_read  |  in |    8|   ap_none  |                                  data_91_V_read                                  |    scalar    |
|data_92_V_read  |  in |    8|   ap_none  |                                  data_92_V_read                                  |    scalar    |
|data_93_V_read  |  in |    8|   ap_none  |                                  data_93_V_read                                  |    scalar    |
|data_94_V_read  |  in |    8|   ap_none  |                                  data_94_V_read                                  |    scalar    |
|data_95_V_read  |  in |    8|   ap_none  |                                  data_95_V_read                                  |    scalar    |
|data_96_V_read  |  in |    8|   ap_none  |                                  data_96_V_read                                  |    scalar    |
|data_97_V_read  |  in |    8|   ap_none  |                                  data_97_V_read                                  |    scalar    |
|data_98_V_read  |  in |    8|   ap_none  |                                  data_98_V_read                                  |    scalar    |
|data_99_V_read  |  in |    8|   ap_none  |                                  data_99_V_read                                  |    scalar    |
+----------------+-----+-----+------------+----------------------------------------------------------------------------------+--------------+

