

================================================================
== Vivado HLS Report for 'pointwise_conv_1d_cl_ap_ufixed_ap_fixed_16_6_5_3_0_config16_s'
================================================================
* Date:           Wed Nov 15 18:38:05 2023

* Version:        2019.2 (Build 2704478 on Wed Nov 06 22:10:23 MST 2019)
* Project:        myproject_prj
* Solution:       solution1
* Product family: virtexuplus
* Target device:  xcu250-figd2104-2L-e


================================================================
== Performance Estimates
================================================================
+ Timing: 
    * Summary: 
    +--------+---------+----------+------------+
    |  Clock |  Target | Estimated| Uncertainty|
    +--------+---------+----------+------------+
    |ap_clk  | 5.00 ns | 3.430 ns |   0.62 ns  |
    +--------+---------+----------+------------+

+ Latency: 
    * Summary: 
    +---------+---------+----------+----------+-----+-----+---------+
    |  Latency (cycles) |  Latency (absolute) |  Interval | Pipeline|
    |   min   |   max   |    min   |    max   | min | max |   Type  |
    +---------+---------+----------+----------+-----+-----+---------+
    |        0|        0|   0 ns   |   0 ns   |    0|    0|   none  |
    +---------+---------+----------+----------+-----+-----+---------+

    + Detail: 
        * Instance: 
        +---------------------------------------------------------------------------------------------------+----------------------------------------------------------------------------------+---------+---------+----------+----------+-----+-----+----------+
        |                                                                                                   |                                                                                  |  Latency (cycles) |  Latency (absolute) |  Interval | Pipeline |
        |                                              Instance                                             |                                      Module                                      |   min   |   max   |    min   |    max   | min | max |   Type   |
        +---------------------------------------------------------------------------------------------------+----------------------------------------------------------------------------------+---------+---------+----------+----------+-----+-----+----------+
        |call_ret1_pointwise_conv_1d_latency_cl_0_0_0_0_0_0_0_0_0_0_0_0_0_0_0_0_0_0_0_0_0_0_0_0_0_0_fu_246  |pointwise_conv_1d_latency_cl_0_0_0_0_0_0_0_0_0_0_0_0_0_0_0_0_0_0_0_0_0_0_0_0_0_0  |        0|        0|   0 ns   |   0 ns   |    1|    1| function |
        |call_ret_pointwise_conv_1d_latency_cl_0_0_0_0_0_0_0_0_0_0_0_0_0_0_0_0_0_0_0_0_0_0_0_0_0_0_fu_280   |pointwise_conv_1d_latency_cl_0_0_0_0_0_0_0_0_0_0_0_0_0_0_0_0_0_0_0_0_0_0_0_0_0_0  |        0|        0|   0 ns   |   0 ns   |    1|    1| function |
        +---------------------------------------------------------------------------------------------------+----------------------------------------------------------------------------------+---------+---------+----------+----------+-----+-----+----------+

        * Loop: 
        N/A



================================================================
== Utilization Estimates
================================================================
* Summary: 
+---------------------+---------+-------+---------+---------+------+
|         Name        | BRAM_18K| DSP48E|    FF   |   LUT   | URAM |
+---------------------+---------+-------+---------+---------+------+
|DSP                  |        -|      -|        -|        -|     -|
|Expression           |        -|      -|        0|        2|     -|
|FIFO                 |        -|      -|        -|        -|     -|
|Instance             |        -|      0|        0|     2600|     -|
|Memory               |        -|      -|        -|        -|     -|
|Multiplexer          |        -|      -|        -|        9|     -|
|Register             |        -|      -|        2|        -|     -|
+---------------------+---------+-------+---------+---------+------+
|Total                |        0|      0|        2|     2611|     0|
+---------------------+---------+-------+---------+---------+------+
|Available SLR        |     1344|   3072|   864000|   432000|   320|
+---------------------+---------+-------+---------+---------+------+
|Utilization SLR (%)  |        0|      0|    ~0   |    ~0   |     0|
+---------------------+---------+-------+---------+---------+------+
|Available            |     5376|  12288|  3456000|  1728000|  1280|
+---------------------+---------+-------+---------+---------+------+
|Utilization (%)      |        0|      0|    ~0   |    ~0   |     0|
+---------------------+---------+-------+---------+---------+------+

+ Detail: 
    * Instance: 
    +---------------------------------------------------------------------------------------------------+----------------------------------------------------------------------------------+---------+-------+---+------+-----+
    |                                              Instance                                             |                                      Module                                      | BRAM_18K| DSP48E| FF|  LUT | URAM|
    +---------------------------------------------------------------------------------------------------+----------------------------------------------------------------------------------+---------+-------+---+------+-----+
    |call_ret1_pointwise_conv_1d_latency_cl_0_0_0_0_0_0_0_0_0_0_0_0_0_0_0_0_0_0_0_0_0_0_0_0_0_0_fu_246  |pointwise_conv_1d_latency_cl_0_0_0_0_0_0_0_0_0_0_0_0_0_0_0_0_0_0_0_0_0_0_0_0_0_0  |        0|      0|  0|  1300|    0|
    |call_ret_pointwise_conv_1d_latency_cl_0_0_0_0_0_0_0_0_0_0_0_0_0_0_0_0_0_0_0_0_0_0_0_0_0_0_fu_280   |pointwise_conv_1d_latency_cl_0_0_0_0_0_0_0_0_0_0_0_0_0_0_0_0_0_0_0_0_0_0_0_0_0_0  |        0|      0|  0|  1300|    0|
    +---------------------------------------------------------------------------------------------------+----------------------------------------------------------------------------------+---------+-------+---+------+-----+
    |Total                                                                                              |                                                                                  |        0|      0|  0|  2600|    0|
    +---------------------------------------------------------------------------------------------------+----------------------------------------------------------------------------------+---------+-------+---+------+-----+

    * DSP48E: 
    N/A

    * Memory: 
    N/A

    * FIFO: 
    N/A

    * Expression: 
    +-----------------+----------+-------+---+----+------------+------------+
    |  Variable Name  | Operation| DSP48E| FF| LUT| Bitwidth P0| Bitwidth P1|
    +-----------------+----------+-------+---+----+------------+------------+
    |ap_block_state1  |    or    |      0|  0|   2|           1|           1|
    +-----------------+----------+-------+---+----+------------+------------+
    |Total            |          |      0|  0|   2|           1|           1|
    +-----------------+----------+-------+---+----+------------+------------+

    * Multiplexer: 
    +---------+----+-----------+-----+-----------+
    |   Name  | LUT| Input Size| Bits| Total Bits|
    +---------+----+-----------+-----+-----------+
    |ap_done  |   9|          2|    1|          2|
    +---------+----+-----------+-----+-----------+
    |Total    |   9|          2|    1|          2|
    +---------+----+-----------+-----+-----------+

    * Register: 
    +-------------+---+----+-----+-----------+
    |     Name    | FF| LUT| Bits| Const Bits|
    +-------------+---+----+-----+-----------+
    |ap_CS_fsm    |  1|   0|    1|          0|
    |ap_done_reg  |  1|   0|    1|          0|
    +-------------+---+----+-----+-----------+
    |Total        |  2|   0|    2|          0|
    +-------------+---+----+-----+-----------+



================================================================
== Interface
================================================================
* Summary: 
+----------------+-----+-----+------------+---------------------------------------------------------------+--------------+
|    RTL Ports   | Dir | Bits|  Protocol  |                         Source Object                         |    C Type    |
+----------------+-----+-----+------------+---------------------------------------------------------------+--------------+
|ap_clk          |  in |    1| ap_ctrl_hs | pointwise_conv_1d_cl<ap_ufixed,ap_fixed<16,6,5,3,0>,config16> | return value |
|ap_rst          |  in |    1| ap_ctrl_hs | pointwise_conv_1d_cl<ap_ufixed,ap_fixed<16,6,5,3,0>,config16> | return value |
|ap_start        |  in |    1| ap_ctrl_hs | pointwise_conv_1d_cl<ap_ufixed,ap_fixed<16,6,5,3,0>,config16> | return value |
|ap_done         | out |    1| ap_ctrl_hs | pointwise_conv_1d_cl<ap_ufixed,ap_fixed<16,6,5,3,0>,config16> | return value |
|ap_continue     |  in |    1| ap_ctrl_hs | pointwise_conv_1d_cl<ap_ufixed,ap_fixed<16,6,5,3,0>,config16> | return value |
|ap_idle         | out |    1| ap_ctrl_hs | pointwise_conv_1d_cl<ap_ufixed,ap_fixed<16,6,5,3,0>,config16> | return value |
|ap_ready        | out |    1| ap_ctrl_hs | pointwise_conv_1d_cl<ap_ufixed,ap_fixed<16,6,5,3,0>,config16> | return value |
|ap_return_0     | out |   16| ap_ctrl_hs | pointwise_conv_1d_cl<ap_ufixed,ap_fixed<16,6,5,3,0>,config16> | return value |
|ap_return_1     | out |   16| ap_ctrl_hs | pointwise_conv_1d_cl<ap_ufixed,ap_fixed<16,6,5,3,0>,config16> | return value |
|ap_return_2     | out |   16| ap_ctrl_hs | pointwise_conv_1d_cl<ap_ufixed,ap_fixed<16,6,5,3,0>,config16> | return value |
|ap_return_3     | out |   16| ap_ctrl_hs | pointwise_conv_1d_cl<ap_ufixed,ap_fixed<16,6,5,3,0>,config16> | return value |
|ap_return_4     | out |   16| ap_ctrl_hs | pointwise_conv_1d_cl<ap_ufixed,ap_fixed<16,6,5,3,0>,config16> | return value |
|ap_return_5     | out |   16| ap_ctrl_hs | pointwise_conv_1d_cl<ap_ufixed,ap_fixed<16,6,5,3,0>,config16> | return value |
|ap_return_6     | out |   16| ap_ctrl_hs | pointwise_conv_1d_cl<ap_ufixed,ap_fixed<16,6,5,3,0>,config16> | return value |
|ap_return_7     | out |   16| ap_ctrl_hs | pointwise_conv_1d_cl<ap_ufixed,ap_fixed<16,6,5,3,0>,config16> | return value |
|ap_return_8     | out |   16| ap_ctrl_hs | pointwise_conv_1d_cl<ap_ufixed,ap_fixed<16,6,5,3,0>,config16> | return value |
|ap_return_9     | out |   16| ap_ctrl_hs | pointwise_conv_1d_cl<ap_ufixed,ap_fixed<16,6,5,3,0>,config16> | return value |
|ap_return_10    | out |   16| ap_ctrl_hs | pointwise_conv_1d_cl<ap_ufixed,ap_fixed<16,6,5,3,0>,config16> | return value |
|ap_return_11    | out |   16| ap_ctrl_hs | pointwise_conv_1d_cl<ap_ufixed,ap_fixed<16,6,5,3,0>,config16> | return value |
|ap_return_12    | out |   16| ap_ctrl_hs | pointwise_conv_1d_cl<ap_ufixed,ap_fixed<16,6,5,3,0>,config16> | return value |
|ap_return_13    | out |   16| ap_ctrl_hs | pointwise_conv_1d_cl<ap_ufixed,ap_fixed<16,6,5,3,0>,config16> | return value |
|ap_return_14    | out |   16| ap_ctrl_hs | pointwise_conv_1d_cl<ap_ufixed,ap_fixed<16,6,5,3,0>,config16> | return value |
|ap_return_15    | out |   16| ap_ctrl_hs | pointwise_conv_1d_cl<ap_ufixed,ap_fixed<16,6,5,3,0>,config16> | return value |
|ap_return_16    | out |   16| ap_ctrl_hs | pointwise_conv_1d_cl<ap_ufixed,ap_fixed<16,6,5,3,0>,config16> | return value |
|ap_return_17    | out |   16| ap_ctrl_hs | pointwise_conv_1d_cl<ap_ufixed,ap_fixed<16,6,5,3,0>,config16> | return value |
|ap_return_18    | out |   16| ap_ctrl_hs | pointwise_conv_1d_cl<ap_ufixed,ap_fixed<16,6,5,3,0>,config16> | return value |
|ap_return_19    | out |   16| ap_ctrl_hs | pointwise_conv_1d_cl<ap_ufixed,ap_fixed<16,6,5,3,0>,config16> | return value |
|ap_return_20    | out |   16| ap_ctrl_hs | pointwise_conv_1d_cl<ap_ufixed,ap_fixed<16,6,5,3,0>,config16> | return value |
|ap_return_21    | out |   16| ap_ctrl_hs | pointwise_conv_1d_cl<ap_ufixed,ap_fixed<16,6,5,3,0>,config16> | return value |
|ap_return_22    | out |   16| ap_ctrl_hs | pointwise_conv_1d_cl<ap_ufixed,ap_fixed<16,6,5,3,0>,config16> | return value |
|ap_return_23    | out |   16| ap_ctrl_hs | pointwise_conv_1d_cl<ap_ufixed,ap_fixed<16,6,5,3,0>,config16> | return value |
|ap_return_24    | out |   16| ap_ctrl_hs | pointwise_conv_1d_cl<ap_ufixed,ap_fixed<16,6,5,3,0>,config16> | return value |
|ap_return_25    | out |   16| ap_ctrl_hs | pointwise_conv_1d_cl<ap_ufixed,ap_fixed<16,6,5,3,0>,config16> | return value |
|ap_return_26    | out |   16| ap_ctrl_hs | pointwise_conv_1d_cl<ap_ufixed,ap_fixed<16,6,5,3,0>,config16> | return value |
|ap_return_27    | out |   16| ap_ctrl_hs | pointwise_conv_1d_cl<ap_ufixed,ap_fixed<16,6,5,3,0>,config16> | return value |
|ap_return_28    | out |   16| ap_ctrl_hs | pointwise_conv_1d_cl<ap_ufixed,ap_fixed<16,6,5,3,0>,config16> | return value |
|ap_return_29    | out |   16| ap_ctrl_hs | pointwise_conv_1d_cl<ap_ufixed,ap_fixed<16,6,5,3,0>,config16> | return value |
|data_2_V_read   |  in |    8|   ap_none  |                         data_2_V_read                         |    scalar    |
|data_6_V_read   |  in |    8|   ap_none  |                         data_6_V_read                         |    scalar    |
|data_7_V_read   |  in |    8|   ap_none  |                         data_7_V_read                         |    scalar    |
|data_12_V_read  |  in |    8|   ap_none  |                         data_12_V_read                        |    scalar    |
|data_16_V_read  |  in |    8|   ap_none  |                         data_16_V_read                        |    scalar    |
|data_17_V_read  |  in |    8|   ap_none  |                         data_17_V_read                        |    scalar    |
|data_22_V_read  |  in |    8|   ap_none  |                         data_22_V_read                        |    scalar    |
|data_26_V_read  |  in |    8|   ap_none  |                         data_26_V_read                        |    scalar    |
|data_27_V_read  |  in |    8|   ap_none  |                         data_27_V_read                        |    scalar    |
|data_32_V_read  |  in |    8|   ap_none  |                         data_32_V_read                        |    scalar    |
|data_36_V_read  |  in |    8|   ap_none  |                         data_36_V_read                        |    scalar    |
|data_37_V_read  |  in |    8|   ap_none  |                         data_37_V_read                        |    scalar    |
|data_42_V_read  |  in |    8|   ap_none  |                         data_42_V_read                        |    scalar    |
|data_46_V_read  |  in |    8|   ap_none  |                         data_46_V_read                        |    scalar    |
|data_47_V_read  |  in |    8|   ap_none  |                         data_47_V_read                        |    scalar    |
|data_52_V_read  |  in |    8|   ap_none  |                         data_52_V_read                        |    scalar    |
|data_56_V_read  |  in |    8|   ap_none  |                         data_56_V_read                        |    scalar    |
|data_57_V_read  |  in |    8|   ap_none  |                         data_57_V_read                        |    scalar    |
|data_62_V_read  |  in |    8|   ap_none  |                         data_62_V_read                        |    scalar    |
|data_66_V_read  |  in |    8|   ap_none  |                         data_66_V_read                        |    scalar    |
|data_67_V_read  |  in |    8|   ap_none  |                         data_67_V_read                        |    scalar    |
|data_72_V_read  |  in |    8|   ap_none  |                         data_72_V_read                        |    scalar    |
|data_76_V_read  |  in |    8|   ap_none  |                         data_76_V_read                        |    scalar    |
|data_77_V_read  |  in |    8|   ap_none  |                         data_77_V_read                        |    scalar    |
|data_82_V_read  |  in |    8|   ap_none  |                         data_82_V_read                        |    scalar    |
|data_86_V_read  |  in |    8|   ap_none  |                         data_86_V_read                        |    scalar    |
|data_87_V_read  |  in |    8|   ap_none  |                         data_87_V_read                        |    scalar    |
|data_92_V_read  |  in |    8|   ap_none  |                         data_92_V_read                        |    scalar    |
|data_96_V_read  |  in |    8|   ap_none  |                         data_96_V_read                        |    scalar    |
|data_97_V_read  |  in |    8|   ap_none  |                         data_97_V_read                        |    scalar    |
+----------------+-----+-----+------------+---------------------------------------------------------------+--------------+

