

================================================================
== Vivado HLS Report for 'pointwise_conv_1d_latency_cl_0_0_0_0_0_0_0_0_0_0_0_0_0_0_0_0_0_0_0_0_0_0_0_0_0_0_1'
================================================================
* Date:           Wed Nov 15 18:38:00 2023

* Version:        2019.2 (Build 2704478 on Wed Nov 06 22:10:23 MST 2019)
* Project:        myproject_prj
* Solution:       solution1
* Product family: virtexuplus
* Target device:  xcu250-figd2104-2L-e


================================================================
== Performance Estimates
================================================================
+ Timing: 
    * Summary: 
    +--------+---------+----------+------------+
    |  Clock |  Target | Estimated| Uncertainty|
    +--------+---------+----------+------------+
    |ap_clk  | 5.00 ns | 3.511 ns |   0.62 ns  |
    +--------+---------+----------+------------+

+ Latency: 
    * Summary: 
    +---------+---------+----------+----------+-----+-----+----------+
    |  Latency (cycles) |  Latency (absolute) |  Interval | Pipeline |
    |   min   |   max   |    min   |    max   | min | max |   Type   |
    +---------+---------+----------+----------+-----+-----+----------+
    |        0|        0|   0 ns   |   0 ns   |    1|    1| function |
    +---------+---------+----------+----------+-----+-----+----------+

    + Detail: 
        * Instance: 
        N/A

        * Loop: 
        N/A



================================================================
== Utilization Estimates
================================================================
* Summary: 
+---------------------+---------+-------+---------+---------+------+
|         Name        | BRAM_18K| DSP48E|    FF   |   LUT   | URAM |
+---------------------+---------+-------+---------+---------+------+
|DSP                  |        -|      -|        -|        -|     -|
|Expression           |        -|      0|        0|     3915|     -|
|FIFO                 |        -|      -|        -|        -|     -|
|Instance             |        -|      -|        -|        -|     -|
|Memory               |        -|      -|        -|        -|     -|
|Multiplexer          |        -|      -|        -|        -|     -|
|Register             |        -|      -|        -|        -|     -|
+---------------------+---------+-------+---------+---------+------+
|Total                |        0|      0|        0|     3915|     0|
+---------------------+---------+-------+---------+---------+------+
|Available SLR        |     1344|   3072|   864000|   432000|   320|
+---------------------+---------+-------+---------+---------+------+
|Utilization SLR (%)  |        0|      0|        0|    ~0   |     0|
+---------------------+---------+-------+---------+---------+------+
|Available            |     5376|  12288|  3456000|  1728000|  1280|
+---------------------+---------+-------+---------+---------+------+
|Utilization (%)      |        0|      0|        0|    ~0   |     0|
+---------------------+---------+-------+---------+---------+------+

+ Detail: 
    * Instance: 
    N/A

    * DSP48E: 
    N/A

    * Memory: 
    N/A

    * FIFO: 
    N/A

    * Expression: 
    +---------------------------+----------+-------+---+----+------------+------------+
    |       Variable Name       | Operation| DSP48E| FF| LUT| Bitwidth P0| Bitwidth P1|
    +---------------------------+----------+-------+---+----+------------+------------+
    |mul_ln1118_10_fu_694_p2    |     *    |      0|  0|  62|          10|           5|
    |mul_ln1118_11_fu_606_p2    |     *    |      0|  0|  62|          10|           5|
    |mul_ln1118_12_fu_750_p2    |     *    |      0|  0|  62|          10|           4|
    |mul_ln1118_13_fu_735_p2    |     *    |      0|  0|  62|          10|           5|
    |mul_ln1118_14_fu_612_p2    |     *    |      0|  0|  62|          10|           5|
    |mul_ln1118_15_fu_705_p2    |     *    |      0|  0|  62|          10|           5|
    |mul_ln1118_16_fu_808_p2    |     *    |      0|  0|  62|          10|           4|
    |mul_ln1118_17_fu_724_p2    |     *    |      0|  0|  62|          10|           5|
    |mul_ln1118_18_fu_685_p2    |     *    |      0|  0|  62|          10|           5|
    |mul_ln1118_19_fu_592_p2    |     *    |      0|  0|  62|          10|           5|
    |mul_ln1118_1_fu_595_p2     |     *    |      0|  0|  62|          10|           5|
    |mul_ln1118_2_fu_575_p2     |     *    |      0|  0|  62|          10|           5|
    |mul_ln1118_3_fu_549_p2     |     *    |      0|  0|  62|          10|           5|
    |mul_ln1118_4_fu_859_p2     |     *    |      0|  0|  62|          10|           4|
    |mul_ln1118_5_fu_574_p2     |     *    |      0|  0|  62|          10|           5|
    |mul_ln1118_6_fu_548_p2     |     *    |      0|  0|  62|          10|           5|
    |mul_ln1118_7_fu_560_p2     |     *    |      0|  0|  62|          10|           5|
    |mul_ln1118_8_fu_794_p2     |     *    |      0|  0|  62|          10|           4|
    |mul_ln1118_9_fu_725_p2     |     *    |      0|  0|  62|          10|           5|
    |mul_ln1118_fu_734_p2       |     *    |      0|  0|  62|          10|           4|
    |acc_0_2_V_fu_32105_p2      |     +    |      0|  0|  16|          16|          16|
    |acc_0_6_V_fu_32179_p2      |     +    |      0|  0|  18|          16|          16|
    |acc_0_7_V_fu_32211_p2      |     +    |      0|  0|  18|          15|          15|
    |acc_1_2_V_fu_32277_p2      |     +    |      0|  0|  16|          16|          16|
    |acc_1_6_V_fu_32351_p2      |     +    |      0|  0|  18|          16|          16|
    |acc_1_7_V_fu_32383_p2      |     +    |      0|  0|  18|          15|          15|
    |acc_2_2_V_fu_32449_p2      |     +    |      0|  0|  16|          16|          16|
    |acc_2_6_V_fu_32523_p2      |     +    |      0|  0|  18|          16|          16|
    |acc_2_7_V_fu_32555_p2      |     +    |      0|  0|  18|          15|          15|
    |acc_3_2_V_fu_32621_p2      |     +    |      0|  0|  16|          16|          16|
    |acc_3_6_V_fu_32695_p2      |     +    |      0|  0|  18|          16|          16|
    |acc_3_7_V_fu_32727_p2      |     +    |      0|  0|  18|          15|          15|
    |acc_4_2_V_fu_32793_p2      |     +    |      0|  0|  16|          16|          16|
    |acc_4_6_V_fu_32867_p2      |     +    |      0|  0|  18|          16|          16|
    |acc_4_7_V_fu_32899_p2      |     +    |      0|  0|  18|          15|          15|
    |add_ln1118_1_fu_29913_p2   |     +    |      0|  0|  14|          14|          14|
    |add_ln1118_2_fu_30521_p2   |     +    |      0|  0|  14|          14|          14|
    |add_ln1118_3_fu_31129_p2   |     +    |      0|  0|  14|          14|          14|
    |add_ln1118_4_fu_31737_p2   |     +    |      0|  0|  14|          14|          14|
    |add_ln1118_fu_29305_p2     |     +    |      0|  0|  14|          14|          14|
    |add_ln703_100_fu_32837_p2  |     +    |      0|  0|  11|          11|          11|
    |add_ln703_101_fu_32847_p2  |     +    |      0|  0|  13|          13|          13|
    |add_ln703_102_fu_32857_p2  |     +    |      0|  0|  15|          15|          15|
    |add_ln703_104_fu_32873_p2  |     +    |      0|  0|  14|          14|           8|
    |add_ln703_105_fu_32883_p2  |     +    |      0|  0|  18|          15|          15|
    |add_ln703_106_fu_32889_p2  |     +    |      0|  0|  12|          12|          12|
    |add_ln703_10_fu_32065_p2   |     +    |      0|  0|  18|          15|          15|
    |add_ln703_11_fu_32075_p2   |     +    |      0|  0|  12|          12|          12|
    |add_ln703_12_fu_32085_p2   |     +    |      0|  0|  11|          11|           9|
    |add_ln703_13_fu_32095_p2   |     +    |      0|  0|  13|          13|          13|
    |add_ln703_15_fu_32111_p2   |     +    |      0|  0|  16|          16|          16|
    |add_ln703_16_fu_32117_p2   |     +    |      0|  0|  15|          15|          15|
    |add_ln703_17_fu_32127_p2   |     +    |      0|  0|  16|          16|          16|
    |add_ln703_18_fu_32133_p2   |     +    |      0|  0|  18|          16|          16|
    |add_ln703_19_fu_32139_p2   |     +    |      0|  0|  14|          14|          14|
    |add_ln703_20_fu_32149_p2   |     +    |      0|  0|  11|          11|          11|
    |add_ln703_21_fu_32159_p2   |     +    |      0|  0|  13|          13|          13|
    |add_ln703_22_fu_32169_p2   |     +    |      0|  0|  15|          15|          15|
    |add_ln703_24_fu_32185_p2   |     +    |      0|  0|  14|          14|           8|
    |add_ln703_25_fu_32195_p2   |     +    |      0|  0|  18|          15|          15|
    |add_ln703_26_fu_32201_p2   |     +    |      0|  0|  12|          12|          12|
    |add_ln703_28_fu_32221_p2   |     +    |      0|  0|  18|          15|          15|
    |add_ln703_29_fu_32227_p2   |     +    |      0|  0|  13|          13|          13|
    |add_ln703_30_fu_32237_p2   |     +    |      0|  0|  18|          15|          15|
    |add_ln703_31_fu_32247_p2   |     +    |      0|  0|  12|          12|          12|
    |add_ln703_32_fu_32257_p2   |     +    |      0|  0|  11|          11|           9|
    |add_ln703_33_fu_32267_p2   |     +    |      0|  0|  13|          13|          13|
    |add_ln703_35_fu_32283_p2   |     +    |      0|  0|  16|          16|          16|
    |add_ln703_36_fu_32289_p2   |     +    |      0|  0|  15|          15|          15|
    |add_ln703_37_fu_32299_p2   |     +    |      0|  0|  16|          16|          16|
    |add_ln703_38_fu_32305_p2   |     +    |      0|  0|  18|          16|          16|
    |add_ln703_39_fu_32311_p2   |     +    |      0|  0|  14|          14|          14|
    |add_ln703_40_fu_32321_p2   |     +    |      0|  0|  11|          11|          11|
    |add_ln703_41_fu_32331_p2   |     +    |      0|  0|  13|          13|          13|
    |add_ln703_42_fu_32341_p2   |     +    |      0|  0|  15|          15|          15|
    |add_ln703_44_fu_32357_p2   |     +    |      0|  0|  14|          14|           8|
    |add_ln703_45_fu_32367_p2   |     +    |      0|  0|  18|          15|          15|
    |add_ln703_46_fu_32373_p2   |     +    |      0|  0|  12|          12|          12|
    |add_ln703_48_fu_32393_p2   |     +    |      0|  0|  18|          15|          15|
    |add_ln703_49_fu_32399_p2   |     +    |      0|  0|  13|          13|          13|
    |add_ln703_50_fu_32409_p2   |     +    |      0|  0|  18|          15|          15|
    |add_ln703_51_fu_32419_p2   |     +    |      0|  0|  12|          12|          12|
    |add_ln703_52_fu_32429_p2   |     +    |      0|  0|  11|          11|           9|
    |add_ln703_53_fu_32439_p2   |     +    |      0|  0|  13|          13|          13|
    |add_ln703_55_fu_32455_p2   |     +    |      0|  0|  16|          16|          16|
    |add_ln703_56_fu_32461_p2   |     +    |      0|  0|  15|          15|          15|
    |add_ln703_57_fu_32471_p2   |     +    |      0|  0|  16|          16|          16|
    |add_ln703_58_fu_32477_p2   |     +    |      0|  0|  18|          16|          16|
    |add_ln703_59_fu_32483_p2   |     +    |      0|  0|  14|          14|          14|
    |add_ln703_60_fu_32493_p2   |     +    |      0|  0|  11|          11|          11|
    |add_ln703_61_fu_32503_p2   |     +    |      0|  0|  13|          13|          13|
    |add_ln703_62_fu_32513_p2   |     +    |      0|  0|  15|          15|          15|
    |add_ln703_64_fu_32529_p2   |     +    |      0|  0|  14|          14|           8|
    |add_ln703_65_fu_32539_p2   |     +    |      0|  0|  18|          15|          15|
    |add_ln703_66_fu_32545_p2   |     +    |      0|  0|  12|          12|          12|
    |add_ln703_68_fu_32565_p2   |     +    |      0|  0|  18|          15|          15|
    |add_ln703_69_fu_32571_p2   |     +    |      0|  0|  13|          13|          13|
    |add_ln703_70_fu_32581_p2   |     +    |      0|  0|  18|          15|          15|
    |add_ln703_71_fu_32591_p2   |     +    |      0|  0|  12|          12|          12|
    |add_ln703_72_fu_32601_p2   |     +    |      0|  0|  11|          11|           9|
    |add_ln703_73_fu_32611_p2   |     +    |      0|  0|  13|          13|          13|
    |add_ln703_75_fu_32627_p2   |     +    |      0|  0|  16|          16|          16|
    |add_ln703_76_fu_32633_p2   |     +    |      0|  0|  15|          15|          15|
    |add_ln703_77_fu_32643_p2   |     +    |      0|  0|  16|          16|          16|
    |add_ln703_78_fu_32649_p2   |     +    |      0|  0|  18|          16|          16|
    |add_ln703_79_fu_32655_p2   |     +    |      0|  0|  14|          14|          14|
    |add_ln703_80_fu_32665_p2   |     +    |      0|  0|  11|          11|          11|
    |add_ln703_81_fu_32675_p2   |     +    |      0|  0|  13|          13|          13|
    |add_ln703_82_fu_32685_p2   |     +    |      0|  0|  15|          15|          15|
    |add_ln703_84_fu_32701_p2   |     +    |      0|  0|  14|          14|           8|
    |add_ln703_85_fu_32711_p2   |     +    |      0|  0|  18|          15|          15|
    |add_ln703_86_fu_32717_p2   |     +    |      0|  0|  12|          12|          12|
    |add_ln703_88_fu_32737_p2   |     +    |      0|  0|  18|          15|          15|
    |add_ln703_89_fu_32743_p2   |     +    |      0|  0|  13|          13|          13|
    |add_ln703_90_fu_32753_p2   |     +    |      0|  0|  18|          15|          15|
    |add_ln703_91_fu_32763_p2   |     +    |      0|  0|  12|          12|          12|
    |add_ln703_92_fu_32773_p2   |     +    |      0|  0|  11|          11|           9|
    |add_ln703_93_fu_32783_p2   |     +    |      0|  0|  13|          13|          13|
    |add_ln703_95_fu_32799_p2   |     +    |      0|  0|  16|          16|          16|
    |add_ln703_96_fu_32805_p2   |     +    |      0|  0|  15|          15|          15|
    |add_ln703_97_fu_32815_p2   |     +    |      0|  0|  16|          16|          16|
    |add_ln703_98_fu_32821_p2   |     +    |      0|  0|  18|          16|          16|
    |add_ln703_99_fu_32827_p2   |     +    |      0|  0|  14|          14|          14|
    |add_ln703_9_fu_32055_p2    |     +    |      0|  0|  13|          13|          13|
    |add_ln703_fu_32049_p2      |     +    |      0|  0|  18|          15|          15|
    |sub_ln1118_10_fu_29435_p2  |     -    |      0|  0|  14|          14|          14|
    |sub_ln1118_11_fu_29467_p2  |     -    |      0|  0|  14|          14|          14|
    |sub_ln1118_12_fu_29487_p2  |     -    |      0|  0|  11|           1|          11|
    |sub_ln1118_13_fu_29673_p2  |     -    |      0|  0|  11|           1|          11|
    |sub_ln1118_14_fu_29725_p2  |     -    |      0|  0|  11|           1|          11|
    |sub_ln1118_15_fu_29947_p2  |     -    |      0|  0|  11|           1|          11|
    |sub_ln1118_16_fu_30095_p2  |     -    |      0|  0|  11|           1|          11|
    |sub_ln1118_17_fu_30281_p2  |     -    |      0|  0|  11|           1|          11|
    |sub_ln1118_18_fu_30333_p2  |     -    |      0|  0|  11|           1|          11|
    |sub_ln1118_19_fu_30555_p2  |     -    |      0|  0|  11|           1|          11|
    |sub_ln1118_1_fu_29097_p2   |     -    |      0|  0|  13|          13|          13|
    |sub_ln1118_20_fu_30703_p2  |     -    |      0|  0|  11|           1|          11|
    |sub_ln1118_21_fu_30889_p2  |     -    |      0|  0|  11|           1|          11|
    |sub_ln1118_22_fu_30941_p2  |     -    |      0|  0|  11|           1|          11|
    |sub_ln1118_23_fu_31163_p2  |     -    |      0|  0|  11|           1|          11|
    |sub_ln1118_24_fu_31311_p2  |     -    |      0|  0|  11|           1|          11|
    |sub_ln1118_25_fu_31497_p2  |     -    |      0|  0|  11|           1|          11|
    |sub_ln1118_26_fu_31549_p2  |     -    |      0|  0|  11|           1|          11|
    |sub_ln1118_27_fu_31771_p2  |     -    |      0|  0|  11|           1|          11|
    |sub_ln1118_28_fu_31919_p2  |     -    |      0|  0|  11|           1|          11|
    |sub_ln1118_29_fu_29519_p2  |     -    |      0|  0|  18|           1|          13|
    |sub_ln1118_2_fu_29117_p2   |     -    |      0|  0|  11|           1|          11|
    |sub_ln1118_30_fu_29525_p2  |     -    |      0|  0|  18|          13|          13|
    |sub_ln1118_31_fu_29583_p2  |     -    |      0|  0|  12|           1|          12|
    |sub_ln1118_32_fu_29705_p2  |     -    |      0|  0|  13|          13|          13|
    |sub_ln1118_33_fu_29757_p2  |     -    |      0|  0|  12|           1|          12|
    |sub_ln1118_34_fu_29805_p2  |     -    |      0|  0|  15|          15|          15|
    |sub_ln1118_35_fu_29837_p2  |     -    |      0|  0|  12|           1|          12|
    |sub_ln1118_36_fu_29869_p2  |     -    |      0|  0|  14|          14|          14|
    |sub_ln1118_37_fu_29979_p2  |     -    |      0|  0|  18|           1|          15|
    |sub_ln1118_38_fu_29997_p2  |     -    |      0|  0|  18|          15|          15|
    |sub_ln1118_39_fu_30043_p2  |     -    |      0|  0|  14|          14|          14|
    |sub_ln1118_3_fu_29149_p2   |     -    |      0|  0|  12|           1|          12|
    |sub_ln1118_40_fu_30075_p2  |     -    |      0|  0|  14|          14|          14|
    |sub_ln1118_41_fu_30127_p2  |     -    |      0|  0|  18|           1|          13|
    |sub_ln1118_42_fu_30133_p2  |     -    |      0|  0|  18|          13|          13|
    |sub_ln1118_43_fu_30191_p2  |     -    |      0|  0|  12|           1|          12|
    |sub_ln1118_44_fu_30313_p2  |     -    |      0|  0|  13|          13|          13|
    |sub_ln1118_45_fu_30365_p2  |     -    |      0|  0|  12|           1|          12|
    |sub_ln1118_46_fu_30413_p2  |     -    |      0|  0|  15|          15|          15|
    |sub_ln1118_47_fu_30445_p2  |     -    |      0|  0|  12|           1|          12|
    |sub_ln1118_48_fu_30477_p2  |     -    |      0|  0|  14|          14|          14|
    |sub_ln1118_49_fu_30587_p2  |     -    |      0|  0|  18|           1|          15|
    |sub_ln1118_4_fu_29197_p2   |     -    |      0|  0|  15|          15|          15|
    |sub_ln1118_50_fu_30605_p2  |     -    |      0|  0|  18|          15|          15|
    |sub_ln1118_51_fu_30651_p2  |     -    |      0|  0|  14|          14|          14|
    |sub_ln1118_52_fu_30683_p2  |     -    |      0|  0|  14|          14|          14|
    |sub_ln1118_53_fu_30735_p2  |     -    |      0|  0|  18|           1|          13|
    |sub_ln1118_54_fu_30741_p2  |     -    |      0|  0|  18|          13|          13|
    |sub_ln1118_55_fu_30799_p2  |     -    |      0|  0|  12|           1|          12|
    |sub_ln1118_56_fu_30921_p2  |     -    |      0|  0|  13|          13|          13|
    |sub_ln1118_57_fu_30973_p2  |     -    |      0|  0|  12|           1|          12|
    |sub_ln1118_58_fu_31021_p2  |     -    |      0|  0|  15|          15|          15|
    |sub_ln1118_59_fu_31053_p2  |     -    |      0|  0|  12|           1|          12|
    |sub_ln1118_5_fu_29229_p2   |     -    |      0|  0|  12|           1|          12|
    |sub_ln1118_60_fu_31085_p2  |     -    |      0|  0|  14|          14|          14|
    |sub_ln1118_61_fu_31195_p2  |     -    |      0|  0|  18|           1|          15|
    |sub_ln1118_62_fu_31213_p2  |     -    |      0|  0|  18|          15|          15|
    |sub_ln1118_63_fu_31259_p2  |     -    |      0|  0|  14|          14|          14|
    |sub_ln1118_64_fu_31291_p2  |     -    |      0|  0|  14|          14|          14|
    |sub_ln1118_65_fu_31343_p2  |     -    |      0|  0|  18|           1|          13|
    |sub_ln1118_66_fu_31349_p2  |     -    |      0|  0|  18|          13|          13|
    |sub_ln1118_67_fu_31407_p2  |     -    |      0|  0|  12|           1|          12|
    |sub_ln1118_68_fu_31529_p2  |     -    |      0|  0|  13|          13|          13|
    |sub_ln1118_69_fu_31581_p2  |     -    |      0|  0|  12|           1|          12|
    |sub_ln1118_6_fu_29261_p2   |     -    |      0|  0|  14|          14|          14|
    |sub_ln1118_70_fu_31629_p2  |     -    |      0|  0|  15|          15|          15|
    |sub_ln1118_71_fu_31661_p2  |     -    |      0|  0|  12|           1|          12|
    |sub_ln1118_72_fu_31693_p2  |     -    |      0|  0|  14|          14|          14|
    |sub_ln1118_73_fu_31803_p2  |     -    |      0|  0|  18|           1|          15|
    |sub_ln1118_74_fu_31821_p2  |     -    |      0|  0|  18|          15|          15|
    |sub_ln1118_75_fu_31867_p2  |     -    |      0|  0|  14|          14|          14|
    |sub_ln1118_76_fu_31899_p2  |     -    |      0|  0|  14|          14|          14|
    |sub_ln1118_77_fu_31951_p2  |     -    |      0|  0|  18|           1|          13|
    |sub_ln1118_78_fu_31957_p2  |     -    |      0|  0|  18|          13|          13|
    |sub_ln1118_79_fu_32015_p2  |     -    |      0|  0|  12|           1|          12|
    |sub_ln1118_7_fu_29339_p2   |     -    |      0|  0|  11|           1|          11|
    |sub_ln1118_8_fu_29371_p2   |     -    |      0|  0|  18|           1|          15|
    |sub_ln1118_9_fu_29389_p2   |     -    |      0|  0|  18|          15|          15|
    |sub_ln1118_fu_29065_p2     |     -    |      0|  0|  11|           1|          11|
    +---------------------------+----------+-------+---+----+------------+------------+
    |Total                      |          |      0|  0|3915|        2220|        2570|
    +---------------------------+----------+-------+---+----+------------+------------+

    * Multiplexer: 
    N/A

    * Register: 
    N/A



================================================================
== Interface
================================================================
* Summary: 
+--------------+-----+-----+------------+------------------------------------------------------------------------------------+--------------+
|   RTL Ports  | Dir | Bits|  Protocol  |                                    Source Object                                   |    C Type    |
+--------------+-----+-----+------------+------------------------------------------------------------------------------------+--------------+
|ap_ready      | out |    1| ap_ctrl_hs | pointwise_conv_1d_latency_cl.0.0.0.0.0.0.0.0.0.0.0.0.0.0.0.0.0.0.0.0.0.0.0.0.0.0.1 | return value |
|ap_return_0   | out |   16| ap_ctrl_hs | pointwise_conv_1d_latency_cl.0.0.0.0.0.0.0.0.0.0.0.0.0.0.0.0.0.0.0.0.0.0.0.0.0.0.1 | return value |
|ap_return_1   | out |   16| ap_ctrl_hs | pointwise_conv_1d_latency_cl.0.0.0.0.0.0.0.0.0.0.0.0.0.0.0.0.0.0.0.0.0.0.0.0.0.0.1 | return value |
|ap_return_2   | out |   16| ap_ctrl_hs | pointwise_conv_1d_latency_cl.0.0.0.0.0.0.0.0.0.0.0.0.0.0.0.0.0.0.0.0.0.0.0.0.0.0.1 | return value |
|ap_return_3   | out |   16| ap_ctrl_hs | pointwise_conv_1d_latency_cl.0.0.0.0.0.0.0.0.0.0.0.0.0.0.0.0.0.0.0.0.0.0.0.0.0.0.1 | return value |
|ap_return_4   | out |   16| ap_ctrl_hs | pointwise_conv_1d_latency_cl.0.0.0.0.0.0.0.0.0.0.0.0.0.0.0.0.0.0.0.0.0.0.0.0.0.0.1 | return value |
|ap_return_5   | out |   16| ap_ctrl_hs | pointwise_conv_1d_latency_cl.0.0.0.0.0.0.0.0.0.0.0.0.0.0.0.0.0.0.0.0.0.0.0.0.0.0.1 | return value |
|ap_return_6   | out |   16| ap_ctrl_hs | pointwise_conv_1d_latency_cl.0.0.0.0.0.0.0.0.0.0.0.0.0.0.0.0.0.0.0.0.0.0.0.0.0.0.1 | return value |
|ap_return_7   | out |   16| ap_ctrl_hs | pointwise_conv_1d_latency_cl.0.0.0.0.0.0.0.0.0.0.0.0.0.0.0.0.0.0.0.0.0.0.0.0.0.0.1 | return value |
|ap_return_8   | out |   16| ap_ctrl_hs | pointwise_conv_1d_latency_cl.0.0.0.0.0.0.0.0.0.0.0.0.0.0.0.0.0.0.0.0.0.0.0.0.0.0.1 | return value |
|ap_return_9   | out |   16| ap_ctrl_hs | pointwise_conv_1d_latency_cl.0.0.0.0.0.0.0.0.0.0.0.0.0.0.0.0.0.0.0.0.0.0.0.0.0.0.1 | return value |
|ap_return_10  | out |   16| ap_ctrl_hs | pointwise_conv_1d_latency_cl.0.0.0.0.0.0.0.0.0.0.0.0.0.0.0.0.0.0.0.0.0.0.0.0.0.0.1 | return value |
|ap_return_11  | out |   16| ap_ctrl_hs | pointwise_conv_1d_latency_cl.0.0.0.0.0.0.0.0.0.0.0.0.0.0.0.0.0.0.0.0.0.0.0.0.0.0.1 | return value |
|ap_return_12  | out |   16| ap_ctrl_hs | pointwise_conv_1d_latency_cl.0.0.0.0.0.0.0.0.0.0.0.0.0.0.0.0.0.0.0.0.0.0.0.0.0.0.1 | return value |
|ap_return_13  | out |   16| ap_ctrl_hs | pointwise_conv_1d_latency_cl.0.0.0.0.0.0.0.0.0.0.0.0.0.0.0.0.0.0.0.0.0.0.0.0.0.0.1 | return value |
|ap_return_14  | out |   16| ap_ctrl_hs | pointwise_conv_1d_latency_cl.0.0.0.0.0.0.0.0.0.0.0.0.0.0.0.0.0.0.0.0.0.0.0.0.0.0.1 | return value |
|p_read        |  in |   10|   ap_none  |                                       p_read                                       |    scalar    |
|p_read1       |  in |   10|   ap_none  |                                       p_read1                                      |    scalar    |
|p_read2       |  in |   10|   ap_none  |                                       p_read2                                      |    scalar    |
|p_read3       |  in |   10|   ap_none  |                                       p_read3                                      |    scalar    |
|p_read4       |  in |   10|   ap_none  |                                       p_read4                                      |    scalar    |
|p_read5       |  in |   10|   ap_none  |                                       p_read5                                      |    scalar    |
|p_read6       |  in |   10|   ap_none  |                                       p_read6                                      |    scalar    |
|p_read7       |  in |   10|   ap_none  |                                       p_read7                                      |    scalar    |
|p_read8       |  in |   10|   ap_none  |                                       p_read8                                      |    scalar    |
|p_read9       |  in |   10|   ap_none  |                                       p_read9                                      |    scalar    |
|p_read10      |  in |   10|   ap_none  |                                      p_read10                                      |    scalar    |
|p_read11      |  in |   10|   ap_none  |                                      p_read11                                      |    scalar    |
|p_read12      |  in |   10|   ap_none  |                                      p_read12                                      |    scalar    |
|p_read13      |  in |   10|   ap_none  |                                      p_read13                                      |    scalar    |
|p_read14      |  in |   10|   ap_none  |                                      p_read14                                      |    scalar    |
|p_read15      |  in |   10|   ap_none  |                                      p_read15                                      |    scalar    |
|p_read16      |  in |   10|   ap_none  |                                      p_read16                                      |    scalar    |
|p_read17      |  in |   10|   ap_none  |                                      p_read17                                      |    scalar    |
|p_read18      |  in |   10|   ap_none  |                                      p_read18                                      |    scalar    |
|p_read19      |  in |   10|   ap_none  |                                      p_read19                                      |    scalar    |
|p_read20      |  in |   10|   ap_none  |                                      p_read20                                      |    scalar    |
|p_read21      |  in |   10|   ap_none  |                                      p_read21                                      |    scalar    |
|p_read22      |  in |   10|   ap_none  |                                      p_read22                                      |    scalar    |
|p_read23      |  in |   10|   ap_none  |                                      p_read23                                      |    scalar    |
|p_read24      |  in |   10|   ap_none  |                                      p_read24                                      |    scalar    |
|p_read25      |  in |   10|   ap_none  |                                      p_read25                                      |    scalar    |
|p_read26      |  in |   10|   ap_none  |                                      p_read26                                      |    scalar    |
|p_read27      |  in |   10|   ap_none  |                                      p_read27                                      |    scalar    |
|p_read28      |  in |   10|   ap_none  |                                      p_read28                                      |    scalar    |
|p_read29      |  in |   10|   ap_none  |                                      p_read29                                      |    scalar    |
|p_read30      |  in |   10|   ap_none  |                                      p_read30                                      |    scalar    |
|p_read31      |  in |   10|   ap_none  |                                      p_read31                                      |    scalar    |
|p_read32      |  in |   10|   ap_none  |                                      p_read32                                      |    scalar    |
|p_read33      |  in |   10|   ap_none  |                                      p_read33                                      |    scalar    |
|p_read34      |  in |   10|   ap_none  |                                      p_read34                                      |    scalar    |
|p_read35      |  in |   10|   ap_none  |                                      p_read35                                      |    scalar    |
|p_read36      |  in |   10|   ap_none  |                                      p_read36                                      |    scalar    |
|p_read37      |  in |   10|   ap_none  |                                      p_read37                                      |    scalar    |
|p_read38      |  in |   10|   ap_none  |                                      p_read38                                      |    scalar    |
|p_read39      |  in |   10|   ap_none  |                                      p_read39                                      |    scalar    |
|p_read40      |  in |   10|   ap_none  |                                      p_read40                                      |    scalar    |
|p_read41      |  in |   10|   ap_none  |                                      p_read41                                      |    scalar    |
|p_read42      |  in |   10|   ap_none  |                                      p_read42                                      |    scalar    |
|p_read43      |  in |   10|   ap_none  |                                      p_read43                                      |    scalar    |
|p_read44      |  in |   10|   ap_none  |                                      p_read44                                      |    scalar    |
|p_read45      |  in |   10|   ap_none  |                                      p_read45                                      |    scalar    |
|p_read46      |  in |   10|   ap_none  |                                      p_read46                                      |    scalar    |
|p_read47      |  in |   10|   ap_none  |                                      p_read47                                      |    scalar    |
|p_read48      |  in |   10|   ap_none  |                                      p_read48                                      |    scalar    |
|p_read49      |  in |   10|   ap_none  |                                      p_read49                                      |    scalar    |
|p_read50      |  in |   10|   ap_none  |                                      p_read50                                      |    scalar    |
|p_read51      |  in |   10|   ap_none  |                                      p_read51                                      |    scalar    |
|p_read52      |  in |   10|   ap_none  |                                      p_read52                                      |    scalar    |
|p_read53      |  in |   10|   ap_none  |                                      p_read53                                      |    scalar    |
|p_read54      |  in |   10|   ap_none  |                                      p_read54                                      |    scalar    |
+--------------+-----+-----+------------+------------------------------------------------------------------------------------+--------------+

