

================================================================
== Vivado HLS Report for 'pointwise_conv_1d_latency_cl_0_0_0_0_0_0_0_0_0_0_0_0_0_0_0_0_0_0_0_0_0_0_0_0_0_0'
================================================================
* Date:           Wed Nov 15 18:38:04 2023

* Version:        2019.2 (Build 2704478 on Wed Nov 06 22:10:23 MST 2019)
* Project:        myproject_prj
* Solution:       solution1
* Product family: virtexuplus
* Target device:  xcu250-figd2104-2L-e


================================================================
== Performance Estimates
================================================================
+ Timing: 
    * Summary: 
    +--------+---------+----------+------------+
    |  Clock |  Target | Estimated| Uncertainty|
    +--------+---------+----------+------------+
    |ap_clk  | 5.00 ns | 2.827 ns |   0.62 ns  |
    +--------+---------+----------+------------+

+ Latency: 
    * Summary: 
    +---------+---------+----------+----------+-----+-----+----------+
    |  Latency (cycles) |  Latency (absolute) |  Interval | Pipeline |
    |   min   |   max   |    min   |    max   | min | max |   Type   |
    +---------+---------+----------+----------+-----+-----+----------+
    |        0|        0|   0 ns   |   0 ns   |    1|    1| function |
    +---------+---------+----------+----------+-----+-----+----------+

    + Detail: 
        * Instance: 
        N/A

        * Loop: 
        N/A



================================================================
== Utilization Estimates
================================================================
* Summary: 
+---------------------+---------+-------+---------+---------+------+
|         Name        | BRAM_18K| DSP48E|    FF   |   LUT   | URAM |
+---------------------+---------+-------+---------+---------+------+
|DSP                  |        -|      -|        -|        -|     -|
|Expression           |        -|      0|        0|     1300|     -|
|FIFO                 |        -|      -|        -|        -|     -|
|Instance             |        -|      -|        -|        -|     -|
|Memory               |        -|      -|        -|        -|     -|
|Multiplexer          |        -|      -|        -|        -|     -|
|Register             |        -|      -|        -|        -|     -|
+---------------------+---------+-------+---------+---------+------+
|Total                |        0|      0|        0|     1300|     0|
+---------------------+---------+-------+---------+---------+------+
|Available SLR        |     1344|   3072|   864000|   432000|   320|
+---------------------+---------+-------+---------+---------+------+
|Utilization SLR (%)  |        0|      0|        0|    ~0   |     0|
+---------------------+---------+-------+---------+---------+------+
|Available            |     5376|  12288|  3456000|  1728000|  1280|
+---------------------+---------+-------+---------+---------+------+
|Utilization (%)      |        0|      0|        0|    ~0   |     0|
+---------------------+---------+-------+---------+---------+------+

+ Detail: 
    * Instance: 
    N/A

    * DSP48E: 
    N/A

    * Memory: 
    N/A

    * FIFO: 
    N/A

    * Expression: 
    +---------------------------+----------+-------+---+----+------------+------------+
    |       Variable Name       | Operation| DSP48E| FF| LUT| Bitwidth P0| Bitwidth P1|
    +---------------------------+----------+-------+---+----+------------+------------+
    |mul_ln1118_1_fu_306_p2     |     *    |      0|  0|  40|           8|           6|
    |mul_ln1118_2_fu_200_p2     |     *    |      0|  0|  40|           8|           6|
    |mul_ln1118_3_fu_197_p2     |     *    |      0|  0|  40|           8|           6|
    |mul_ln1118_4_fu_270_p2     |     *    |      0|  0|  40|           8|           6|
    |mul_ln1118_fu_184_p2       |     *    |      0|  0|  40|           8|           6|
    |mul_ln708_1_fu_298_p2      |     *    |      0|  0|  40|           8|           4|
    |mul_ln708_2_fu_319_p2      |     *    |      0|  0|  40|           8|           5|
    |mul_ln708_3_fu_222_p2      |     *    |      0|  0|  40|           8|           4|
    |mul_ln708_4_fu_276_p2      |     *    |      0|  0|  40|           8|           5|
    |mul_ln708_5_fu_295_p2      |     *    |      0|  0|  40|           8|           4|
    |mul_ln708_6_fu_307_p2      |     *    |      0|  0|  40|           8|           5|
    |mul_ln708_7_fu_219_p2      |     *    |      0|  0|  40|           8|           4|
    |mul_ln708_8_fu_290_p2      |     *    |      0|  0|  40|           8|           5|
    |mul_ln708_9_fu_213_p2      |     *    |      0|  0|  40|           8|           4|
    |mul_ln708_fu_327_p2        |     *    |      0|  0|  40|           8|           5|
    |acc_0_2_V_fu_16553_p2      |     +    |      0|  0|  12|          12|          12|
    |acc_0_3_V_fu_16579_p2      |     +    |      0|  0|  14|          14|          14|
    |acc_0_4_V_fu_16599_p2      |     +    |      0|  0|  11|          11|          11|
    |acc_1_2_V_fu_16609_p2      |     +    |      0|  0|  12|          12|          12|
    |acc_1_3_V_fu_16635_p2      |     +    |      0|  0|  14|          14|          14|
    |acc_1_4_V_fu_16655_p2      |     +    |      0|  0|  11|          11|          11|
    |acc_3_3_V_fu_16747_p2      |     +    |      0|  0|  14|          14|          14|
    |acc_3_4_V_fu_16767_p2      |     +    |      0|  0|  11|          11|          11|
    |acc_4_2_V_fu_16777_p2      |     +    |      0|  0|  12|          12|          12|
    |acc_4_3_V_fu_16803_p2      |     +    |      0|  0|  14|          14|          14|
    |acc_4_4_V_fu_16823_p2      |     +    |      0|  0|  11|          11|          11|
    |add_ln703_114_fu_16665_p2  |     +    |      0|  0|  12|          12|          12|
    |add_ln703_115_fu_16691_p2  |     +    |      0|  0|  14|          14|          14|
    |add_ln703_116_fu_16711_p2  |     +    |      0|  0|  11|          11|          11|
    |add_ln703_117_fu_16721_p2  |     +    |      0|  0|  12|          12|          12|
    |add_ln703_11_fu_16589_p2   |     +    |      0|  0|   9|           9|           9|
    |add_ln703_14_fu_16619_p2   |     +    |      0|  0|  18|          13|          10|
    |add_ln703_15_fu_16625_p2   |     +    |      0|  0|  18|          13|          13|
    |add_ln703_17_fu_16645_p2   |     +    |      0|  0|   9|           9|           9|
    |add_ln703_20_fu_16675_p2   |     +    |      0|  0|  18|          13|          10|
    |add_ln703_21_fu_16681_p2   |     +    |      0|  0|  18|          13|          13|
    |add_ln703_23_fu_16701_p2   |     +    |      0|  0|   9|           9|           9|
    |add_ln703_26_fu_16731_p2   |     +    |      0|  0|  18|          13|          10|
    |add_ln703_27_fu_16737_p2   |     +    |      0|  0|  18|          13|          13|
    |add_ln703_29_fu_16757_p2   |     +    |      0|  0|   9|           9|           9|
    |add_ln703_32_fu_16787_p2   |     +    |      0|  0|  18|          13|          10|
    |add_ln703_33_fu_16793_p2   |     +    |      0|  0|  18|          13|          13|
    |add_ln703_35_fu_16813_p2   |     +    |      0|  0|   9|           9|           9|
    |add_ln703_9_fu_16569_p2    |     +    |      0|  0|  18|          13|          13|
    |add_ln703_fu_16563_p2      |     +    |      0|  0|  18|          13|          10|
    |add_ln708_1_fu_15788_p2    |     +    |      0|  0|  13|          13|          13|
    |add_ln708_2_fu_15991_p2    |     +    |      0|  0|  13|          13|          13|
    |add_ln708_3_fu_16194_p2    |     +    |      0|  0|  13|          13|          13|
    |add_ln708_4_fu_16397_p2    |     +    |      0|  0|  13|          13|          13|
    |add_ln708_fu_15585_p2      |     +    |      0|  0|  13|          13|          13|
    |sub_ln1118_10_fu_15665_p2  |     -    |      0|  0|  13|           1|          13|
    |sub_ln1118_11_fu_15687_p2  |     -    |      0|  0|  14|          14|          14|
    |sub_ln1118_12_fu_15868_p2  |     -    |      0|  0|  13|           1|          13|
    |sub_ln1118_13_fu_15890_p2  |     -    |      0|  0|  14|          14|          14|
    |sub_ln1118_14_fu_16071_p2  |     -    |      0|  0|  13|           1|          13|
    |sub_ln1118_15_fu_16093_p2  |     -    |      0|  0|  14|          14|          14|
    |sub_ln1118_16_fu_16274_p2  |     -    |      0|  0|  13|           1|          13|
    |sub_ln1118_17_fu_16296_p2  |     -    |      0|  0|  14|          14|          14|
    |sub_ln1118_18_fu_16477_p2  |     -    |      0|  0|  13|           1|          13|
    |sub_ln1118_19_fu_16499_p2  |     -    |      0|  0|  14|          14|          14|
    |sub_ln1118_1_fu_15707_p2   |     -    |      0|  0|   9|           1|           9|
    |sub_ln1118_2_fu_15808_p2   |     -    |      0|  0|   9|           1|           9|
    |sub_ln1118_3_fu_15910_p2   |     -    |      0|  0|   9|           1|           9|
    |sub_ln1118_4_fu_16011_p2   |     -    |      0|  0|   9|           1|           9|
    |sub_ln1118_5_fu_16113_p2   |     -    |      0|  0|   9|           1|           9|
    |sub_ln1118_6_fu_16214_p2   |     -    |      0|  0|   9|           1|           9|
    |sub_ln1118_7_fu_16316_p2   |     -    |      0|  0|   9|           1|           9|
    |sub_ln1118_8_fu_16417_p2   |     -    |      0|  0|   9|           1|           9|
    |sub_ln1118_9_fu_16519_p2   |     -    |      0|  0|   9|           1|           9|
    |sub_ln1118_fu_15605_p2     |     -    |      0|  0|   9|           1|           9|
    +---------------------------+----------+-------+---+----+------------+------------+
    |Total                      |          |      0|  0|1300|         630|         710|
    +---------------------------+----------+-------+---+----+------------+------------+

    * Multiplexer: 
    N/A

    * Register: 
    N/A



================================================================
== Interface
================================================================
* Summary: 
+--------------+-----+-----+------------+----------------------------------------------------------------------------------+--------------+
|   RTL Ports  | Dir | Bits|  Protocol  |                                   Source Object                                  |    C Type    |
+--------------+-----+-----+------------+----------------------------------------------------------------------------------+--------------+
|ap_ready      | out |    1| ap_ctrl_hs | pointwise_conv_1d_latency_cl.0.0.0.0.0.0.0.0.0.0.0.0.0.0.0.0.0.0.0.0.0.0.0.0.0.0 | return value |
|ap_return_0   | out |   16| ap_ctrl_hs | pointwise_conv_1d_latency_cl.0.0.0.0.0.0.0.0.0.0.0.0.0.0.0.0.0.0.0.0.0.0.0.0.0.0 | return value |
|ap_return_1   | out |   16| ap_ctrl_hs | pointwise_conv_1d_latency_cl.0.0.0.0.0.0.0.0.0.0.0.0.0.0.0.0.0.0.0.0.0.0.0.0.0.0 | return value |
|ap_return_2   | out |   16| ap_ctrl_hs | pointwise_conv_1d_latency_cl.0.0.0.0.0.0.0.0.0.0.0.0.0.0.0.0.0.0.0.0.0.0.0.0.0.0 | return value |
|ap_return_3   | out |   16| ap_ctrl_hs | pointwise_conv_1d_latency_cl.0.0.0.0.0.0.0.0.0.0.0.0.0.0.0.0.0.0.0.0.0.0.0.0.0.0 | return value |
|ap_return_4   | out |   16| ap_ctrl_hs | pointwise_conv_1d_latency_cl.0.0.0.0.0.0.0.0.0.0.0.0.0.0.0.0.0.0.0.0.0.0.0.0.0.0 | return value |
|ap_return_5   | out |   16| ap_ctrl_hs | pointwise_conv_1d_latency_cl.0.0.0.0.0.0.0.0.0.0.0.0.0.0.0.0.0.0.0.0.0.0.0.0.0.0 | return value |
|ap_return_6   | out |   16| ap_ctrl_hs | pointwise_conv_1d_latency_cl.0.0.0.0.0.0.0.0.0.0.0.0.0.0.0.0.0.0.0.0.0.0.0.0.0.0 | return value |
|ap_return_7   | out |   16| ap_ctrl_hs | pointwise_conv_1d_latency_cl.0.0.0.0.0.0.0.0.0.0.0.0.0.0.0.0.0.0.0.0.0.0.0.0.0.0 | return value |
|ap_return_8   | out |   16| ap_ctrl_hs | pointwise_conv_1d_latency_cl.0.0.0.0.0.0.0.0.0.0.0.0.0.0.0.0.0.0.0.0.0.0.0.0.0.0 | return value |
|ap_return_9   | out |   16| ap_ctrl_hs | pointwise_conv_1d_latency_cl.0.0.0.0.0.0.0.0.0.0.0.0.0.0.0.0.0.0.0.0.0.0.0.0.0.0 | return value |
|ap_return_10  | out |   16| ap_ctrl_hs | pointwise_conv_1d_latency_cl.0.0.0.0.0.0.0.0.0.0.0.0.0.0.0.0.0.0.0.0.0.0.0.0.0.0 | return value |
|ap_return_11  | out |   16| ap_ctrl_hs | pointwise_conv_1d_latency_cl.0.0.0.0.0.0.0.0.0.0.0.0.0.0.0.0.0.0.0.0.0.0.0.0.0.0 | return value |
|ap_return_12  | out |   16| ap_ctrl_hs | pointwise_conv_1d_latency_cl.0.0.0.0.0.0.0.0.0.0.0.0.0.0.0.0.0.0.0.0.0.0.0.0.0.0 | return value |
|ap_return_13  | out |   16| ap_ctrl_hs | pointwise_conv_1d_latency_cl.0.0.0.0.0.0.0.0.0.0.0.0.0.0.0.0.0.0.0.0.0.0.0.0.0.0 | return value |
|ap_return_14  | out |   16| ap_ctrl_hs | pointwise_conv_1d_latency_cl.0.0.0.0.0.0.0.0.0.0.0.0.0.0.0.0.0.0.0.0.0.0.0.0.0.0 | return value |
|p_read        |  in |    8|   ap_none  |                                      p_read                                      |    scalar    |
|p_read1       |  in |    8|   ap_none  |                                      p_read1                                     |    scalar    |
|p_read2       |  in |    8|   ap_none  |                                      p_read2                                     |    scalar    |
|p_read3       |  in |    8|   ap_none  |                                      p_read3                                     |    scalar    |
|p_read4       |  in |    8|   ap_none  |                                      p_read4                                     |    scalar    |
|p_read5       |  in |    8|   ap_none  |                                      p_read5                                     |    scalar    |
|p_read6       |  in |    8|   ap_none  |                                      p_read6                                     |    scalar    |
|p_read7       |  in |    8|   ap_none  |                                      p_read7                                     |    scalar    |
|p_read8       |  in |    8|   ap_none  |                                      p_read8                                     |    scalar    |
|p_read9       |  in |    8|   ap_none  |                                      p_read9                                     |    scalar    |
|p_read10      |  in |    8|   ap_none  |                                     p_read10                                     |    scalar    |
|p_read11      |  in |    8|   ap_none  |                                     p_read11                                     |    scalar    |
|p_read12      |  in |    8|   ap_none  |                                     p_read12                                     |    scalar    |
|p_read13      |  in |    8|   ap_none  |                                     p_read13                                     |    scalar    |
|p_read14      |  in |    8|   ap_none  |                                     p_read14                                     |    scalar    |
+--------------+-----+-----+------------+----------------------------------------------------------------------------------+--------------+

