

================================================================
== Vivado HLS Report for 'relu_ap_fixed_16_6_5_3_0_ap_ufixed_8_0_4_0_0_relu_config11_s'
================================================================
* Date:           Wed Nov 15 18:38:10 2023

* Version:        2019.2 (Build 2704478 on Wed Nov 06 22:10:23 MST 2019)
* Project:        myproject_prj
* Solution:       solution1
* Product family: virtexuplus
* Target device:  xcu250-figd2104-2L-e


================================================================
== Performance Estimates
================================================================
+ Timing: 
    * Summary: 
    +--------+---------+----------+------------+
    |  Clock |  Target | Estimated| Uncertainty|
    +--------+---------+----------+------------+
    |ap_clk  | 5.00 ns | 0.979 ns |   0.62 ns  |
    +--------+---------+----------+------------+

+ Latency: 
    * Summary: 
    +---------+---------+----------+----------+-----+-----+----------+
    |  Latency (cycles) |  Latency (absolute) |  Interval | Pipeline |
    |   min   |   max   |    min   |    max   | min | max |   Type   |
    +---------+---------+----------+----------+-----+-----+----------+
    |        0|        0|   0 ns   |   0 ns   |    1|    1| function |
    +---------+---------+----------+----------+-----+-----+----------+

    + Detail: 
        * Instance: 
        N/A

        * Loop: 
        N/A



================================================================
== Utilization Estimates
================================================================
* Summary: 
+---------------------+---------+-------+---------+---------+------+
|         Name        | BRAM_18K| DSP48E|    FF   |   LUT   | URAM |
+---------------------+---------+-------+---------+---------+------+
|DSP                  |        -|      -|        -|        -|     -|
|Expression           |        -|      -|        0|      140|     -|
|FIFO                 |        -|      -|        -|        -|     -|
|Instance             |        -|      -|        -|        -|     -|
|Memory               |        -|      -|        -|        -|     -|
|Multiplexer          |        -|      -|        -|       27|     -|
|Register             |        -|      -|       18|        -|     -|
+---------------------+---------+-------+---------+---------+------+
|Total                |        0|      0|       18|      167|     0|
+---------------------+---------+-------+---------+---------+------+
|Available SLR        |     1344|   3072|   864000|   432000|   320|
+---------------------+---------+-------+---------+---------+------+
|Utilization SLR (%)  |        0|      0|    ~0   |    ~0   |     0|
+---------------------+---------+-------+---------+---------+------+
|Available            |     5376|  12288|  3456000|  1728000|  1280|
+---------------------+---------+-------+---------+---------+------+
|Utilization (%)      |        0|      0|    ~0   |    ~0   |     0|
+---------------------+---------+-------+---------+---------+------+

+ Detail: 
    * Instance: 
    N/A

    * DSP48E: 
    N/A

    * Memory: 
    N/A

    * FIFO: 
    N/A

    * Expression: 
    +----------------------------+----------+-------+---+----+------------+------------+
    |        Variable Name       | Operation| DSP48E| FF| LUT| Bitwidth P0| Bitwidth P1|
    +----------------------------+----------+-------+---+----+------------+------------+
    |add_ln415_59_fu_252_p2      |     +    |      0|  0|   8|           8|           8|
    |add_ln415_fu_120_p2         |     +    |      0|  0|   8|           8|           8|
    |and_ln415_1_fu_110_p2       |    and   |      0|  0|   2|           1|           1|
    |and_ln415_8_fu_242_p2       |    and   |      0|  0|   2|           1|           1|
    |and_ln416_59_fu_272_p2      |    and   |      0|  0|   2|           1|           1|
    |and_ln416_fu_140_p2         |    and   |      0|  0|   2|           1|           1|
    |icmp_ln1494_1_fu_60_p2      |   icmp   |      0|  0|  13|          16|           1|
    |icmp_ln1494_8_fu_192_p2     |   icmp   |      0|  0|  13|          16|           1|
    |icmp_ln768_59_fu_294_p2     |   icmp   |      0|  0|  11|           6|           1|
    |icmp_ln768_fu_162_p2        |   icmp   |      0|  0|  11|           6|           1|
    |icmp_ln879_59_fu_288_p2     |   icmp   |      0|  0|  11|           6|           2|
    |icmp_ln879_fu_156_p2        |   icmp   |      0|  0|  11|           6|           2|
    |ap_block_state1             |    or    |      0|  0|   2|           1|           1|
    |or_ln412_59_fu_228_p2       |    or    |      0|  0|   2|           1|           1|
    |or_ln412_fu_96_p2           |    or    |      0|  0|   2|           1|           1|
    |select_ln1494_59_fu_316_p3  |  select  |      0|  0|   8|           1|           8|
    |select_ln1494_fu_184_p3     |  select  |      0|  0|   8|           1|           8|
    |select_ln340_1_fu_176_p3    |  select  |      0|  0|   8|           1|           8|
    |select_ln340_8_fu_308_p3    |  select  |      0|  0|   8|           1|           8|
    |select_ln777_59_fu_300_p3   |  select  |      0|  0|   2|           1|           1|
    |select_ln777_fu_168_p3      |  select  |      0|  0|   2|           1|           1|
    |xor_ln416_59_fu_266_p2      |    xor   |      0|  0|   2|           1|           2|
    |xor_ln416_fu_134_p2         |    xor   |      0|  0|   2|           1|           2|
    +----------------------------+----------+-------+---+----+------------+------------+
    |Total                       |          |      0|  0| 140|          87|          69|
    +----------------------------+----------+-------+---+----+------------+------------+

    * Multiplexer: 
    +-------------+----+-----------+-----+-----------+
    |     Name    | LUT| Input Size| Bits| Total Bits|
    +-------------+----+-----------+-----+-----------+
    |ap_done      |   9|          2|    1|          2|
    |ap_return_0  |   9|          2|    8|         16|
    |ap_return_1  |   9|          2|    8|         16|
    +-------------+----+-----------+-----+-----------+
    |Total        |  27|          6|   17|         34|
    +-------------+----+-----------+-----+-----------+

    * Register: 
    +------------------+---+----+-----+-----------+
    |       Name       | FF| LUT| Bits| Const Bits|
    +------------------+---+----+-----+-----------+
    |ap_CS_fsm         |  1|   0|    1|          0|
    |ap_done_reg       |  1|   0|    1|          0|
    |ap_return_0_preg  |  8|   0|    8|          0|
    |ap_return_1_preg  |  8|   0|    8|          0|
    +------------------+---+----+-----+-----------+
    |Total             | 18|   0|   18|          0|
    +------------------+---+----+-----+-----------+



================================================================
== Interface
================================================================
* Summary: 
+---------------+-----+-----+------------+-------------------------------------------------------------------------+--------------+
|   RTL Ports   | Dir | Bits|  Protocol  |                              Source Object                              |    C Type    |
+---------------+-----+-----+------------+-------------------------------------------------------------------------+--------------+
|ap_clk         |  in |    1| ap_ctrl_hs | relu<ap_fixed<16, 6, 5, 3, 0>, ap_ufixed<8, 0, 4, 0, 0>, relu_config11> | return value |
|ap_rst         |  in |    1| ap_ctrl_hs | relu<ap_fixed<16, 6, 5, 3, 0>, ap_ufixed<8, 0, 4, 0, 0>, relu_config11> | return value |
|ap_start       |  in |    1| ap_ctrl_hs | relu<ap_fixed<16, 6, 5, 3, 0>, ap_ufixed<8, 0, 4, 0, 0>, relu_config11> | return value |
|ap_done        | out |    1| ap_ctrl_hs | relu<ap_fixed<16, 6, 5, 3, 0>, ap_ufixed<8, 0, 4, 0, 0>, relu_config11> | return value |
|ap_continue    |  in |    1| ap_ctrl_hs | relu<ap_fixed<16, 6, 5, 3, 0>, ap_ufixed<8, 0, 4, 0, 0>, relu_config11> | return value |
|ap_idle        | out |    1| ap_ctrl_hs | relu<ap_fixed<16, 6, 5, 3, 0>, ap_ufixed<8, 0, 4, 0, 0>, relu_config11> | return value |
|ap_ready       | out |    1| ap_ctrl_hs | relu<ap_fixed<16, 6, 5, 3, 0>, ap_ufixed<8, 0, 4, 0, 0>, relu_config11> | return value |
|ap_return_0    | out |    8| ap_ctrl_hs | relu<ap_fixed<16, 6, 5, 3, 0>, ap_ufixed<8, 0, 4, 0, 0>, relu_config11> | return value |
|ap_return_1    | out |    8| ap_ctrl_hs | relu<ap_fixed<16, 6, 5, 3, 0>, ap_ufixed<8, 0, 4, 0, 0>, relu_config11> | return value |
|data_1_V_read  |  in |   16|   ap_none  |                              data_1_V_read                              |    scalar    |
|data_8_V_read  |  in |   16|   ap_none  |                              data_8_V_read                              |    scalar    |
+---------------+-----+-----+------------+-------------------------------------------------------------------------+--------------+

