

================================================================
== Vivado HLS Report for 'relu_ap_fixed_16_6_5_3_0_ap_ufixed_8_0_4_0_0_relu_config7_s'
================================================================
* Date:           Wed Nov 15 18:38:06 2023

* Version:        2019.2 (Build 2704478 on Wed Nov 06 22:10:23 MST 2019)
* Project:        myproject_prj
* Solution:       solution1
* Product family: virtexuplus
* Target device:  xcu250-figd2104-2L-e


================================================================
== Performance Estimates
================================================================
+ Timing: 
    * Summary: 
    +--------+---------+----------+------------+
    |  Clock |  Target | Estimated| Uncertainty|
    +--------+---------+----------+------------+
    |ap_clk  | 5.00 ns | 0.979 ns |   0.62 ns  |
    +--------+---------+----------+------------+

+ Latency: 
    * Summary: 
    +---------+---------+----------+----------+-----+-----+----------+
    |  Latency (cycles) |  Latency (absolute) |  Interval | Pipeline |
    |   min   |   max   |    min   |    max   | min | max |   Type   |
    +---------+---------+----------+----------+-----+-----+----------+
    |        0|        0|   0 ns   |   0 ns   |    1|    1| function |
    +---------+---------+----------+----------+-----+-----+----------+

    + Detail: 
        * Instance: 
        N/A

        * Loop: 
        N/A



================================================================
== Utilization Estimates
================================================================
* Summary: 
+---------------------+---------+-------+---------+---------+------+
|         Name        | BRAM_18K| DSP48E|    FF   |   LUT   | URAM |
+---------------------+---------+-------+---------+---------+------+
|DSP                  |        -|      -|        -|        -|     -|
|Expression           |        -|      -|        0|     2072|     -|
|FIFO                 |        -|      -|        -|        -|     -|
|Instance             |        -|      -|        -|        -|     -|
|Memory               |        -|      -|        -|        -|     -|
|Multiplexer          |        -|      -|        -|      279|     -|
|Register             |        -|      -|      242|        -|     -|
+---------------------+---------+-------+---------+---------+------+
|Total                |        0|      0|      242|     2351|     0|
+---------------------+---------+-------+---------+---------+------+
|Available SLR        |     1344|   3072|   864000|   432000|   320|
+---------------------+---------+-------+---------+---------+------+
|Utilization SLR (%)  |        0|      0|    ~0   |    ~0   |     0|
+---------------------+---------+-------+---------+---------+------+
|Available            |     5376|  12288|  3456000|  1728000|  1280|
+---------------------+---------+-------+---------+---------+------+
|Utilization (%)      |        0|      0|    ~0   |    ~0   |     0|
+---------------------+---------+-------+---------+---------+------+

+ Detail: 
    * Instance: 
    N/A

    * DSP48E: 
    N/A

    * Memory: 
    N/A

    * FIFO: 
    N/A

    * Expression: 
    +-----------------------------+----------+-------+---+----+------------+------------+
    |        Variable Name        | Operation| DSP48E| FF| LUT| Bitwidth P0| Bitwidth P1|
    +-----------------------------+----------+-------+---+----+------------+------------+
    |add_ln415_10_fu_2226_p2      |     +    |      0|  0|   8|           8|           8|
    |add_ln415_11_fu_2358_p2      |     +    |      0|  0|   8|           8|           8|
    |add_ln415_12_fu_2490_p2      |     +    |      0|  0|   8|           8|           8|
    |add_ln415_13_fu_2622_p2      |     +    |      0|  0|   8|           8|           8|
    |add_ln415_14_fu_2754_p2      |     +    |      0|  0|   8|           8|           8|
    |add_ln415_15_fu_2886_p2      |     +    |      0|  0|   8|           8|           8|
    |add_ln415_16_fu_3018_p2      |     +    |      0|  0|   8|           8|           8|
    |add_ln415_17_fu_3150_p2      |     +    |      0|  0|   8|           8|           8|
    |add_ln415_18_fu_3282_p2      |     +    |      0|  0|   8|           8|           8|
    |add_ln415_19_fu_3414_p2      |     +    |      0|  0|   8|           8|           8|
    |add_ln415_1_fu_1038_p2       |     +    |      0|  0|   8|           8|           8|
    |add_ln415_20_fu_3546_p2      |     +    |      0|  0|   8|           8|           8|
    |add_ln415_21_fu_3678_p2      |     +    |      0|  0|   8|           8|           8|
    |add_ln415_22_fu_3810_p2      |     +    |      0|  0|   8|           8|           8|
    |add_ln415_23_fu_3942_p2      |     +    |      0|  0|   8|           8|           8|
    |add_ln415_24_fu_4074_p2      |     +    |      0|  0|   8|           8|           8|
    |add_ln415_25_fu_4206_p2      |     +    |      0|  0|   8|           8|           8|
    |add_ln415_26_fu_4338_p2      |     +    |      0|  0|   8|           8|           8|
    |add_ln415_27_fu_4470_p2      |     +    |      0|  0|   8|           8|           8|
    |add_ln415_28_fu_4602_p2      |     +    |      0|  0|   8|           8|           8|
    |add_ln415_29_fu_4734_p2      |     +    |      0|  0|   8|           8|           8|
    |add_ln415_2_fu_1170_p2       |     +    |      0|  0|   8|           8|           8|
    |add_ln415_3_fu_1302_p2       |     +    |      0|  0|   8|           8|           8|
    |add_ln415_4_fu_1434_p2       |     +    |      0|  0|   8|           8|           8|
    |add_ln415_5_fu_1566_p2       |     +    |      0|  0|   8|           8|           8|
    |add_ln415_6_fu_1698_p2       |     +    |      0|  0|   8|           8|           8|
    |add_ln415_7_fu_1830_p2       |     +    |      0|  0|   8|           8|           8|
    |add_ln415_8_fu_1962_p2       |     +    |      0|  0|   8|           8|           8|
    |add_ln415_9_fu_2094_p2       |     +    |      0|  0|   8|           8|           8|
    |add_ln415_fu_906_p2          |     +    |      0|  0|   8|           8|           8|
    |and_ln415_10_fu_2216_p2      |    and   |      0|  0|   2|           1|           1|
    |and_ln415_11_fu_2348_p2      |    and   |      0|  0|   2|           1|           1|
    |and_ln415_12_fu_2480_p2      |    and   |      0|  0|   2|           1|           1|
    |and_ln415_13_fu_2612_p2      |    and   |      0|  0|   2|           1|           1|
    |and_ln415_14_fu_2744_p2      |    and   |      0|  0|   2|           1|           1|
    |and_ln415_15_fu_2876_p2      |    and   |      0|  0|   2|           1|           1|
    |and_ln415_16_fu_3008_p2      |    and   |      0|  0|   2|           1|           1|
    |and_ln415_17_fu_3140_p2      |    and   |      0|  0|   2|           1|           1|
    |and_ln415_18_fu_3272_p2      |    and   |      0|  0|   2|           1|           1|
    |and_ln415_19_fu_3404_p2      |    and   |      0|  0|   2|           1|           1|
    |and_ln415_1_fu_1028_p2       |    and   |      0|  0|   2|           1|           1|
    |and_ln415_20_fu_3536_p2      |    and   |      0|  0|   2|           1|           1|
    |and_ln415_21_fu_3668_p2      |    and   |      0|  0|   2|           1|           1|
    |and_ln415_22_fu_3800_p2      |    and   |      0|  0|   2|           1|           1|
    |and_ln415_23_fu_3932_p2      |    and   |      0|  0|   2|           1|           1|
    |and_ln415_24_fu_4064_p2      |    and   |      0|  0|   2|           1|           1|
    |and_ln415_25_fu_4196_p2      |    and   |      0|  0|   2|           1|           1|
    |and_ln415_26_fu_4328_p2      |    and   |      0|  0|   2|           1|           1|
    |and_ln415_27_fu_4460_p2      |    and   |      0|  0|   2|           1|           1|
    |and_ln415_28_fu_4592_p2      |    and   |      0|  0|   2|           1|           1|
    |and_ln415_29_fu_4724_p2      |    and   |      0|  0|   2|           1|           1|
    |and_ln415_2_fu_1160_p2       |    and   |      0|  0|   2|           1|           1|
    |and_ln415_3_fu_1292_p2       |    and   |      0|  0|   2|           1|           1|
    |and_ln415_4_fu_1424_p2       |    and   |      0|  0|   2|           1|           1|
    |and_ln415_5_fu_1556_p2       |    and   |      0|  0|   2|           1|           1|
    |and_ln415_6_fu_1688_p2       |    and   |      0|  0|   2|           1|           1|
    |and_ln415_7_fu_1820_p2       |    and   |      0|  0|   2|           1|           1|
    |and_ln415_8_fu_1952_p2       |    and   |      0|  0|   2|           1|           1|
    |and_ln415_9_fu_2084_p2       |    and   |      0|  0|   2|           1|           1|
    |and_ln415_fu_896_p2          |    and   |      0|  0|   2|           1|           1|
    |and_ln416_10_fu_2246_p2      |    and   |      0|  0|   2|           1|           1|
    |and_ln416_11_fu_2378_p2      |    and   |      0|  0|   2|           1|           1|
    |and_ln416_12_fu_2510_p2      |    and   |      0|  0|   2|           1|           1|
    |and_ln416_13_fu_2642_p2      |    and   |      0|  0|   2|           1|           1|
    |and_ln416_14_fu_2774_p2      |    and   |      0|  0|   2|           1|           1|
    |and_ln416_15_fu_2906_p2      |    and   |      0|  0|   2|           1|           1|
    |and_ln416_16_fu_3038_p2      |    and   |      0|  0|   2|           1|           1|
    |and_ln416_17_fu_3170_p2      |    and   |      0|  0|   2|           1|           1|
    |and_ln416_18_fu_3302_p2      |    and   |      0|  0|   2|           1|           1|
    |and_ln416_19_fu_3434_p2      |    and   |      0|  0|   2|           1|           1|
    |and_ln416_1_fu_1058_p2       |    and   |      0|  0|   2|           1|           1|
    |and_ln416_20_fu_3566_p2      |    and   |      0|  0|   2|           1|           1|
    |and_ln416_21_fu_3698_p2      |    and   |      0|  0|   2|           1|           1|
    |and_ln416_22_fu_3830_p2      |    and   |      0|  0|   2|           1|           1|
    |and_ln416_23_fu_3962_p2      |    and   |      0|  0|   2|           1|           1|
    |and_ln416_24_fu_4094_p2      |    and   |      0|  0|   2|           1|           1|
    |and_ln416_25_fu_4226_p2      |    and   |      0|  0|   2|           1|           1|
    |and_ln416_26_fu_4358_p2      |    and   |      0|  0|   2|           1|           1|
    |and_ln416_27_fu_4490_p2      |    and   |      0|  0|   2|           1|           1|
    |and_ln416_28_fu_4622_p2      |    and   |      0|  0|   2|           1|           1|
    |and_ln416_29_fu_4754_p2      |    and   |      0|  0|   2|           1|           1|
    |and_ln416_2_fu_1190_p2       |    and   |      0|  0|   2|           1|           1|
    |and_ln416_3_fu_1322_p2       |    and   |      0|  0|   2|           1|           1|
    |and_ln416_4_fu_1454_p2       |    and   |      0|  0|   2|           1|           1|
    |and_ln416_5_fu_1586_p2       |    and   |      0|  0|   2|           1|           1|
    |and_ln416_6_fu_1718_p2       |    and   |      0|  0|   2|           1|           1|
    |and_ln416_7_fu_1850_p2       |    and   |      0|  0|   2|           1|           1|
    |and_ln416_8_fu_1982_p2       |    and   |      0|  0|   2|           1|           1|
    |and_ln416_9_fu_2114_p2       |    and   |      0|  0|   2|           1|           1|
    |and_ln416_fu_926_p2          |    and   |      0|  0|   2|           1|           1|
    |icmp_ln1494_10_fu_2166_p2    |   icmp   |      0|  0|  13|          16|           1|
    |icmp_ln1494_11_fu_2298_p2    |   icmp   |      0|  0|  13|          16|           1|
    |icmp_ln1494_12_fu_2430_p2    |   icmp   |      0|  0|  13|          16|           1|
    |icmp_ln1494_13_fu_2562_p2    |   icmp   |      0|  0|  13|          16|           1|
    |icmp_ln1494_14_fu_2694_p2    |   icmp   |      0|  0|  13|          16|           1|
    |icmp_ln1494_15_fu_2826_p2    |   icmp   |      0|  0|  13|          16|           1|
    |icmp_ln1494_16_fu_2958_p2    |   icmp   |      0|  0|  13|          16|           1|
    |icmp_ln1494_17_fu_3090_p2    |   icmp   |      0|  0|  13|          16|           1|
    |icmp_ln1494_18_fu_3222_p2    |   icmp   |      0|  0|  13|          16|           1|
    |icmp_ln1494_19_fu_3354_p2    |   icmp   |      0|  0|  13|          16|           1|
    |icmp_ln1494_1_fu_978_p2      |   icmp   |      0|  0|  13|          16|           1|
    |icmp_ln1494_20_fu_3486_p2    |   icmp   |      0|  0|  13|          16|           1|
    |icmp_ln1494_21_fu_3618_p2    |   icmp   |      0|  0|  13|          16|           1|
    |icmp_ln1494_22_fu_3750_p2    |   icmp   |      0|  0|  13|          16|           1|
    |icmp_ln1494_23_fu_3882_p2    |   icmp   |      0|  0|  13|          16|           1|
    |icmp_ln1494_24_fu_4014_p2    |   icmp   |      0|  0|  13|          16|           1|
    |icmp_ln1494_25_fu_4146_p2    |   icmp   |      0|  0|  13|          16|           1|
    |icmp_ln1494_26_fu_4278_p2    |   icmp   |      0|  0|  13|          16|           1|
    |icmp_ln1494_27_fu_4410_p2    |   icmp   |      0|  0|  13|          16|           1|
    |icmp_ln1494_28_fu_4542_p2    |   icmp   |      0|  0|  13|          16|           1|
    |icmp_ln1494_29_fu_4674_p2    |   icmp   |      0|  0|  13|          16|           1|
    |icmp_ln1494_2_fu_1110_p2     |   icmp   |      0|  0|  13|          16|           1|
    |icmp_ln1494_3_fu_1242_p2     |   icmp   |      0|  0|  13|          16|           1|
    |icmp_ln1494_4_fu_1374_p2     |   icmp   |      0|  0|  13|          16|           1|
    |icmp_ln1494_5_fu_1506_p2     |   icmp   |      0|  0|  13|          16|           1|
    |icmp_ln1494_6_fu_1638_p2     |   icmp   |      0|  0|  13|          16|           1|
    |icmp_ln1494_7_fu_1770_p2     |   icmp   |      0|  0|  13|          16|           1|
    |icmp_ln1494_8_fu_1902_p2     |   icmp   |      0|  0|  13|          16|           1|
    |icmp_ln1494_9_fu_2034_p2     |   icmp   |      0|  0|  13|          16|           1|
    |icmp_ln1494_fu_846_p2        |   icmp   |      0|  0|  13|          16|           1|
    |icmp_ln768_10_fu_2268_p2     |   icmp   |      0|  0|  11|           6|           1|
    |icmp_ln768_11_fu_2400_p2     |   icmp   |      0|  0|  11|           6|           1|
    |icmp_ln768_12_fu_2532_p2     |   icmp   |      0|  0|  11|           6|           1|
    |icmp_ln768_13_fu_2664_p2     |   icmp   |      0|  0|  11|           6|           1|
    |icmp_ln768_14_fu_2796_p2     |   icmp   |      0|  0|  11|           6|           1|
    |icmp_ln768_15_fu_2928_p2     |   icmp   |      0|  0|  11|           6|           1|
    |icmp_ln768_16_fu_3060_p2     |   icmp   |      0|  0|  11|           6|           1|
    |icmp_ln768_17_fu_3192_p2     |   icmp   |      0|  0|  11|           6|           1|
    |icmp_ln768_18_fu_3324_p2     |   icmp   |      0|  0|  11|           6|           1|
    |icmp_ln768_19_fu_3456_p2     |   icmp   |      0|  0|  11|           6|           1|
    |icmp_ln768_1_fu_1080_p2      |   icmp   |      0|  0|  11|           6|           1|
    |icmp_ln768_20_fu_3588_p2     |   icmp   |      0|  0|  11|           6|           1|
    |icmp_ln768_21_fu_3720_p2     |   icmp   |      0|  0|  11|           6|           1|
    |icmp_ln768_22_fu_3852_p2     |   icmp   |      0|  0|  11|           6|           1|
    |icmp_ln768_23_fu_3984_p2     |   icmp   |      0|  0|  11|           6|           1|
    |icmp_ln768_24_fu_4116_p2     |   icmp   |      0|  0|  11|           6|           1|
    |icmp_ln768_25_fu_4248_p2     |   icmp   |      0|  0|  11|           6|           1|
    |icmp_ln768_26_fu_4380_p2     |   icmp   |      0|  0|  11|           6|           1|
    |icmp_ln768_27_fu_4512_p2     |   icmp   |      0|  0|  11|           6|           1|
    |icmp_ln768_28_fu_4644_p2     |   icmp   |      0|  0|  11|           6|           1|
    |icmp_ln768_29_fu_4776_p2     |   icmp   |      0|  0|  11|           6|           1|
    |icmp_ln768_2_fu_1212_p2      |   icmp   |      0|  0|  11|           6|           1|
    |icmp_ln768_3_fu_1344_p2      |   icmp   |      0|  0|  11|           6|           1|
    |icmp_ln768_4_fu_1476_p2      |   icmp   |      0|  0|  11|           6|           1|
    |icmp_ln768_5_fu_1608_p2      |   icmp   |      0|  0|  11|           6|           1|
    |icmp_ln768_6_fu_1740_p2      |   icmp   |      0|  0|  11|           6|           1|
    |icmp_ln768_7_fu_1872_p2      |   icmp   |      0|  0|  11|           6|           1|
    |icmp_ln768_8_fu_2004_p2      |   icmp   |      0|  0|  11|           6|           1|
    |icmp_ln768_9_fu_2136_p2      |   icmp   |      0|  0|  11|           6|           1|
    |icmp_ln768_fu_948_p2         |   icmp   |      0|  0|  11|           6|           1|
    |icmp_ln879_10_fu_2262_p2     |   icmp   |      0|  0|  11|           6|           2|
    |icmp_ln879_11_fu_2394_p2     |   icmp   |      0|  0|  11|           6|           2|
    |icmp_ln879_12_fu_2526_p2     |   icmp   |      0|  0|  11|           6|           2|
    |icmp_ln879_13_fu_2658_p2     |   icmp   |      0|  0|  11|           6|           2|
    |icmp_ln879_14_fu_2790_p2     |   icmp   |      0|  0|  11|           6|           2|
    |icmp_ln879_15_fu_2922_p2     |   icmp   |      0|  0|  11|           6|           2|
    |icmp_ln879_16_fu_3054_p2     |   icmp   |      0|  0|  11|           6|           2|
    |icmp_ln879_17_fu_3186_p2     |   icmp   |      0|  0|  11|           6|           2|
    |icmp_ln879_18_fu_3318_p2     |   icmp   |      0|  0|  11|           6|           2|
    |icmp_ln879_19_fu_3450_p2     |   icmp   |      0|  0|  11|           6|           2|
    |icmp_ln879_1_fu_1074_p2      |   icmp   |      0|  0|  11|           6|           2|
    |icmp_ln879_20_fu_3582_p2     |   icmp   |      0|  0|  11|           6|           2|
    |icmp_ln879_21_fu_3714_p2     |   icmp   |      0|  0|  11|           6|           2|
    |icmp_ln879_22_fu_3846_p2     |   icmp   |      0|  0|  11|           6|           2|
    |icmp_ln879_23_fu_3978_p2     |   icmp   |      0|  0|  11|           6|           2|
    |icmp_ln879_24_fu_4110_p2     |   icmp   |      0|  0|  11|           6|           2|
    |icmp_ln879_25_fu_4242_p2     |   icmp   |      0|  0|  11|           6|           2|
    |icmp_ln879_26_fu_4374_p2     |   icmp   |      0|  0|  11|           6|           2|
    |icmp_ln879_27_fu_4506_p2     |   icmp   |      0|  0|  11|           6|           2|
    |icmp_ln879_28_fu_4638_p2     |   icmp   |      0|  0|  11|           6|           2|
    |icmp_ln879_29_fu_4770_p2     |   icmp   |      0|  0|  11|           6|           2|
    |icmp_ln879_2_fu_1206_p2      |   icmp   |      0|  0|  11|           6|           2|
    |icmp_ln879_3_fu_1338_p2      |   icmp   |      0|  0|  11|           6|           2|
    |icmp_ln879_4_fu_1470_p2      |   icmp   |      0|  0|  11|           6|           2|
    |icmp_ln879_5_fu_1602_p2      |   icmp   |      0|  0|  11|           6|           2|
    |icmp_ln879_6_fu_1734_p2      |   icmp   |      0|  0|  11|           6|           2|
    |icmp_ln879_7_fu_1866_p2      |   icmp   |      0|  0|  11|           6|           2|
    |icmp_ln879_8_fu_1998_p2      |   icmp   |      0|  0|  11|           6|           2|
    |icmp_ln879_9_fu_2130_p2      |   icmp   |      0|  0|  11|           6|           2|
    |icmp_ln879_fu_942_p2         |   icmp   |      0|  0|  11|           6|           2|
    |ap_block_state1              |    or    |      0|  0|   2|           1|           1|
    |or_ln412_10_fu_2202_p2       |    or    |      0|  0|   2|           1|           1|
    |or_ln412_11_fu_2334_p2       |    or    |      0|  0|   2|           1|           1|
    |or_ln412_12_fu_2466_p2       |    or    |      0|  0|   2|           1|           1|
    |or_ln412_13_fu_2598_p2       |    or    |      0|  0|   2|           1|           1|
    |or_ln412_14_fu_2730_p2       |    or    |      0|  0|   2|           1|           1|
    |or_ln412_15_fu_2862_p2       |    or    |      0|  0|   2|           1|           1|
    |or_ln412_16_fu_2994_p2       |    or    |      0|  0|   2|           1|           1|
    |or_ln412_17_fu_3126_p2       |    or    |      0|  0|   2|           1|           1|
    |or_ln412_18_fu_3258_p2       |    or    |      0|  0|   2|           1|           1|
    |or_ln412_19_fu_3390_p2       |    or    |      0|  0|   2|           1|           1|
    |or_ln412_1_fu_1014_p2        |    or    |      0|  0|   2|           1|           1|
    |or_ln412_20_fu_3522_p2       |    or    |      0|  0|   2|           1|           1|
    |or_ln412_21_fu_3654_p2       |    or    |      0|  0|   2|           1|           1|
    |or_ln412_22_fu_3786_p2       |    or    |      0|  0|   2|           1|           1|
    |or_ln412_23_fu_3918_p2       |    or    |      0|  0|   2|           1|           1|
    |or_ln412_24_fu_4050_p2       |    or    |      0|  0|   2|           1|           1|
    |or_ln412_25_fu_4182_p2       |    or    |      0|  0|   2|           1|           1|
    |or_ln412_26_fu_4314_p2       |    or    |      0|  0|   2|           1|           1|
    |or_ln412_27_fu_4446_p2       |    or    |      0|  0|   2|           1|           1|
    |or_ln412_28_fu_4578_p2       |    or    |      0|  0|   2|           1|           1|
    |or_ln412_29_fu_4710_p2       |    or    |      0|  0|   2|           1|           1|
    |or_ln412_2_fu_1146_p2        |    or    |      0|  0|   2|           1|           1|
    |or_ln412_3_fu_1278_p2        |    or    |      0|  0|   2|           1|           1|
    |or_ln412_4_fu_1410_p2        |    or    |      0|  0|   2|           1|           1|
    |or_ln412_5_fu_1542_p2        |    or    |      0|  0|   2|           1|           1|
    |or_ln412_6_fu_1674_p2        |    or    |      0|  0|   2|           1|           1|
    |or_ln412_7_fu_1806_p2        |    or    |      0|  0|   2|           1|           1|
    |or_ln412_8_fu_1938_p2        |    or    |      0|  0|   2|           1|           1|
    |or_ln412_9_fu_2070_p2        |    or    |      0|  0|   2|           1|           1|
    |or_ln412_fu_882_p2           |    or    |      0|  0|   2|           1|           1|
    |select_ln1494_10_fu_2290_p3  |  select  |      0|  0|   8|           1|           8|
    |select_ln1494_11_fu_2422_p3  |  select  |      0|  0|   8|           1|           8|
    |select_ln1494_12_fu_2554_p3  |  select  |      0|  0|   8|           1|           8|
    |select_ln1494_13_fu_2686_p3  |  select  |      0|  0|   8|           1|           8|
    |select_ln1494_14_fu_2818_p3  |  select  |      0|  0|   8|           1|           8|
    |select_ln1494_15_fu_2950_p3  |  select  |      0|  0|   8|           1|           8|
    |select_ln1494_16_fu_3082_p3  |  select  |      0|  0|   8|           1|           8|
    |select_ln1494_17_fu_3214_p3  |  select  |      0|  0|   8|           1|           8|
    |select_ln1494_18_fu_3346_p3  |  select  |      0|  0|   8|           1|           8|
    |select_ln1494_19_fu_3478_p3  |  select  |      0|  0|   8|           1|           8|
    |select_ln1494_1_fu_1102_p3   |  select  |      0|  0|   8|           1|           8|
    |select_ln1494_20_fu_3610_p3  |  select  |      0|  0|   8|           1|           8|
    |select_ln1494_21_fu_3742_p3  |  select  |      0|  0|   8|           1|           8|
    |select_ln1494_22_fu_3874_p3  |  select  |      0|  0|   8|           1|           8|
    |select_ln1494_23_fu_4006_p3  |  select  |      0|  0|   8|           1|           8|
    |select_ln1494_24_fu_4138_p3  |  select  |      0|  0|   8|           1|           8|
    |select_ln1494_25_fu_4270_p3  |  select  |      0|  0|   8|           1|           8|
    |select_ln1494_26_fu_4402_p3  |  select  |      0|  0|   8|           1|           8|
    |select_ln1494_27_fu_4534_p3  |  select  |      0|  0|   8|           1|           8|
    |select_ln1494_28_fu_4666_p3  |  select  |      0|  0|   8|           1|           8|
    |select_ln1494_29_fu_4798_p3  |  select  |      0|  0|   8|           1|           8|
    |select_ln1494_2_fu_1234_p3   |  select  |      0|  0|   8|           1|           8|
    |select_ln1494_3_fu_1366_p3   |  select  |      0|  0|   8|           1|           8|
    |select_ln1494_4_fu_1498_p3   |  select  |      0|  0|   8|           1|           8|
    |select_ln1494_5_fu_1630_p3   |  select  |      0|  0|   8|           1|           8|
    |select_ln1494_6_fu_1762_p3   |  select  |      0|  0|   8|           1|           8|
    |select_ln1494_7_fu_1894_p3   |  select  |      0|  0|   8|           1|           8|
    |select_ln1494_8_fu_2026_p3   |  select  |      0|  0|   8|           1|           8|
    |select_ln1494_9_fu_2158_p3   |  select  |      0|  0|   8|           1|           8|
    |select_ln1494_fu_970_p3      |  select  |      0|  0|   8|           1|           8|
    |select_ln340_10_fu_2282_p3   |  select  |      0|  0|   8|           1|           8|
    |select_ln340_11_fu_2414_p3   |  select  |      0|  0|   8|           1|           8|
    |select_ln340_12_fu_2546_p3   |  select  |      0|  0|   8|           1|           8|
    |select_ln340_13_fu_2678_p3   |  select  |      0|  0|   8|           1|           8|
    |select_ln340_14_fu_2810_p3   |  select  |      0|  0|   8|           1|           8|
    |select_ln340_15_fu_2942_p3   |  select  |      0|  0|   8|           1|           8|
    |select_ln340_16_fu_3074_p3   |  select  |      0|  0|   8|           1|           8|
    |select_ln340_17_fu_3206_p3   |  select  |      0|  0|   8|           1|           8|
    |select_ln340_18_fu_3338_p3   |  select  |      0|  0|   8|           1|           8|
    |select_ln340_19_fu_3470_p3   |  select  |      0|  0|   8|           1|           8|
    |select_ln340_1_fu_1094_p3    |  select  |      0|  0|   8|           1|           8|
    |select_ln340_20_fu_3602_p3   |  select  |      0|  0|   8|           1|           8|
    |select_ln340_21_fu_3734_p3   |  select  |      0|  0|   8|           1|           8|
    |select_ln340_22_fu_3866_p3   |  select  |      0|  0|   8|           1|           8|
    |select_ln340_23_fu_3998_p3   |  select  |      0|  0|   8|           1|           8|
    |select_ln340_24_fu_4130_p3   |  select  |      0|  0|   8|           1|           8|
    |select_ln340_25_fu_4262_p3   |  select  |      0|  0|   8|           1|           8|
    |select_ln340_26_fu_4394_p3   |  select  |      0|  0|   8|           1|           8|
    |select_ln340_27_fu_4526_p3   |  select  |      0|  0|   8|           1|           8|
    |select_ln340_28_fu_4658_p3   |  select  |      0|  0|   8|           1|           8|
    |select_ln340_29_fu_4790_p3   |  select  |      0|  0|   8|           1|           8|
    |select_ln340_2_fu_1226_p3    |  select  |      0|  0|   8|           1|           8|
    |select_ln340_3_fu_1358_p3    |  select  |      0|  0|   8|           1|           8|
    |select_ln340_4_fu_1490_p3    |  select  |      0|  0|   8|           1|           8|
    |select_ln340_5_fu_1622_p3    |  select  |      0|  0|   8|           1|           8|
    |select_ln340_6_fu_1754_p3    |  select  |      0|  0|   8|           1|           8|
    |select_ln340_7_fu_1886_p3    |  select  |      0|  0|   8|           1|           8|
    |select_ln340_8_fu_2018_p3    |  select  |      0|  0|   8|           1|           8|
    |select_ln340_9_fu_2150_p3    |  select  |      0|  0|   8|           1|           8|
    |select_ln340_fu_962_p3       |  select  |      0|  0|   8|           1|           8|
    |select_ln777_10_fu_2274_p3   |  select  |      0|  0|   2|           1|           1|
    |select_ln777_11_fu_2406_p3   |  select  |      0|  0|   2|           1|           1|
    |select_ln777_12_fu_2538_p3   |  select  |      0|  0|   2|           1|           1|
    |select_ln777_13_fu_2670_p3   |  select  |      0|  0|   2|           1|           1|
    |select_ln777_14_fu_2802_p3   |  select  |      0|  0|   2|           1|           1|
    |select_ln777_15_fu_2934_p3   |  select  |      0|  0|   2|           1|           1|
    |select_ln777_16_fu_3066_p3   |  select  |      0|  0|   2|           1|           1|
    |select_ln777_17_fu_3198_p3   |  select  |      0|  0|   2|           1|           1|
    |select_ln777_18_fu_3330_p3   |  select  |      0|  0|   2|           1|           1|
    |select_ln777_19_fu_3462_p3   |  select  |      0|  0|   2|           1|           1|
    |select_ln777_1_fu_1086_p3    |  select  |      0|  0|   2|           1|           1|
    |select_ln777_20_fu_3594_p3   |  select  |      0|  0|   2|           1|           1|
    |select_ln777_21_fu_3726_p3   |  select  |      0|  0|   2|           1|           1|
    |select_ln777_22_fu_3858_p3   |  select  |      0|  0|   2|           1|           1|
    |select_ln777_23_fu_3990_p3   |  select  |      0|  0|   2|           1|           1|
    |select_ln777_24_fu_4122_p3   |  select  |      0|  0|   2|           1|           1|
    |select_ln777_25_fu_4254_p3   |  select  |      0|  0|   2|           1|           1|
    |select_ln777_26_fu_4386_p3   |  select  |      0|  0|   2|           1|           1|
    |select_ln777_27_fu_4518_p3   |  select  |      0|  0|   2|           1|           1|
    |select_ln777_28_fu_4650_p3   |  select  |      0|  0|   2|           1|           1|
    |select_ln777_29_fu_4782_p3   |  select  |      0|  0|   2|           1|           1|
    |select_ln777_2_fu_1218_p3    |  select  |      0|  0|   2|           1|           1|
    |select_ln777_3_fu_1350_p3    |  select  |      0|  0|   2|           1|           1|
    |select_ln777_4_fu_1482_p3    |  select  |      0|  0|   2|           1|           1|
    |select_ln777_5_fu_1614_p3    |  select  |      0|  0|   2|           1|           1|
    |select_ln777_6_fu_1746_p3    |  select  |      0|  0|   2|           1|           1|
    |select_ln777_7_fu_1878_p3    |  select  |      0|  0|   2|           1|           1|
    |select_ln777_8_fu_2010_p3    |  select  |      0|  0|   2|           1|           1|
    |select_ln777_9_fu_2142_p3    |  select  |      0|  0|   2|           1|           1|
    |select_ln777_fu_954_p3       |  select  |      0|  0|   2|           1|           1|
    |xor_ln416_10_fu_2240_p2      |    xor   |      0|  0|   2|           1|           2|
    |xor_ln416_11_fu_2372_p2      |    xor   |      0|  0|   2|           1|           2|
    |xor_ln416_12_fu_2504_p2      |    xor   |      0|  0|   2|           1|           2|
    |xor_ln416_13_fu_2636_p2      |    xor   |      0|  0|   2|           1|           2|
    |xor_ln416_14_fu_2768_p2      |    xor   |      0|  0|   2|           1|           2|
    |xor_ln416_15_fu_2900_p2      |    xor   |      0|  0|   2|           1|           2|
    |xor_ln416_16_fu_3032_p2      |    xor   |      0|  0|   2|           1|           2|
    |xor_ln416_17_fu_3164_p2      |    xor   |      0|  0|   2|           1|           2|
    |xor_ln416_18_fu_3296_p2      |    xor   |      0|  0|   2|           1|           2|
    |xor_ln416_19_fu_3428_p2      |    xor   |      0|  0|   2|           1|           2|
    |xor_ln416_1_fu_1052_p2       |    xor   |      0|  0|   2|           1|           2|
    |xor_ln416_20_fu_3560_p2      |    xor   |      0|  0|   2|           1|           2|
    |xor_ln416_21_fu_3692_p2      |    xor   |      0|  0|   2|           1|           2|
    |xor_ln416_22_fu_3824_p2      |    xor   |      0|  0|   2|           1|           2|
    |xor_ln416_23_fu_3956_p2      |    xor   |      0|  0|   2|           1|           2|
    |xor_ln416_24_fu_4088_p2      |    xor   |      0|  0|   2|           1|           2|
    |xor_ln416_25_fu_4220_p2      |    xor   |      0|  0|   2|           1|           2|
    |xor_ln416_26_fu_4352_p2      |    xor   |      0|  0|   2|           1|           2|
    |xor_ln416_27_fu_4484_p2      |    xor   |      0|  0|   2|           1|           2|
    |xor_ln416_28_fu_4616_p2      |    xor   |      0|  0|   2|           1|           2|
    |xor_ln416_29_fu_4748_p2      |    xor   |      0|  0|   2|           1|           2|
    |xor_ln416_2_fu_1184_p2       |    xor   |      0|  0|   2|           1|           2|
    |xor_ln416_3_fu_1316_p2       |    xor   |      0|  0|   2|           1|           2|
    |xor_ln416_4_fu_1448_p2       |    xor   |      0|  0|   2|           1|           2|
    |xor_ln416_5_fu_1580_p2       |    xor   |      0|  0|   2|           1|           2|
    |xor_ln416_6_fu_1712_p2       |    xor   |      0|  0|   2|           1|           2|
    |xor_ln416_7_fu_1844_p2       |    xor   |      0|  0|   2|           1|           2|
    |xor_ln416_8_fu_1976_p2       |    xor   |      0|  0|   2|           1|           2|
    |xor_ln416_9_fu_2108_p2       |    xor   |      0|  0|   2|           1|           2|
    |xor_ln416_fu_920_p2          |    xor   |      0|  0|   2|           1|           2|
    +-----------------------------+----------+-------+---+----+------------+------------+
    |Total                        |          |      0|  0|2072|        1291|        1021|
    +-----------------------------+----------+-------+---+----+------------+------------+

    * Multiplexer: 
    +--------------+----+-----------+-----+-----------+
    |     Name     | LUT| Input Size| Bits| Total Bits|
    +--------------+----+-----------+-----+-----------+
    |ap_done       |   9|          2|    1|          2|
    |ap_return_12  |   9|          2|    8|         16|
    |ap_return_13  |   9|          2|    8|         16|
    |ap_return_14  |   9|          2|    8|         16|
    |ap_return_2   |   9|          2|    8|         16|
    |ap_return_22  |   9|          2|    8|         16|
    |ap_return_23  |   9|          2|    8|         16|
    |ap_return_24  |   9|          2|    8|         16|
    |ap_return_3   |   9|          2|    8|         16|
    |ap_return_32  |   9|          2|    8|         16|
    |ap_return_33  |   9|          2|    8|         16|
    |ap_return_34  |   9|          2|    8|         16|
    |ap_return_4   |   9|          2|    8|         16|
    |ap_return_42  |   9|          2|    8|         16|
    |ap_return_43  |   9|          2|    8|         16|
    |ap_return_44  |   9|          2|    8|         16|
    |ap_return_52  |   9|          2|    8|         16|
    |ap_return_53  |   9|          2|    8|         16|
    |ap_return_54  |   9|          2|    8|         16|
    |ap_return_62  |   9|          2|    8|         16|
    |ap_return_63  |   9|          2|    8|         16|
    |ap_return_64  |   9|          2|    8|         16|
    |ap_return_72  |   9|          2|    8|         16|
    |ap_return_73  |   9|          2|    8|         16|
    |ap_return_74  |   9|          2|    8|         16|
    |ap_return_82  |   9|          2|    8|         16|
    |ap_return_83  |   9|          2|    8|         16|
    |ap_return_84  |   9|          2|    8|         16|
    |ap_return_92  |   9|          2|    8|         16|
    |ap_return_93  |   9|          2|    8|         16|
    |ap_return_94  |   9|          2|    8|         16|
    +--------------+----+-----------+-----+-----------+
    |Total         | 279|         62|  241|        482|
    +--------------+----+-----------+-----+-----------+

    * Register: 
    +-------------------+---+----+-----+-----------+
    |        Name       | FF| LUT| Bits| Const Bits|
    +-------------------+---+----+-----+-----------+
    |ap_CS_fsm          |  1|   0|    1|          0|
    |ap_done_reg        |  1|   0|    1|          0|
    |ap_return_12_preg  |  8|   0|    8|          0|
    |ap_return_13_preg  |  8|   0|    8|          0|
    |ap_return_14_preg  |  8|   0|    8|          0|
    |ap_return_22_preg  |  8|   0|    8|          0|
    |ap_return_23_preg  |  8|   0|    8|          0|
    |ap_return_24_preg  |  8|   0|    8|          0|
    |ap_return_2_preg   |  8|   0|    8|          0|
    |ap_return_32_preg  |  8|   0|    8|          0|
    |ap_return_33_preg  |  8|   0|    8|          0|
    |ap_return_34_preg  |  8|   0|    8|          0|
    |ap_return_3_preg   |  8|   0|    8|          0|
    |ap_return_42_preg  |  8|   0|    8|          0|
    |ap_return_43_preg  |  8|   0|    8|          0|
    |ap_return_44_preg  |  8|   0|    8|          0|
    |ap_return_4_preg   |  8|   0|    8|          0|
    |ap_return_52_preg  |  8|   0|    8|          0|
    |ap_return_53_preg  |  8|   0|    8|          0|
    |ap_return_54_preg  |  8|   0|    8|          0|
    |ap_return_62_preg  |  8|   0|    8|          0|
    |ap_return_63_preg  |  8|   0|    8|          0|
    |ap_return_64_preg  |  8|   0|    8|          0|
    |ap_return_72_preg  |  8|   0|    8|          0|
    |ap_return_73_preg  |  8|   0|    8|          0|
    |ap_return_74_preg  |  8|   0|    8|          0|
    |ap_return_82_preg  |  8|   0|    8|          0|
    |ap_return_83_preg  |  8|   0|    8|          0|
    |ap_return_84_preg  |  8|   0|    8|          0|
    |ap_return_92_preg  |  8|   0|    8|          0|
    |ap_return_93_preg  |  8|   0|    8|          0|
    |ap_return_94_preg  |  8|   0|    8|          0|
    +-------------------+---+----+-----+-----------+
    |Total              |242|   0|  242|          0|
    +-------------------+---+----+-----+-----------+



================================================================
== Interface
================================================================
* Summary: 
+----------------+-----+-----+------------+------------------------------------------------------------------------+--------------+
|    RTL Ports   | Dir | Bits|  Protocol  |                              Source Object                             |    C Type    |
+----------------+-----+-----+------------+------------------------------------------------------------------------+--------------+
|ap_clk          |  in |    1| ap_ctrl_hs | relu<ap_fixed<16, 6, 5, 3, 0>, ap_ufixed<8, 0, 4, 0, 0>, relu_config7> | return value |
|ap_rst          |  in |    1| ap_ctrl_hs | relu<ap_fixed<16, 6, 5, 3, 0>, ap_ufixed<8, 0, 4, 0, 0>, relu_config7> | return value |
|ap_start        |  in |    1| ap_ctrl_hs | relu<ap_fixed<16, 6, 5, 3, 0>, ap_ufixed<8, 0, 4, 0, 0>, relu_config7> | return value |
|ap_done         | out |    1| ap_ctrl_hs | relu<ap_fixed<16, 6, 5, 3, 0>, ap_ufixed<8, 0, 4, 0, 0>, relu_config7> | return value |
|ap_continue     |  in |    1| ap_ctrl_hs | relu<ap_fixed<16, 6, 5, 3, 0>, ap_ufixed<8, 0, 4, 0, 0>, relu_config7> | return value |
|ap_idle         | out |    1| ap_ctrl_hs | relu<ap_fixed<16, 6, 5, 3, 0>, ap_ufixed<8, 0, 4, 0, 0>, relu_config7> | return value |
|ap_ready        | out |    1| ap_ctrl_hs | relu<ap_fixed<16, 6, 5, 3, 0>, ap_ufixed<8, 0, 4, 0, 0>, relu_config7> | return value |
|ap_return_0     | out |    8| ap_ctrl_hs | relu<ap_fixed<16, 6, 5, 3, 0>, ap_ufixed<8, 0, 4, 0, 0>, relu_config7> | return value |
|ap_return_1     | out |    8| ap_ctrl_hs | relu<ap_fixed<16, 6, 5, 3, 0>, ap_ufixed<8, 0, 4, 0, 0>, relu_config7> | return value |
|ap_return_2     | out |    8| ap_ctrl_hs | relu<ap_fixed<16, 6, 5, 3, 0>, ap_ufixed<8, 0, 4, 0, 0>, relu_config7> | return value |
|ap_return_3     | out |    8| ap_ctrl_hs | relu<ap_fixed<16, 6, 5, 3, 0>, ap_ufixed<8, 0, 4, 0, 0>, relu_config7> | return value |
|ap_return_4     | out |    8| ap_ctrl_hs | relu<ap_fixed<16, 6, 5, 3, 0>, ap_ufixed<8, 0, 4, 0, 0>, relu_config7> | return value |
|ap_return_5     | out |    8| ap_ctrl_hs | relu<ap_fixed<16, 6, 5, 3, 0>, ap_ufixed<8, 0, 4, 0, 0>, relu_config7> | return value |
|ap_return_6     | out |    8| ap_ctrl_hs | relu<ap_fixed<16, 6, 5, 3, 0>, ap_ufixed<8, 0, 4, 0, 0>, relu_config7> | return value |
|ap_return_7     | out |    8| ap_ctrl_hs | relu<ap_fixed<16, 6, 5, 3, 0>, ap_ufixed<8, 0, 4, 0, 0>, relu_config7> | return value |
|ap_return_8     | out |    8| ap_ctrl_hs | relu<ap_fixed<16, 6, 5, 3, 0>, ap_ufixed<8, 0, 4, 0, 0>, relu_config7> | return value |
|ap_return_9     | out |    8| ap_ctrl_hs | relu<ap_fixed<16, 6, 5, 3, 0>, ap_ufixed<8, 0, 4, 0, 0>, relu_config7> | return value |
|ap_return_10    | out |    8| ap_ctrl_hs | relu<ap_fixed<16, 6, 5, 3, 0>, ap_ufixed<8, 0, 4, 0, 0>, relu_config7> | return value |
|ap_return_11    | out |    8| ap_ctrl_hs | relu<ap_fixed<16, 6, 5, 3, 0>, ap_ufixed<8, 0, 4, 0, 0>, relu_config7> | return value |
|ap_return_12    | out |    8| ap_ctrl_hs | relu<ap_fixed<16, 6, 5, 3, 0>, ap_ufixed<8, 0, 4, 0, 0>, relu_config7> | return value |
|ap_return_13    | out |    8| ap_ctrl_hs | relu<ap_fixed<16, 6, 5, 3, 0>, ap_ufixed<8, 0, 4, 0, 0>, relu_config7> | return value |
|ap_return_14    | out |    8| ap_ctrl_hs | relu<ap_fixed<16, 6, 5, 3, 0>, ap_ufixed<8, 0, 4, 0, 0>, relu_config7> | return value |
|ap_return_15    | out |    8| ap_ctrl_hs | relu<ap_fixed<16, 6, 5, 3, 0>, ap_ufixed<8, 0, 4, 0, 0>, relu_config7> | return value |
|ap_return_16    | out |    8| ap_ctrl_hs | relu<ap_fixed<16, 6, 5, 3, 0>, ap_ufixed<8, 0, 4, 0, 0>, relu_config7> | return value |
|ap_return_17    | out |    8| ap_ctrl_hs | relu<ap_fixed<16, 6, 5, 3, 0>, ap_ufixed<8, 0, 4, 0, 0>, relu_config7> | return value |
|ap_return_18    | out |    8| ap_ctrl_hs | relu<ap_fixed<16, 6, 5, 3, 0>, ap_ufixed<8, 0, 4, 0, 0>, relu_config7> | return value |
|ap_return_19    | out |    8| ap_ctrl_hs | relu<ap_fixed<16, 6, 5, 3, 0>, ap_ufixed<8, 0, 4, 0, 0>, relu_config7> | return value |
|ap_return_20    | out |    8| ap_ctrl_hs | relu<ap_fixed<16, 6, 5, 3, 0>, ap_ufixed<8, 0, 4, 0, 0>, relu_config7> | return value |
|ap_return_21    | out |    8| ap_ctrl_hs | relu<ap_fixed<16, 6, 5, 3, 0>, ap_ufixed<8, 0, 4, 0, 0>, relu_config7> | return value |
|ap_return_22    | out |    8| ap_ctrl_hs | relu<ap_fixed<16, 6, 5, 3, 0>, ap_ufixed<8, 0, 4, 0, 0>, relu_config7> | return value |
|ap_return_23    | out |    8| ap_ctrl_hs | relu<ap_fixed<16, 6, 5, 3, 0>, ap_ufixed<8, 0, 4, 0, 0>, relu_config7> | return value |
|ap_return_24    | out |    8| ap_ctrl_hs | relu<ap_fixed<16, 6, 5, 3, 0>, ap_ufixed<8, 0, 4, 0, 0>, relu_config7> | return value |
|ap_return_25    | out |    8| ap_ctrl_hs | relu<ap_fixed<16, 6, 5, 3, 0>, ap_ufixed<8, 0, 4, 0, 0>, relu_config7> | return value |
|ap_return_26    | out |    8| ap_ctrl_hs | relu<ap_fixed<16, 6, 5, 3, 0>, ap_ufixed<8, 0, 4, 0, 0>, relu_config7> | return value |
|ap_return_27    | out |    8| ap_ctrl_hs | relu<ap_fixed<16, 6, 5, 3, 0>, ap_ufixed<8, 0, 4, 0, 0>, relu_config7> | return value |
|ap_return_28    | out |    8| ap_ctrl_hs | relu<ap_fixed<16, 6, 5, 3, 0>, ap_ufixed<8, 0, 4, 0, 0>, relu_config7> | return value |
|ap_return_29    | out |    8| ap_ctrl_hs | relu<ap_fixed<16, 6, 5, 3, 0>, ap_ufixed<8, 0, 4, 0, 0>, relu_config7> | return value |
|ap_return_30    | out |    8| ap_ctrl_hs | relu<ap_fixed<16, 6, 5, 3, 0>, ap_ufixed<8, 0, 4, 0, 0>, relu_config7> | return value |
|ap_return_31    | out |    8| ap_ctrl_hs | relu<ap_fixed<16, 6, 5, 3, 0>, ap_ufixed<8, 0, 4, 0, 0>, relu_config7> | return value |
|ap_return_32    | out |    8| ap_ctrl_hs | relu<ap_fixed<16, 6, 5, 3, 0>, ap_ufixed<8, 0, 4, 0, 0>, relu_config7> | return value |
|ap_return_33    | out |    8| ap_ctrl_hs | relu<ap_fixed<16, 6, 5, 3, 0>, ap_ufixed<8, 0, 4, 0, 0>, relu_config7> | return value |
|ap_return_34    | out |    8| ap_ctrl_hs | relu<ap_fixed<16, 6, 5, 3, 0>, ap_ufixed<8, 0, 4, 0, 0>, relu_config7> | return value |
|ap_return_35    | out |    8| ap_ctrl_hs | relu<ap_fixed<16, 6, 5, 3, 0>, ap_ufixed<8, 0, 4, 0, 0>, relu_config7> | return value |
|ap_return_36    | out |    8| ap_ctrl_hs | relu<ap_fixed<16, 6, 5, 3, 0>, ap_ufixed<8, 0, 4, 0, 0>, relu_config7> | return value |
|ap_return_37    | out |    8| ap_ctrl_hs | relu<ap_fixed<16, 6, 5, 3, 0>, ap_ufixed<8, 0, 4, 0, 0>, relu_config7> | return value |
|ap_return_38    | out |    8| ap_ctrl_hs | relu<ap_fixed<16, 6, 5, 3, 0>, ap_ufixed<8, 0, 4, 0, 0>, relu_config7> | return value |
|ap_return_39    | out |    8| ap_ctrl_hs | relu<ap_fixed<16, 6, 5, 3, 0>, ap_ufixed<8, 0, 4, 0, 0>, relu_config7> | return value |
|ap_return_40    | out |    8| ap_ctrl_hs | relu<ap_fixed<16, 6, 5, 3, 0>, ap_ufixed<8, 0, 4, 0, 0>, relu_config7> | return value |
|ap_return_41    | out |    8| ap_ctrl_hs | relu<ap_fixed<16, 6, 5, 3, 0>, ap_ufixed<8, 0, 4, 0, 0>, relu_config7> | return value |
|ap_return_42    | out |    8| ap_ctrl_hs | relu<ap_fixed<16, 6, 5, 3, 0>, ap_ufixed<8, 0, 4, 0, 0>, relu_config7> | return value |
|ap_return_43    | out |    8| ap_ctrl_hs | relu<ap_fixed<16, 6, 5, 3, 0>, ap_ufixed<8, 0, 4, 0, 0>, relu_config7> | return value |
|ap_return_44    | out |    8| ap_ctrl_hs | relu<ap_fixed<16, 6, 5, 3, 0>, ap_ufixed<8, 0, 4, 0, 0>, relu_config7> | return value |
|ap_return_45    | out |    8| ap_ctrl_hs | relu<ap_fixed<16, 6, 5, 3, 0>, ap_ufixed<8, 0, 4, 0, 0>, relu_config7> | return value |
|ap_return_46    | out |    8| ap_ctrl_hs | relu<ap_fixed<16, 6, 5, 3, 0>, ap_ufixed<8, 0, 4, 0, 0>, relu_config7> | return value |
|ap_return_47    | out |    8| ap_ctrl_hs | relu<ap_fixed<16, 6, 5, 3, 0>, ap_ufixed<8, 0, 4, 0, 0>, relu_config7> | return value |
|ap_return_48    | out |    8| ap_ctrl_hs | relu<ap_fixed<16, 6, 5, 3, 0>, ap_ufixed<8, 0, 4, 0, 0>, relu_config7> | return value |
|ap_return_49    | out |    8| ap_ctrl_hs | relu<ap_fixed<16, 6, 5, 3, 0>, ap_ufixed<8, 0, 4, 0, 0>, relu_config7> | return value |
|ap_return_50    | out |    8| ap_ctrl_hs | relu<ap_fixed<16, 6, 5, 3, 0>, ap_ufixed<8, 0, 4, 0, 0>, relu_config7> | return value |
|ap_return_51    | out |    8| ap_ctrl_hs | relu<ap_fixed<16, 6, 5, 3, 0>, ap_ufixed<8, 0, 4, 0, 0>, relu_config7> | return value |
|ap_return_52    | out |    8| ap_ctrl_hs | relu<ap_fixed<16, 6, 5, 3, 0>, ap_ufixed<8, 0, 4, 0, 0>, relu_config7> | return value |
|ap_return_53    | out |    8| ap_ctrl_hs | relu<ap_fixed<16, 6, 5, 3, 0>, ap_ufixed<8, 0, 4, 0, 0>, relu_config7> | return value |
|ap_return_54    | out |    8| ap_ctrl_hs | relu<ap_fixed<16, 6, 5, 3, 0>, ap_ufixed<8, 0, 4, 0, 0>, relu_config7> | return value |
|ap_return_55    | out |    8| ap_ctrl_hs | relu<ap_fixed<16, 6, 5, 3, 0>, ap_ufixed<8, 0, 4, 0, 0>, relu_config7> | return value |
|ap_return_56    | out |    8| ap_ctrl_hs | relu<ap_fixed<16, 6, 5, 3, 0>, ap_ufixed<8, 0, 4, 0, 0>, relu_config7> | return value |
|ap_return_57    | out |    8| ap_ctrl_hs | relu<ap_fixed<16, 6, 5, 3, 0>, ap_ufixed<8, 0, 4, 0, 0>, relu_config7> | return value |
|ap_return_58    | out |    8| ap_ctrl_hs | relu<ap_fixed<16, 6, 5, 3, 0>, ap_ufixed<8, 0, 4, 0, 0>, relu_config7> | return value |
|ap_return_59    | out |    8| ap_ctrl_hs | relu<ap_fixed<16, 6, 5, 3, 0>, ap_ufixed<8, 0, 4, 0, 0>, relu_config7> | return value |
|ap_return_60    | out |    8| ap_ctrl_hs | relu<ap_fixed<16, 6, 5, 3, 0>, ap_ufixed<8, 0, 4, 0, 0>, relu_config7> | return value |
|ap_return_61    | out |    8| ap_ctrl_hs | relu<ap_fixed<16, 6, 5, 3, 0>, ap_ufixed<8, 0, 4, 0, 0>, relu_config7> | return value |
|ap_return_62    | out |    8| ap_ctrl_hs | relu<ap_fixed<16, 6, 5, 3, 0>, ap_ufixed<8, 0, 4, 0, 0>, relu_config7> | return value |
|ap_return_63    | out |    8| ap_ctrl_hs | relu<ap_fixed<16, 6, 5, 3, 0>, ap_ufixed<8, 0, 4, 0, 0>, relu_config7> | return value |
|ap_return_64    | out |    8| ap_ctrl_hs | relu<ap_fixed<16, 6, 5, 3, 0>, ap_ufixed<8, 0, 4, 0, 0>, relu_config7> | return value |
|ap_return_65    | out |    8| ap_ctrl_hs | relu<ap_fixed<16, 6, 5, 3, 0>, ap_ufixed<8, 0, 4, 0, 0>, relu_config7> | return value |
|ap_return_66    | out |    8| ap_ctrl_hs | relu<ap_fixed<16, 6, 5, 3, 0>, ap_ufixed<8, 0, 4, 0, 0>, relu_config7> | return value |
|ap_return_67    | out |    8| ap_ctrl_hs | relu<ap_fixed<16, 6, 5, 3, 0>, ap_ufixed<8, 0, 4, 0, 0>, relu_config7> | return value |
|ap_return_68    | out |    8| ap_ctrl_hs | relu<ap_fixed<16, 6, 5, 3, 0>, ap_ufixed<8, 0, 4, 0, 0>, relu_config7> | return value |
|ap_return_69    | out |    8| ap_ctrl_hs | relu<ap_fixed<16, 6, 5, 3, 0>, ap_ufixed<8, 0, 4, 0, 0>, relu_config7> | return value |
|ap_return_70    | out |    8| ap_ctrl_hs | relu<ap_fixed<16, 6, 5, 3, 0>, ap_ufixed<8, 0, 4, 0, 0>, relu_config7> | return value |
|ap_return_71    | out |    8| ap_ctrl_hs | relu<ap_fixed<16, 6, 5, 3, 0>, ap_ufixed<8, 0, 4, 0, 0>, relu_config7> | return value |
|ap_return_72    | out |    8| ap_ctrl_hs | relu<ap_fixed<16, 6, 5, 3, 0>, ap_ufixed<8, 0, 4, 0, 0>, relu_config7> | return value |
|ap_return_73    | out |    8| ap_ctrl_hs | relu<ap_fixed<16, 6, 5, 3, 0>, ap_ufixed<8, 0, 4, 0, 0>, relu_config7> | return value |
|ap_return_74    | out |    8| ap_ctrl_hs | relu<ap_fixed<16, 6, 5, 3, 0>, ap_ufixed<8, 0, 4, 0, 0>, relu_config7> | return value |
|ap_return_75    | out |    8| ap_ctrl_hs | relu<ap_fixed<16, 6, 5, 3, 0>, ap_ufixed<8, 0, 4, 0, 0>, relu_config7> | return value |
|ap_return_76    | out |    8| ap_ctrl_hs | relu<ap_fixed<16, 6, 5, 3, 0>, ap_ufixed<8, 0, 4, 0, 0>, relu_config7> | return value |
|ap_return_77    | out |    8| ap_ctrl_hs | relu<ap_fixed<16, 6, 5, 3, 0>, ap_ufixed<8, 0, 4, 0, 0>, relu_config7> | return value |
|ap_return_78    | out |    8| ap_ctrl_hs | relu<ap_fixed<16, 6, 5, 3, 0>, ap_ufixed<8, 0, 4, 0, 0>, relu_config7> | return value |
|ap_return_79    | out |    8| ap_ctrl_hs | relu<ap_fixed<16, 6, 5, 3, 0>, ap_ufixed<8, 0, 4, 0, 0>, relu_config7> | return value |
|ap_return_80    | out |    8| ap_ctrl_hs | relu<ap_fixed<16, 6, 5, 3, 0>, ap_ufixed<8, 0, 4, 0, 0>, relu_config7> | return value |
|ap_return_81    | out |    8| ap_ctrl_hs | relu<ap_fixed<16, 6, 5, 3, 0>, ap_ufixed<8, 0, 4, 0, 0>, relu_config7> | return value |
|ap_return_82    | out |    8| ap_ctrl_hs | relu<ap_fixed<16, 6, 5, 3, 0>, ap_ufixed<8, 0, 4, 0, 0>, relu_config7> | return value |
|ap_return_83    | out |    8| ap_ctrl_hs | relu<ap_fixed<16, 6, 5, 3, 0>, ap_ufixed<8, 0, 4, 0, 0>, relu_config7> | return value |
|ap_return_84    | out |    8| ap_ctrl_hs | relu<ap_fixed<16, 6, 5, 3, 0>, ap_ufixed<8, 0, 4, 0, 0>, relu_config7> | return value |
|ap_return_85    | out |    8| ap_ctrl_hs | relu<ap_fixed<16, 6, 5, 3, 0>, ap_ufixed<8, 0, 4, 0, 0>, relu_config7> | return value |
|ap_return_86    | out |    8| ap_ctrl_hs | relu<ap_fixed<16, 6, 5, 3, 0>, ap_ufixed<8, 0, 4, 0, 0>, relu_config7> | return value |
|ap_return_87    | out |    8| ap_ctrl_hs | relu<ap_fixed<16, 6, 5, 3, 0>, ap_ufixed<8, 0, 4, 0, 0>, relu_config7> | return value |
|ap_return_88    | out |    8| ap_ctrl_hs | relu<ap_fixed<16, 6, 5, 3, 0>, ap_ufixed<8, 0, 4, 0, 0>, relu_config7> | return value |
|ap_return_89    | out |    8| ap_ctrl_hs | relu<ap_fixed<16, 6, 5, 3, 0>, ap_ufixed<8, 0, 4, 0, 0>, relu_config7> | return value |
|ap_return_90    | out |    8| ap_ctrl_hs | relu<ap_fixed<16, 6, 5, 3, 0>, ap_ufixed<8, 0, 4, 0, 0>, relu_config7> | return value |
|ap_return_91    | out |    8| ap_ctrl_hs | relu<ap_fixed<16, 6, 5, 3, 0>, ap_ufixed<8, 0, 4, 0, 0>, relu_config7> | return value |
|ap_return_92    | out |    8| ap_ctrl_hs | relu<ap_fixed<16, 6, 5, 3, 0>, ap_ufixed<8, 0, 4, 0, 0>, relu_config7> | return value |
|ap_return_93    | out |    8| ap_ctrl_hs | relu<ap_fixed<16, 6, 5, 3, 0>, ap_ufixed<8, 0, 4, 0, 0>, relu_config7> | return value |
|ap_return_94    | out |    8| ap_ctrl_hs | relu<ap_fixed<16, 6, 5, 3, 0>, ap_ufixed<8, 0, 4, 0, 0>, relu_config7> | return value |
|ap_return_95    | out |    8| ap_ctrl_hs | relu<ap_fixed<16, 6, 5, 3, 0>, ap_ufixed<8, 0, 4, 0, 0>, relu_config7> | return value |
|ap_return_96    | out |    8| ap_ctrl_hs | relu<ap_fixed<16, 6, 5, 3, 0>, ap_ufixed<8, 0, 4, 0, 0>, relu_config7> | return value |
|ap_return_97    | out |    8| ap_ctrl_hs | relu<ap_fixed<16, 6, 5, 3, 0>, ap_ufixed<8, 0, 4, 0, 0>, relu_config7> | return value |
|ap_return_98    | out |    8| ap_ctrl_hs | relu<ap_fixed<16, 6, 5, 3, 0>, ap_ufixed<8, 0, 4, 0, 0>, relu_config7> | return value |
|ap_return_99    | out |    8| ap_ctrl_hs | relu<ap_fixed<16, 6, 5, 3, 0>, ap_ufixed<8, 0, 4, 0, 0>, relu_config7> | return value |
|data_0_V_read   |  in |    1|   ap_none  |                              data_0_V_read                             |    scalar    |
|data_1_V_read   |  in |    1|   ap_none  |                              data_1_V_read                             |    scalar    |
|data_2_V_read   |  in |   16|   ap_none  |                              data_2_V_read                             |    scalar    |
|data_3_V_read   |  in |   16|   ap_none  |                              data_3_V_read                             |    scalar    |
|data_4_V_read   |  in |   16|   ap_none  |                              data_4_V_read                             |    scalar    |
|data_5_V_read   |  in |    1|   ap_none  |                              data_5_V_read                             |    scalar    |
|data_6_V_read   |  in |    1|   ap_none  |                              data_6_V_read                             |    scalar    |
|data_7_V_read   |  in |    1|   ap_none  |                              data_7_V_read                             |    scalar    |
|data_8_V_read   |  in |    1|   ap_none  |                              data_8_V_read                             |    scalar    |
|data_9_V_read   |  in |    1|   ap_none  |                              data_9_V_read                             |    scalar    |
|data_10_V_read  |  in |    1|   ap_none  |                             data_10_V_read                             |    scalar    |
|data_11_V_read  |  in |    1|   ap_none  |                             data_11_V_read                             |    scalar    |
|data_12_V_read  |  in |   16|   ap_none  |                             data_12_V_read                             |    scalar    |
|data_13_V_read  |  in |   16|   ap_none  |                             data_13_V_read                             |    scalar    |
|data_14_V_read  |  in |   16|   ap_none  |                             data_14_V_read                             |    scalar    |
|data_15_V_read  |  in |    1|   ap_none  |                             data_15_V_read                             |    scalar    |
|data_16_V_read  |  in |    1|   ap_none  |                             data_16_V_read                             |    scalar    |
|data_17_V_read  |  in |    1|   ap_none  |                             data_17_V_read                             |    scalar    |
|data_18_V_read  |  in |    1|   ap_none  |                             data_18_V_read                             |    scalar    |
|data_19_V_read  |  in |    1|   ap_none  |                             data_19_V_read                             |    scalar    |
|data_20_V_read  |  in |    1|   ap_none  |                             data_20_V_read                             |    scalar    |
|data_21_V_read  |  in |    1|   ap_none  |                             data_21_V_read                             |    scalar    |
|data_22_V_read  |  in |   16|   ap_none  |                             data_22_V_read                             |    scalar    |
|data_23_V_read  |  in |   16|   ap_none  |                             data_23_V_read                             |    scalar    |
|data_24_V_read  |  in |   16|   ap_none  |                             data_24_V_read                             |    scalar    |
|data_25_V_read  |  in |    1|   ap_none  |                             data_25_V_read                             |    scalar    |
|data_26_V_read  |  in |    1|   ap_none  |                             data_26_V_read                             |    scalar    |
|data_27_V_read  |  in |    1|   ap_none  |                             data_27_V_read                             |    scalar    |
|data_28_V_read  |  in |    1|   ap_none  |                             data_28_V_read                             |    scalar    |
|data_29_V_read  |  in |    1|   ap_none  |                             data_29_V_read                             |    scalar    |
|data_30_V_read  |  in |    1|   ap_none  |                             data_30_V_read                             |    scalar    |
|data_31_V_read  |  in |    1|   ap_none  |                             data_31_V_read                             |    scalar    |
|data_32_V_read  |  in |   16|   ap_none  |                             data_32_V_read                             |    scalar    |
|data_33_V_read  |  in |   16|   ap_none  |                             data_33_V_read                             |    scalar    |
|data_34_V_read  |  in |   16|   ap_none  |                             data_34_V_read                             |    scalar    |
|data_35_V_read  |  in |    1|   ap_none  |                             data_35_V_read                             |    scalar    |
|data_36_V_read  |  in |    1|   ap_none  |                             data_36_V_read                             |    scalar    |
|data_37_V_read  |  in |    1|   ap_none  |                             data_37_V_read                             |    scalar    |
|data_38_V_read  |  in |    1|   ap_none  |                             data_38_V_read                             |    scalar    |
|data_39_V_read  |  in |    1|   ap_none  |                             data_39_V_read                             |    scalar    |
|data_40_V_read  |  in |    1|   ap_none  |                             data_40_V_read                             |    scalar    |
|data_41_V_read  |  in |    1|   ap_none  |                             data_41_V_read                             |    scalar    |
|data_42_V_read  |  in |   16|   ap_none  |                             data_42_V_read                             |    scalar    |
|data_43_V_read  |  in |   16|   ap_none  |                             data_43_V_read                             |    scalar    |
|data_44_V_read  |  in |   16|   ap_none  |                             data_44_V_read                             |    scalar    |
|data_45_V_read  |  in |    1|   ap_none  |                             data_45_V_read                             |    scalar    |
|data_46_V_read  |  in |    1|   ap_none  |                             data_46_V_read                             |    scalar    |
|data_47_V_read  |  in |    1|   ap_none  |                             data_47_V_read                             |    scalar    |
|data_48_V_read  |  in |    1|   ap_none  |                             data_48_V_read                             |    scalar    |
|data_49_V_read  |  in |    1|   ap_none  |                             data_49_V_read                             |    scalar    |
|data_50_V_read  |  in |    1|   ap_none  |                             data_50_V_read                             |    scalar    |
|data_51_V_read  |  in |    1|   ap_none  |                             data_51_V_read                             |    scalar    |
|data_52_V_read  |  in |   16|   ap_none  |                             data_52_V_read                             |    scalar    |
|data_53_V_read  |  in |   16|   ap_none  |                             data_53_V_read                             |    scalar    |
|data_54_V_read  |  in |   16|   ap_none  |                             data_54_V_read                             |    scalar    |
|data_55_V_read  |  in |    1|   ap_none  |                             data_55_V_read                             |    scalar    |
|data_56_V_read  |  in |    1|   ap_none  |                             data_56_V_read                             |    scalar    |
|data_57_V_read  |  in |    1|   ap_none  |                             data_57_V_read                             |    scalar    |
|data_58_V_read  |  in |    1|   ap_none  |                             data_58_V_read                             |    scalar    |
|data_59_V_read  |  in |    1|   ap_none  |                             data_59_V_read                             |    scalar    |
|data_60_V_read  |  in |    1|   ap_none  |                             data_60_V_read                             |    scalar    |
|data_61_V_read  |  in |    1|   ap_none  |                             data_61_V_read                             |    scalar    |
|data_62_V_read  |  in |   16|   ap_none  |                             data_62_V_read                             |    scalar    |
|data_63_V_read  |  in |   16|   ap_none  |                             data_63_V_read                             |    scalar    |
|data_64_V_read  |  in |   16|   ap_none  |                             data_64_V_read                             |    scalar    |
|data_65_V_read  |  in |    1|   ap_none  |                             data_65_V_read                             |    scalar    |
|data_66_V_read  |  in |    1|   ap_none  |                             data_66_V_read                             |    scalar    |
|data_67_V_read  |  in |    1|   ap_none  |                             data_67_V_read                             |    scalar    |
|data_68_V_read  |  in |    1|   ap_none  |                             data_68_V_read                             |    scalar    |
|data_69_V_read  |  in |    1|   ap_none  |                             data_69_V_read                             |    scalar    |
|data_70_V_read  |  in |    1|   ap_none  |                             data_70_V_read                             |    scalar    |
|data_71_V_read  |  in |    1|   ap_none  |                             data_71_V_read                             |    scalar    |
|data_72_V_read  |  in |   16|   ap_none  |                             data_72_V_read                             |    scalar    |
|data_73_V_read  |  in |   16|   ap_none  |                             data_73_V_read                             |    scalar    |
|data_74_V_read  |  in |   16|   ap_none  |                             data_74_V_read                             |    scalar    |
|data_75_V_read  |  in |    1|   ap_none  |                             data_75_V_read                             |    scalar    |
|data_76_V_read  |  in |    1|   ap_none  |                             data_76_V_read                             |    scalar    |
|data_77_V_read  |  in |    1|   ap_none  |                             data_77_V_read                             |    scalar    |
|data_78_V_read  |  in |    1|   ap_none  |                             data_78_V_read                             |    scalar    |
|data_79_V_read  |  in |    1|   ap_none  |                             data_79_V_read                             |    scalar    |
|data_80_V_read  |  in |    1|   ap_none  |                             data_80_V_read                             |    scalar    |
|data_81_V_read  |  in |    1|   ap_none  |                             data_81_V_read                             |    scalar    |
|data_82_V_read  |  in |   16|   ap_none  |                             data_82_V_read                             |    scalar    |
|data_83_V_read  |  in |   16|   ap_none  |                             data_83_V_read                             |    scalar    |
|data_84_V_read  |  in |   16|   ap_none  |                             data_84_V_read                             |    scalar    |
|data_85_V_read  |  in |    1|   ap_none  |                             data_85_V_read                             |    scalar    |
|data_86_V_read  |  in |    1|   ap_none  |                             data_86_V_read                             |    scalar    |
|data_87_V_read  |  in |    1|   ap_none  |                             data_87_V_read                             |    scalar    |
|data_88_V_read  |  in |    1|   ap_none  |                             data_88_V_read                             |    scalar    |
|data_89_V_read  |  in |    1|   ap_none  |                             data_89_V_read                             |    scalar    |
|data_90_V_read  |  in |    1|   ap_none  |                             data_90_V_read                             |    scalar    |
|data_91_V_read  |  in |    1|   ap_none  |                             data_91_V_read                             |    scalar    |
|data_92_V_read  |  in |   16|   ap_none  |                             data_92_V_read                             |    scalar    |
|data_93_V_read  |  in |   16|   ap_none  |                             data_93_V_read                             |    scalar    |
|data_94_V_read  |  in |   16|   ap_none  |                             data_94_V_read                             |    scalar    |
|data_95_V_read  |  in |    1|   ap_none  |                             data_95_V_read                             |    scalar    |
|data_96_V_read  |  in |    1|   ap_none  |                             data_96_V_read                             |    scalar    |
|data_97_V_read  |  in |    1|   ap_none  |                             data_97_V_read                             |    scalar    |
|data_98_V_read  |  in |    1|   ap_none  |                             data_98_V_read                             |    scalar    |
|data_99_V_read  |  in |    1|   ap_none  |                             data_99_V_read                             |    scalar    |
+----------------+-----+-----+------------+------------------------------------------------------------------------+--------------+

