

================================================================
== Vivado HLS Report for 'relu_ap_fixed_16_6_5_3_0_ap_ufixed_8_0_4_0_0_relu_config4_s'
================================================================
* Date:           Wed Nov 15 18:38:02 2023

* Version:        2019.2 (Build 2704478 on Wed Nov 06 22:10:23 MST 2019)
* Project:        myproject_prj
* Solution:       solution1
* Product family: virtexuplus
* Target device:  xcu250-figd2104-2L-e


================================================================
== Performance Estimates
================================================================
+ Timing: 
    * Summary: 
    +--------+---------+----------+------------+
    |  Clock |  Target | Estimated| Uncertainty|
    +--------+---------+----------+------------+
    |ap_clk  | 5.00 ns | 0.979 ns |   0.62 ns  |
    +--------+---------+----------+------------+

+ Latency: 
    * Summary: 
    +---------+---------+----------+----------+-----+-----+----------+
    |  Latency (cycles) |  Latency (absolute) |  Interval | Pipeline |
    |   min   |   max   |    min   |    max   | min | max |   Type   |
    +---------+---------+----------+----------+-----+-----+----------+
    |        0|        0|   0 ns   |   0 ns   |    1|    1| function |
    +---------+---------+----------+----------+-----+-----+----------+

    + Detail: 
        * Instance: 
        N/A

        * Loop: 
        N/A



================================================================
== Utilization Estimates
================================================================
* Summary: 
+---------------------+---------+-------+---------+---------+------+
|         Name        | BRAM_18K| DSP48E|    FF   |   LUT   | URAM |
+---------------------+---------+-------+---------+---------+------+
|DSP                  |        -|      -|        -|        -|     -|
|Expression           |        -|      -|        0|     2072|     -|
|FIFO                 |        -|      -|        -|        -|     -|
|Instance             |        -|      -|        -|        -|     -|
|Memory               |        -|      -|        -|        -|     -|
|Multiplexer          |        -|      -|        -|      279|     -|
|Register             |        -|      -|      242|        -|     -|
+---------------------+---------+-------+---------+---------+------+
|Total                |        0|      0|      242|     2351|     0|
+---------------------+---------+-------+---------+---------+------+
|Available SLR        |     1344|   3072|   864000|   432000|   320|
+---------------------+---------+-------+---------+---------+------+
|Utilization SLR (%)  |        0|      0|    ~0   |    ~0   |     0|
+---------------------+---------+-------+---------+---------+------+
|Available            |     5376|  12288|  3456000|  1728000|  1280|
+---------------------+---------+-------+---------+---------+------+
|Utilization (%)      |        0|      0|    ~0   |    ~0   |     0|
+---------------------+---------+-------+---------+---------+------+

+ Detail: 
    * Instance: 
    N/A

    * DSP48E: 
    N/A

    * Memory: 
    N/A

    * FIFO: 
    N/A

    * Expression: 
    +-----------------------------+----------+-------+---+----+------------+------------+
    |        Variable Name        | Operation| DSP48E| FF| LUT| Bitwidth P0| Bitwidth P1|
    +-----------------------------+----------+-------+---+----+------------+------------+
    |add_ln415_30_fu_476_p2       |     +    |      0|  0|   8|           8|           8|
    |add_ln415_31_fu_608_p2       |     +    |      0|  0|   8|           8|           8|
    |add_ln415_32_fu_740_p2       |     +    |      0|  0|   8|           8|           8|
    |add_ln415_33_fu_872_p2       |     +    |      0|  0|   8|           8|           8|
    |add_ln415_34_fu_1004_p2      |     +    |      0|  0|   8|           8|           8|
    |add_ln415_35_fu_1136_p2      |     +    |      0|  0|   8|           8|           8|
    |add_ln415_36_fu_1268_p2      |     +    |      0|  0|   8|           8|           8|
    |add_ln415_37_fu_1400_p2      |     +    |      0|  0|   8|           8|           8|
    |add_ln415_38_fu_1532_p2      |     +    |      0|  0|   8|           8|           8|
    |add_ln415_39_fu_1664_p2      |     +    |      0|  0|   8|           8|           8|
    |add_ln415_40_fu_1796_p2      |     +    |      0|  0|   8|           8|           8|
    |add_ln415_41_fu_1928_p2      |     +    |      0|  0|   8|           8|           8|
    |add_ln415_42_fu_2060_p2      |     +    |      0|  0|   8|           8|           8|
    |add_ln415_43_fu_2192_p2      |     +    |      0|  0|   8|           8|           8|
    |add_ln415_44_fu_2324_p2      |     +    |      0|  0|   8|           8|           8|
    |add_ln415_45_fu_2456_p2      |     +    |      0|  0|   8|           8|           8|
    |add_ln415_46_fu_2588_p2      |     +    |      0|  0|   8|           8|           8|
    |add_ln415_47_fu_2720_p2      |     +    |      0|  0|   8|           8|           8|
    |add_ln415_48_fu_2852_p2      |     +    |      0|  0|   8|           8|           8|
    |add_ln415_49_fu_2984_p2      |     +    |      0|  0|   8|           8|           8|
    |add_ln415_50_fu_3116_p2      |     +    |      0|  0|   8|           8|           8|
    |add_ln415_51_fu_3248_p2      |     +    |      0|  0|   8|           8|           8|
    |add_ln415_52_fu_3380_p2      |     +    |      0|  0|   8|           8|           8|
    |add_ln415_53_fu_3512_p2      |     +    |      0|  0|   8|           8|           8|
    |add_ln415_54_fu_3644_p2      |     +    |      0|  0|   8|           8|           8|
    |add_ln415_55_fu_3776_p2      |     +    |      0|  0|   8|           8|           8|
    |add_ln415_56_fu_3908_p2      |     +    |      0|  0|   8|           8|           8|
    |add_ln415_57_fu_4040_p2      |     +    |      0|  0|   8|           8|           8|
    |add_ln415_58_fu_4172_p2      |     +    |      0|  0|   8|           8|           8|
    |add_ln415_fu_344_p2          |     +    |      0|  0|   8|           8|           8|
    |and_ln415_30_fu_466_p2       |    and   |      0|  0|   2|           1|           1|
    |and_ln415_31_fu_598_p2       |    and   |      0|  0|   2|           1|           1|
    |and_ln415_32_fu_730_p2       |    and   |      0|  0|   2|           1|           1|
    |and_ln415_33_fu_862_p2       |    and   |      0|  0|   2|           1|           1|
    |and_ln415_34_fu_994_p2       |    and   |      0|  0|   2|           1|           1|
    |and_ln415_35_fu_1126_p2      |    and   |      0|  0|   2|           1|           1|
    |and_ln415_36_fu_1258_p2      |    and   |      0|  0|   2|           1|           1|
    |and_ln415_37_fu_1390_p2      |    and   |      0|  0|   2|           1|           1|
    |and_ln415_38_fu_1522_p2      |    and   |      0|  0|   2|           1|           1|
    |and_ln415_39_fu_1654_p2      |    and   |      0|  0|   2|           1|           1|
    |and_ln415_40_fu_1786_p2      |    and   |      0|  0|   2|           1|           1|
    |and_ln415_41_fu_1918_p2      |    and   |      0|  0|   2|           1|           1|
    |and_ln415_42_fu_2050_p2      |    and   |      0|  0|   2|           1|           1|
    |and_ln415_43_fu_2182_p2      |    and   |      0|  0|   2|           1|           1|
    |and_ln415_44_fu_2314_p2      |    and   |      0|  0|   2|           1|           1|
    |and_ln415_45_fu_2446_p2      |    and   |      0|  0|   2|           1|           1|
    |and_ln415_46_fu_2578_p2      |    and   |      0|  0|   2|           1|           1|
    |and_ln415_47_fu_2710_p2      |    and   |      0|  0|   2|           1|           1|
    |and_ln415_48_fu_2842_p2      |    and   |      0|  0|   2|           1|           1|
    |and_ln415_49_fu_2974_p2      |    and   |      0|  0|   2|           1|           1|
    |and_ln415_50_fu_3106_p2      |    and   |      0|  0|   2|           1|           1|
    |and_ln415_51_fu_3238_p2      |    and   |      0|  0|   2|           1|           1|
    |and_ln415_52_fu_3370_p2      |    and   |      0|  0|   2|           1|           1|
    |and_ln415_53_fu_3502_p2      |    and   |      0|  0|   2|           1|           1|
    |and_ln415_54_fu_3634_p2      |    and   |      0|  0|   2|           1|           1|
    |and_ln415_55_fu_3766_p2      |    and   |      0|  0|   2|           1|           1|
    |and_ln415_56_fu_3898_p2      |    and   |      0|  0|   2|           1|           1|
    |and_ln415_57_fu_4030_p2      |    and   |      0|  0|   2|           1|           1|
    |and_ln415_58_fu_4162_p2      |    and   |      0|  0|   2|           1|           1|
    |and_ln415_fu_334_p2          |    and   |      0|  0|   2|           1|           1|
    |and_ln416_30_fu_496_p2       |    and   |      0|  0|   2|           1|           1|
    |and_ln416_31_fu_628_p2       |    and   |      0|  0|   2|           1|           1|
    |and_ln416_32_fu_760_p2       |    and   |      0|  0|   2|           1|           1|
    |and_ln416_33_fu_892_p2       |    and   |      0|  0|   2|           1|           1|
    |and_ln416_34_fu_1024_p2      |    and   |      0|  0|   2|           1|           1|
    |and_ln416_35_fu_1156_p2      |    and   |      0|  0|   2|           1|           1|
    |and_ln416_36_fu_1288_p2      |    and   |      0|  0|   2|           1|           1|
    |and_ln416_37_fu_1420_p2      |    and   |      0|  0|   2|           1|           1|
    |and_ln416_38_fu_1552_p2      |    and   |      0|  0|   2|           1|           1|
    |and_ln416_39_fu_1684_p2      |    and   |      0|  0|   2|           1|           1|
    |and_ln416_40_fu_1816_p2      |    and   |      0|  0|   2|           1|           1|
    |and_ln416_41_fu_1948_p2      |    and   |      0|  0|   2|           1|           1|
    |and_ln416_42_fu_2080_p2      |    and   |      0|  0|   2|           1|           1|
    |and_ln416_43_fu_2212_p2      |    and   |      0|  0|   2|           1|           1|
    |and_ln416_44_fu_2344_p2      |    and   |      0|  0|   2|           1|           1|
    |and_ln416_45_fu_2476_p2      |    and   |      0|  0|   2|           1|           1|
    |and_ln416_46_fu_2608_p2      |    and   |      0|  0|   2|           1|           1|
    |and_ln416_47_fu_2740_p2      |    and   |      0|  0|   2|           1|           1|
    |and_ln416_48_fu_2872_p2      |    and   |      0|  0|   2|           1|           1|
    |and_ln416_49_fu_3004_p2      |    and   |      0|  0|   2|           1|           1|
    |and_ln416_50_fu_3136_p2      |    and   |      0|  0|   2|           1|           1|
    |and_ln416_51_fu_3268_p2      |    and   |      0|  0|   2|           1|           1|
    |and_ln416_52_fu_3400_p2      |    and   |      0|  0|   2|           1|           1|
    |and_ln416_53_fu_3532_p2      |    and   |      0|  0|   2|           1|           1|
    |and_ln416_54_fu_3664_p2      |    and   |      0|  0|   2|           1|           1|
    |and_ln416_55_fu_3796_p2      |    and   |      0|  0|   2|           1|           1|
    |and_ln416_56_fu_3928_p2      |    and   |      0|  0|   2|           1|           1|
    |and_ln416_57_fu_4060_p2      |    and   |      0|  0|   2|           1|           1|
    |and_ln416_58_fu_4192_p2      |    and   |      0|  0|   2|           1|           1|
    |and_ln416_fu_364_p2          |    and   |      0|  0|   2|           1|           1|
    |icmp_ln1494_30_fu_416_p2     |   icmp   |      0|  0|  13|          16|           1|
    |icmp_ln1494_31_fu_548_p2     |   icmp   |      0|  0|  13|          16|           1|
    |icmp_ln1494_32_fu_680_p2     |   icmp   |      0|  0|  13|          16|           1|
    |icmp_ln1494_33_fu_812_p2     |   icmp   |      0|  0|  13|          16|           1|
    |icmp_ln1494_34_fu_944_p2     |   icmp   |      0|  0|  13|          16|           1|
    |icmp_ln1494_35_fu_1076_p2    |   icmp   |      0|  0|  13|          16|           1|
    |icmp_ln1494_36_fu_1208_p2    |   icmp   |      0|  0|  13|          16|           1|
    |icmp_ln1494_37_fu_1340_p2    |   icmp   |      0|  0|  13|          16|           1|
    |icmp_ln1494_38_fu_1472_p2    |   icmp   |      0|  0|  13|          16|           1|
    |icmp_ln1494_39_fu_1604_p2    |   icmp   |      0|  0|  13|          16|           1|
    |icmp_ln1494_40_fu_1736_p2    |   icmp   |      0|  0|  13|          16|           1|
    |icmp_ln1494_41_fu_1868_p2    |   icmp   |      0|  0|  13|          16|           1|
    |icmp_ln1494_42_fu_2000_p2    |   icmp   |      0|  0|  13|          16|           1|
    |icmp_ln1494_43_fu_2132_p2    |   icmp   |      0|  0|  13|          16|           1|
    |icmp_ln1494_44_fu_2264_p2    |   icmp   |      0|  0|  13|          16|           1|
    |icmp_ln1494_45_fu_2396_p2    |   icmp   |      0|  0|  13|          16|           1|
    |icmp_ln1494_46_fu_2528_p2    |   icmp   |      0|  0|  13|          16|           1|
    |icmp_ln1494_47_fu_2660_p2    |   icmp   |      0|  0|  13|          16|           1|
    |icmp_ln1494_48_fu_2792_p2    |   icmp   |      0|  0|  13|          16|           1|
    |icmp_ln1494_49_fu_2924_p2    |   icmp   |      0|  0|  13|          16|           1|
    |icmp_ln1494_50_fu_3056_p2    |   icmp   |      0|  0|  13|          16|           1|
    |icmp_ln1494_51_fu_3188_p2    |   icmp   |      0|  0|  13|          16|           1|
    |icmp_ln1494_52_fu_3320_p2    |   icmp   |      0|  0|  13|          16|           1|
    |icmp_ln1494_53_fu_3452_p2    |   icmp   |      0|  0|  13|          16|           1|
    |icmp_ln1494_54_fu_3584_p2    |   icmp   |      0|  0|  13|          16|           1|
    |icmp_ln1494_55_fu_3716_p2    |   icmp   |      0|  0|  13|          16|           1|
    |icmp_ln1494_56_fu_3848_p2    |   icmp   |      0|  0|  13|          16|           1|
    |icmp_ln1494_57_fu_3980_p2    |   icmp   |      0|  0|  13|          16|           1|
    |icmp_ln1494_58_fu_4112_p2    |   icmp   |      0|  0|  13|          16|           1|
    |icmp_ln1494_fu_284_p2        |   icmp   |      0|  0|  13|          16|           1|
    |icmp_ln768_30_fu_518_p2      |   icmp   |      0|  0|  11|           6|           1|
    |icmp_ln768_31_fu_650_p2      |   icmp   |      0|  0|  11|           6|           1|
    |icmp_ln768_32_fu_782_p2      |   icmp   |      0|  0|  11|           6|           1|
    |icmp_ln768_33_fu_914_p2      |   icmp   |      0|  0|  11|           6|           1|
    |icmp_ln768_34_fu_1046_p2     |   icmp   |      0|  0|  11|           6|           1|
    |icmp_ln768_35_fu_1178_p2     |   icmp   |      0|  0|  11|           6|           1|
    |icmp_ln768_36_fu_1310_p2     |   icmp   |      0|  0|  11|           6|           1|
    |icmp_ln768_37_fu_1442_p2     |   icmp   |      0|  0|  11|           6|           1|
    |icmp_ln768_38_fu_1574_p2     |   icmp   |      0|  0|  11|           6|           1|
    |icmp_ln768_39_fu_1706_p2     |   icmp   |      0|  0|  11|           6|           1|
    |icmp_ln768_40_fu_1838_p2     |   icmp   |      0|  0|  11|           6|           1|
    |icmp_ln768_41_fu_1970_p2     |   icmp   |      0|  0|  11|           6|           1|
    |icmp_ln768_42_fu_2102_p2     |   icmp   |      0|  0|  11|           6|           1|
    |icmp_ln768_43_fu_2234_p2     |   icmp   |      0|  0|  11|           6|           1|
    |icmp_ln768_44_fu_2366_p2     |   icmp   |      0|  0|  11|           6|           1|
    |icmp_ln768_45_fu_2498_p2     |   icmp   |      0|  0|  11|           6|           1|
    |icmp_ln768_46_fu_2630_p2     |   icmp   |      0|  0|  11|           6|           1|
    |icmp_ln768_47_fu_2762_p2     |   icmp   |      0|  0|  11|           6|           1|
    |icmp_ln768_48_fu_2894_p2     |   icmp   |      0|  0|  11|           6|           1|
    |icmp_ln768_49_fu_3026_p2     |   icmp   |      0|  0|  11|           6|           1|
    |icmp_ln768_50_fu_3158_p2     |   icmp   |      0|  0|  11|           6|           1|
    |icmp_ln768_51_fu_3290_p2     |   icmp   |      0|  0|  11|           6|           1|
    |icmp_ln768_52_fu_3422_p2     |   icmp   |      0|  0|  11|           6|           1|
    |icmp_ln768_53_fu_3554_p2     |   icmp   |      0|  0|  11|           6|           1|
    |icmp_ln768_54_fu_3686_p2     |   icmp   |      0|  0|  11|           6|           1|
    |icmp_ln768_55_fu_3818_p2     |   icmp   |      0|  0|  11|           6|           1|
    |icmp_ln768_56_fu_3950_p2     |   icmp   |      0|  0|  11|           6|           1|
    |icmp_ln768_57_fu_4082_p2     |   icmp   |      0|  0|  11|           6|           1|
    |icmp_ln768_58_fu_4214_p2     |   icmp   |      0|  0|  11|           6|           1|
    |icmp_ln768_fu_386_p2         |   icmp   |      0|  0|  11|           6|           1|
    |icmp_ln879_30_fu_512_p2      |   icmp   |      0|  0|  11|           6|           2|
    |icmp_ln879_31_fu_644_p2      |   icmp   |      0|  0|  11|           6|           2|
    |icmp_ln879_32_fu_776_p2      |   icmp   |      0|  0|  11|           6|           2|
    |icmp_ln879_33_fu_908_p2      |   icmp   |      0|  0|  11|           6|           2|
    |icmp_ln879_34_fu_1040_p2     |   icmp   |      0|  0|  11|           6|           2|
    |icmp_ln879_35_fu_1172_p2     |   icmp   |      0|  0|  11|           6|           2|
    |icmp_ln879_36_fu_1304_p2     |   icmp   |      0|  0|  11|           6|           2|
    |icmp_ln879_37_fu_1436_p2     |   icmp   |      0|  0|  11|           6|           2|
    |icmp_ln879_38_fu_1568_p2     |   icmp   |      0|  0|  11|           6|           2|
    |icmp_ln879_39_fu_1700_p2     |   icmp   |      0|  0|  11|           6|           2|
    |icmp_ln879_40_fu_1832_p2     |   icmp   |      0|  0|  11|           6|           2|
    |icmp_ln879_41_fu_1964_p2     |   icmp   |      0|  0|  11|           6|           2|
    |icmp_ln879_42_fu_2096_p2     |   icmp   |      0|  0|  11|           6|           2|
    |icmp_ln879_43_fu_2228_p2     |   icmp   |      0|  0|  11|           6|           2|
    |icmp_ln879_44_fu_2360_p2     |   icmp   |      0|  0|  11|           6|           2|
    |icmp_ln879_45_fu_2492_p2     |   icmp   |      0|  0|  11|           6|           2|
    |icmp_ln879_46_fu_2624_p2     |   icmp   |      0|  0|  11|           6|           2|
    |icmp_ln879_47_fu_2756_p2     |   icmp   |      0|  0|  11|           6|           2|
    |icmp_ln879_48_fu_2888_p2     |   icmp   |      0|  0|  11|           6|           2|
    |icmp_ln879_49_fu_3020_p2     |   icmp   |      0|  0|  11|           6|           2|
    |icmp_ln879_50_fu_3152_p2     |   icmp   |      0|  0|  11|           6|           2|
    |icmp_ln879_51_fu_3284_p2     |   icmp   |      0|  0|  11|           6|           2|
    |icmp_ln879_52_fu_3416_p2     |   icmp   |      0|  0|  11|           6|           2|
    |icmp_ln879_53_fu_3548_p2     |   icmp   |      0|  0|  11|           6|           2|
    |icmp_ln879_54_fu_3680_p2     |   icmp   |      0|  0|  11|           6|           2|
    |icmp_ln879_55_fu_3812_p2     |   icmp   |      0|  0|  11|           6|           2|
    |icmp_ln879_56_fu_3944_p2     |   icmp   |      0|  0|  11|           6|           2|
    |icmp_ln879_57_fu_4076_p2     |   icmp   |      0|  0|  11|           6|           2|
    |icmp_ln879_58_fu_4208_p2     |   icmp   |      0|  0|  11|           6|           2|
    |icmp_ln879_fu_380_p2         |   icmp   |      0|  0|  11|           6|           2|
    |ap_block_state1              |    or    |      0|  0|   2|           1|           1|
    |or_ln412_30_fu_452_p2        |    or    |      0|  0|   2|           1|           1|
    |or_ln412_31_fu_584_p2        |    or    |      0|  0|   2|           1|           1|
    |or_ln412_32_fu_716_p2        |    or    |      0|  0|   2|           1|           1|
    |or_ln412_33_fu_848_p2        |    or    |      0|  0|   2|           1|           1|
    |or_ln412_34_fu_980_p2        |    or    |      0|  0|   2|           1|           1|
    |or_ln412_35_fu_1112_p2       |    or    |      0|  0|   2|           1|           1|
    |or_ln412_36_fu_1244_p2       |    or    |      0|  0|   2|           1|           1|
    |or_ln412_37_fu_1376_p2       |    or    |      0|  0|   2|           1|           1|
    |or_ln412_38_fu_1508_p2       |    or    |      0|  0|   2|           1|           1|
    |or_ln412_39_fu_1640_p2       |    or    |      0|  0|   2|           1|           1|
    |or_ln412_40_fu_1772_p2       |    or    |      0|  0|   2|           1|           1|
    |or_ln412_41_fu_1904_p2       |    or    |      0|  0|   2|           1|           1|
    |or_ln412_42_fu_2036_p2       |    or    |      0|  0|   2|           1|           1|
    |or_ln412_43_fu_2168_p2       |    or    |      0|  0|   2|           1|           1|
    |or_ln412_44_fu_2300_p2       |    or    |      0|  0|   2|           1|           1|
    |or_ln412_45_fu_2432_p2       |    or    |      0|  0|   2|           1|           1|
    |or_ln412_46_fu_2564_p2       |    or    |      0|  0|   2|           1|           1|
    |or_ln412_47_fu_2696_p2       |    or    |      0|  0|   2|           1|           1|
    |or_ln412_48_fu_2828_p2       |    or    |      0|  0|   2|           1|           1|
    |or_ln412_49_fu_2960_p2       |    or    |      0|  0|   2|           1|           1|
    |or_ln412_50_fu_3092_p2       |    or    |      0|  0|   2|           1|           1|
    |or_ln412_51_fu_3224_p2       |    or    |      0|  0|   2|           1|           1|
    |or_ln412_52_fu_3356_p2       |    or    |      0|  0|   2|           1|           1|
    |or_ln412_53_fu_3488_p2       |    or    |      0|  0|   2|           1|           1|
    |or_ln412_54_fu_3620_p2       |    or    |      0|  0|   2|           1|           1|
    |or_ln412_55_fu_3752_p2       |    or    |      0|  0|   2|           1|           1|
    |or_ln412_56_fu_3884_p2       |    or    |      0|  0|   2|           1|           1|
    |or_ln412_57_fu_4016_p2       |    or    |      0|  0|   2|           1|           1|
    |or_ln412_58_fu_4148_p2       |    or    |      0|  0|   2|           1|           1|
    |or_ln412_fu_320_p2           |    or    |      0|  0|   2|           1|           1|
    |select_ln1494_30_fu_540_p3   |  select  |      0|  0|   8|           1|           8|
    |select_ln1494_31_fu_672_p3   |  select  |      0|  0|   8|           1|           8|
    |select_ln1494_32_fu_804_p3   |  select  |      0|  0|   8|           1|           8|
    |select_ln1494_33_fu_936_p3   |  select  |      0|  0|   8|           1|           8|
    |select_ln1494_34_fu_1068_p3  |  select  |      0|  0|   8|           1|           8|
    |select_ln1494_35_fu_1200_p3  |  select  |      0|  0|   8|           1|           8|
    |select_ln1494_36_fu_1332_p3  |  select  |      0|  0|   8|           1|           8|
    |select_ln1494_37_fu_1464_p3  |  select  |      0|  0|   8|           1|           8|
    |select_ln1494_38_fu_1596_p3  |  select  |      0|  0|   8|           1|           8|
    |select_ln1494_39_fu_1728_p3  |  select  |      0|  0|   8|           1|           8|
    |select_ln1494_40_fu_1860_p3  |  select  |      0|  0|   8|           1|           8|
    |select_ln1494_41_fu_1992_p3  |  select  |      0|  0|   8|           1|           8|
    |select_ln1494_42_fu_2124_p3  |  select  |      0|  0|   8|           1|           8|
    |select_ln1494_43_fu_2256_p3  |  select  |      0|  0|   8|           1|           8|
    |select_ln1494_44_fu_2388_p3  |  select  |      0|  0|   8|           1|           8|
    |select_ln1494_45_fu_2520_p3  |  select  |      0|  0|   8|           1|           8|
    |select_ln1494_46_fu_2652_p3  |  select  |      0|  0|   8|           1|           8|
    |select_ln1494_47_fu_2784_p3  |  select  |      0|  0|   8|           1|           8|
    |select_ln1494_48_fu_2916_p3  |  select  |      0|  0|   8|           1|           8|
    |select_ln1494_49_fu_3048_p3  |  select  |      0|  0|   8|           1|           8|
    |select_ln1494_50_fu_3180_p3  |  select  |      0|  0|   8|           1|           8|
    |select_ln1494_51_fu_3312_p3  |  select  |      0|  0|   8|           1|           8|
    |select_ln1494_52_fu_3444_p3  |  select  |      0|  0|   8|           1|           8|
    |select_ln1494_53_fu_3576_p3  |  select  |      0|  0|   8|           1|           8|
    |select_ln1494_54_fu_3708_p3  |  select  |      0|  0|   8|           1|           8|
    |select_ln1494_55_fu_3840_p3  |  select  |      0|  0|   8|           1|           8|
    |select_ln1494_56_fu_3972_p3  |  select  |      0|  0|   8|           1|           8|
    |select_ln1494_57_fu_4104_p3  |  select  |      0|  0|   8|           1|           8|
    |select_ln1494_58_fu_4236_p3  |  select  |      0|  0|   8|           1|           8|
    |select_ln1494_fu_408_p3      |  select  |      0|  0|   8|           1|           8|
    |select_ln340_30_fu_532_p3    |  select  |      0|  0|   8|           1|           8|
    |select_ln340_31_fu_664_p3    |  select  |      0|  0|   8|           1|           8|
    |select_ln340_32_fu_796_p3    |  select  |      0|  0|   8|           1|           8|
    |select_ln340_33_fu_928_p3    |  select  |      0|  0|   8|           1|           8|
    |select_ln340_34_fu_1060_p3   |  select  |      0|  0|   8|           1|           8|
    |select_ln340_35_fu_1192_p3   |  select  |      0|  0|   8|           1|           8|
    |select_ln340_36_fu_1324_p3   |  select  |      0|  0|   8|           1|           8|
    |select_ln340_37_fu_1456_p3   |  select  |      0|  0|   8|           1|           8|
    |select_ln340_38_fu_1588_p3   |  select  |      0|  0|   8|           1|           8|
    |select_ln340_39_fu_1720_p3   |  select  |      0|  0|   8|           1|           8|
    |select_ln340_40_fu_1852_p3   |  select  |      0|  0|   8|           1|           8|
    |select_ln340_41_fu_1984_p3   |  select  |      0|  0|   8|           1|           8|
    |select_ln340_42_fu_2116_p3   |  select  |      0|  0|   8|           1|           8|
    |select_ln340_43_fu_2248_p3   |  select  |      0|  0|   8|           1|           8|
    |select_ln340_44_fu_2380_p3   |  select  |      0|  0|   8|           1|           8|
    |select_ln340_45_fu_2512_p3   |  select  |      0|  0|   8|           1|           8|
    |select_ln340_46_fu_2644_p3   |  select  |      0|  0|   8|           1|           8|
    |select_ln340_47_fu_2776_p3   |  select  |      0|  0|   8|           1|           8|
    |select_ln340_48_fu_2908_p3   |  select  |      0|  0|   8|           1|           8|
    |select_ln340_49_fu_3040_p3   |  select  |      0|  0|   8|           1|           8|
    |select_ln340_50_fu_3172_p3   |  select  |      0|  0|   8|           1|           8|
    |select_ln340_51_fu_3304_p3   |  select  |      0|  0|   8|           1|           8|
    |select_ln340_52_fu_3436_p3   |  select  |      0|  0|   8|           1|           8|
    |select_ln340_53_fu_3568_p3   |  select  |      0|  0|   8|           1|           8|
    |select_ln340_54_fu_3700_p3   |  select  |      0|  0|   8|           1|           8|
    |select_ln340_55_fu_3832_p3   |  select  |      0|  0|   8|           1|           8|
    |select_ln340_56_fu_3964_p3   |  select  |      0|  0|   8|           1|           8|
    |select_ln340_57_fu_4096_p3   |  select  |      0|  0|   8|           1|           8|
    |select_ln340_58_fu_4228_p3   |  select  |      0|  0|   8|           1|           8|
    |select_ln340_fu_400_p3       |  select  |      0|  0|   8|           1|           8|
    |select_ln777_30_fu_524_p3    |  select  |      0|  0|   2|           1|           1|
    |select_ln777_31_fu_656_p3    |  select  |      0|  0|   2|           1|           1|
    |select_ln777_32_fu_788_p3    |  select  |      0|  0|   2|           1|           1|
    |select_ln777_33_fu_920_p3    |  select  |      0|  0|   2|           1|           1|
    |select_ln777_34_fu_1052_p3   |  select  |      0|  0|   2|           1|           1|
    |select_ln777_35_fu_1184_p3   |  select  |      0|  0|   2|           1|           1|
    |select_ln777_36_fu_1316_p3   |  select  |      0|  0|   2|           1|           1|
    |select_ln777_37_fu_1448_p3   |  select  |      0|  0|   2|           1|           1|
    |select_ln777_38_fu_1580_p3   |  select  |      0|  0|   2|           1|           1|
    |select_ln777_39_fu_1712_p3   |  select  |      0|  0|   2|           1|           1|
    |select_ln777_40_fu_1844_p3   |  select  |      0|  0|   2|           1|           1|
    |select_ln777_41_fu_1976_p3   |  select  |      0|  0|   2|           1|           1|
    |select_ln777_42_fu_2108_p3   |  select  |      0|  0|   2|           1|           1|
    |select_ln777_43_fu_2240_p3   |  select  |      0|  0|   2|           1|           1|
    |select_ln777_44_fu_2372_p3   |  select  |      0|  0|   2|           1|           1|
    |select_ln777_45_fu_2504_p3   |  select  |      0|  0|   2|           1|           1|
    |select_ln777_46_fu_2636_p3   |  select  |      0|  0|   2|           1|           1|
    |select_ln777_47_fu_2768_p3   |  select  |      0|  0|   2|           1|           1|
    |select_ln777_48_fu_2900_p3   |  select  |      0|  0|   2|           1|           1|
    |select_ln777_49_fu_3032_p3   |  select  |      0|  0|   2|           1|           1|
    |select_ln777_50_fu_3164_p3   |  select  |      0|  0|   2|           1|           1|
    |select_ln777_51_fu_3296_p3   |  select  |      0|  0|   2|           1|           1|
    |select_ln777_52_fu_3428_p3   |  select  |      0|  0|   2|           1|           1|
    |select_ln777_53_fu_3560_p3   |  select  |      0|  0|   2|           1|           1|
    |select_ln777_54_fu_3692_p3   |  select  |      0|  0|   2|           1|           1|
    |select_ln777_55_fu_3824_p3   |  select  |      0|  0|   2|           1|           1|
    |select_ln777_56_fu_3956_p3   |  select  |      0|  0|   2|           1|           1|
    |select_ln777_57_fu_4088_p3   |  select  |      0|  0|   2|           1|           1|
    |select_ln777_58_fu_4220_p3   |  select  |      0|  0|   2|           1|           1|
    |select_ln777_fu_392_p3       |  select  |      0|  0|   2|           1|           1|
    |xor_ln416_30_fu_490_p2       |    xor   |      0|  0|   2|           1|           2|
    |xor_ln416_31_fu_622_p2       |    xor   |      0|  0|   2|           1|           2|
    |xor_ln416_32_fu_754_p2       |    xor   |      0|  0|   2|           1|           2|
    |xor_ln416_33_fu_886_p2       |    xor   |      0|  0|   2|           1|           2|
    |xor_ln416_34_fu_1018_p2      |    xor   |      0|  0|   2|           1|           2|
    |xor_ln416_35_fu_1150_p2      |    xor   |      0|  0|   2|           1|           2|
    |xor_ln416_36_fu_1282_p2      |    xor   |      0|  0|   2|           1|           2|
    |xor_ln416_37_fu_1414_p2      |    xor   |      0|  0|   2|           1|           2|
    |xor_ln416_38_fu_1546_p2      |    xor   |      0|  0|   2|           1|           2|
    |xor_ln416_39_fu_1678_p2      |    xor   |      0|  0|   2|           1|           2|
    |xor_ln416_40_fu_1810_p2      |    xor   |      0|  0|   2|           1|           2|
    |xor_ln416_41_fu_1942_p2      |    xor   |      0|  0|   2|           1|           2|
    |xor_ln416_42_fu_2074_p2      |    xor   |      0|  0|   2|           1|           2|
    |xor_ln416_43_fu_2206_p2      |    xor   |      0|  0|   2|           1|           2|
    |xor_ln416_44_fu_2338_p2      |    xor   |      0|  0|   2|           1|           2|
    |xor_ln416_45_fu_2470_p2      |    xor   |      0|  0|   2|           1|           2|
    |xor_ln416_46_fu_2602_p2      |    xor   |      0|  0|   2|           1|           2|
    |xor_ln416_47_fu_2734_p2      |    xor   |      0|  0|   2|           1|           2|
    |xor_ln416_48_fu_2866_p2      |    xor   |      0|  0|   2|           1|           2|
    |xor_ln416_49_fu_2998_p2      |    xor   |      0|  0|   2|           1|           2|
    |xor_ln416_50_fu_3130_p2      |    xor   |      0|  0|   2|           1|           2|
    |xor_ln416_51_fu_3262_p2      |    xor   |      0|  0|   2|           1|           2|
    |xor_ln416_52_fu_3394_p2      |    xor   |      0|  0|   2|           1|           2|
    |xor_ln416_53_fu_3526_p2      |    xor   |      0|  0|   2|           1|           2|
    |xor_ln416_54_fu_3658_p2      |    xor   |      0|  0|   2|           1|           2|
    |xor_ln416_55_fu_3790_p2      |    xor   |      0|  0|   2|           1|           2|
    |xor_ln416_56_fu_3922_p2      |    xor   |      0|  0|   2|           1|           2|
    |xor_ln416_57_fu_4054_p2      |    xor   |      0|  0|   2|           1|           2|
    |xor_ln416_58_fu_4186_p2      |    xor   |      0|  0|   2|           1|           2|
    |xor_ln416_fu_358_p2          |    xor   |      0|  0|   2|           1|           2|
    +-----------------------------+----------+-------+---+----+------------+------------+
    |Total                        |          |      0|  0|2072|        1291|        1021|
    +-----------------------------+----------+-------+---+----+------------+------------+

    * Multiplexer: 
    +--------------+----+-----------+-----+-----------+
    |     Name     | LUT| Input Size| Bits| Total Bits|
    +--------------+----+-----------+-----+-----------+
    |ap_done       |   9|          2|    1|          2|
    |ap_return_0   |   9|          2|    8|         16|
    |ap_return_1   |   9|          2|    8|         16|
    |ap_return_10  |   9|          2|    8|         16|
    |ap_return_11  |   9|          2|    8|         16|
    |ap_return_12  |   9|          2|    8|         16|
    |ap_return_13  |   9|          2|    8|         16|
    |ap_return_14  |   9|          2|    8|         16|
    |ap_return_15  |   9|          2|    8|         16|
    |ap_return_16  |   9|          2|    8|         16|
    |ap_return_17  |   9|          2|    8|         16|
    |ap_return_18  |   9|          2|    8|         16|
    |ap_return_19  |   9|          2|    8|         16|
    |ap_return_2   |   9|          2|    8|         16|
    |ap_return_20  |   9|          2|    8|         16|
    |ap_return_21  |   9|          2|    8|         16|
    |ap_return_22  |   9|          2|    8|         16|
    |ap_return_23  |   9|          2|    8|         16|
    |ap_return_24  |   9|          2|    8|         16|
    |ap_return_25  |   9|          2|    8|         16|
    |ap_return_26  |   9|          2|    8|         16|
    |ap_return_27  |   9|          2|    8|         16|
    |ap_return_28  |   9|          2|    8|         16|
    |ap_return_29  |   9|          2|    8|         16|
    |ap_return_3   |   9|          2|    8|         16|
    |ap_return_4   |   9|          2|    8|         16|
    |ap_return_5   |   9|          2|    8|         16|
    |ap_return_6   |   9|          2|    8|         16|
    |ap_return_7   |   9|          2|    8|         16|
    |ap_return_8   |   9|          2|    8|         16|
    |ap_return_9   |   9|          2|    8|         16|
    +--------------+----+-----------+-----+-----------+
    |Total         | 279|         62|  241|        482|
    +--------------+----+-----------+-----+-----------+

    * Register: 
    +-------------------+---+----+-----+-----------+
    |        Name       | FF| LUT| Bits| Const Bits|
    +-------------------+---+----+-----+-----------+
    |ap_CS_fsm          |  1|   0|    1|          0|
    |ap_done_reg        |  1|   0|    1|          0|
    |ap_return_0_preg   |  8|   0|    8|          0|
    |ap_return_10_preg  |  8|   0|    8|          0|
    |ap_return_11_preg  |  8|   0|    8|          0|
    |ap_return_12_preg  |  8|   0|    8|          0|
    |ap_return_13_preg  |  8|   0|    8|          0|
    |ap_return_14_preg  |  8|   0|    8|          0|
    |ap_return_15_preg  |  8|   0|    8|          0|
    |ap_return_16_preg  |  8|   0|    8|          0|
    |ap_return_17_preg  |  8|   0|    8|          0|
    |ap_return_18_preg  |  8|   0|    8|          0|
    |ap_return_19_preg  |  8|   0|    8|          0|
    |ap_return_1_preg   |  8|   0|    8|          0|
    |ap_return_20_preg  |  8|   0|    8|          0|
    |ap_return_21_preg  |  8|   0|    8|          0|
    |ap_return_22_preg  |  8|   0|    8|          0|
    |ap_return_23_preg  |  8|   0|    8|          0|
    |ap_return_24_preg  |  8|   0|    8|          0|
    |ap_return_25_preg  |  8|   0|    8|          0|
    |ap_return_26_preg  |  8|   0|    8|          0|
    |ap_return_27_preg  |  8|   0|    8|          0|
    |ap_return_28_preg  |  8|   0|    8|          0|
    |ap_return_29_preg  |  8|   0|    8|          0|
    |ap_return_2_preg   |  8|   0|    8|          0|
    |ap_return_3_preg   |  8|   0|    8|          0|
    |ap_return_4_preg   |  8|   0|    8|          0|
    |ap_return_5_preg   |  8|   0|    8|          0|
    |ap_return_6_preg   |  8|   0|    8|          0|
    |ap_return_7_preg   |  8|   0|    8|          0|
    |ap_return_8_preg   |  8|   0|    8|          0|
    |ap_return_9_preg   |  8|   0|    8|          0|
    +-------------------+---+----+-----+-----------+
    |Total              |242|   0|  242|          0|
    +-------------------+---+----+-----+-----------+



================================================================
== Interface
================================================================
* Summary: 
+------------------+-----+-----+------------+------------------------------------------------------------------------+--------------+
|     RTL Ports    | Dir | Bits|  Protocol  |                              Source Object                             |    C Type    |
+------------------+-----+-----+------------+------------------------------------------------------------------------+--------------+
|ap_clk            |  in |    1| ap_ctrl_hs | relu<ap_fixed<16, 6, 5, 3, 0>, ap_ufixed<8, 0, 4, 0, 0>, relu_config4> | return value |
|ap_rst            |  in |    1| ap_ctrl_hs | relu<ap_fixed<16, 6, 5, 3, 0>, ap_ufixed<8, 0, 4, 0, 0>, relu_config4> | return value |
|ap_start          |  in |    1| ap_ctrl_hs | relu<ap_fixed<16, 6, 5, 3, 0>, ap_ufixed<8, 0, 4, 0, 0>, relu_config4> | return value |
|ap_done           | out |    1| ap_ctrl_hs | relu<ap_fixed<16, 6, 5, 3, 0>, ap_ufixed<8, 0, 4, 0, 0>, relu_config4> | return value |
|ap_continue       |  in |    1| ap_ctrl_hs | relu<ap_fixed<16, 6, 5, 3, 0>, ap_ufixed<8, 0, 4, 0, 0>, relu_config4> | return value |
|ap_idle           | out |    1| ap_ctrl_hs | relu<ap_fixed<16, 6, 5, 3, 0>, ap_ufixed<8, 0, 4, 0, 0>, relu_config4> | return value |
|ap_ready          | out |    1| ap_ctrl_hs | relu<ap_fixed<16, 6, 5, 3, 0>, ap_ufixed<8, 0, 4, 0, 0>, relu_config4> | return value |
|ap_return_0       | out |    8| ap_ctrl_hs | relu<ap_fixed<16, 6, 5, 3, 0>, ap_ufixed<8, 0, 4, 0, 0>, relu_config4> | return value |
|ap_return_1       | out |    8| ap_ctrl_hs | relu<ap_fixed<16, 6, 5, 3, 0>, ap_ufixed<8, 0, 4, 0, 0>, relu_config4> | return value |
|ap_return_2       | out |    8| ap_ctrl_hs | relu<ap_fixed<16, 6, 5, 3, 0>, ap_ufixed<8, 0, 4, 0, 0>, relu_config4> | return value |
|ap_return_3       | out |    8| ap_ctrl_hs | relu<ap_fixed<16, 6, 5, 3, 0>, ap_ufixed<8, 0, 4, 0, 0>, relu_config4> | return value |
|ap_return_4       | out |    8| ap_ctrl_hs | relu<ap_fixed<16, 6, 5, 3, 0>, ap_ufixed<8, 0, 4, 0, 0>, relu_config4> | return value |
|ap_return_5       | out |    8| ap_ctrl_hs | relu<ap_fixed<16, 6, 5, 3, 0>, ap_ufixed<8, 0, 4, 0, 0>, relu_config4> | return value |
|ap_return_6       | out |    8| ap_ctrl_hs | relu<ap_fixed<16, 6, 5, 3, 0>, ap_ufixed<8, 0, 4, 0, 0>, relu_config4> | return value |
|ap_return_7       | out |    8| ap_ctrl_hs | relu<ap_fixed<16, 6, 5, 3, 0>, ap_ufixed<8, 0, 4, 0, 0>, relu_config4> | return value |
|ap_return_8       | out |    8| ap_ctrl_hs | relu<ap_fixed<16, 6, 5, 3, 0>, ap_ufixed<8, 0, 4, 0, 0>, relu_config4> | return value |
|ap_return_9       | out |    8| ap_ctrl_hs | relu<ap_fixed<16, 6, 5, 3, 0>, ap_ufixed<8, 0, 4, 0, 0>, relu_config4> | return value |
|ap_return_10      | out |    8| ap_ctrl_hs | relu<ap_fixed<16, 6, 5, 3, 0>, ap_ufixed<8, 0, 4, 0, 0>, relu_config4> | return value |
|ap_return_11      | out |    8| ap_ctrl_hs | relu<ap_fixed<16, 6, 5, 3, 0>, ap_ufixed<8, 0, 4, 0, 0>, relu_config4> | return value |
|ap_return_12      | out |    8| ap_ctrl_hs | relu<ap_fixed<16, 6, 5, 3, 0>, ap_ufixed<8, 0, 4, 0, 0>, relu_config4> | return value |
|ap_return_13      | out |    8| ap_ctrl_hs | relu<ap_fixed<16, 6, 5, 3, 0>, ap_ufixed<8, 0, 4, 0, 0>, relu_config4> | return value |
|ap_return_14      | out |    8| ap_ctrl_hs | relu<ap_fixed<16, 6, 5, 3, 0>, ap_ufixed<8, 0, 4, 0, 0>, relu_config4> | return value |
|ap_return_15      | out |    8| ap_ctrl_hs | relu<ap_fixed<16, 6, 5, 3, 0>, ap_ufixed<8, 0, 4, 0, 0>, relu_config4> | return value |
|ap_return_16      | out |    8| ap_ctrl_hs | relu<ap_fixed<16, 6, 5, 3, 0>, ap_ufixed<8, 0, 4, 0, 0>, relu_config4> | return value |
|ap_return_17      | out |    8| ap_ctrl_hs | relu<ap_fixed<16, 6, 5, 3, 0>, ap_ufixed<8, 0, 4, 0, 0>, relu_config4> | return value |
|ap_return_18      | out |    8| ap_ctrl_hs | relu<ap_fixed<16, 6, 5, 3, 0>, ap_ufixed<8, 0, 4, 0, 0>, relu_config4> | return value |
|ap_return_19      | out |    8| ap_ctrl_hs | relu<ap_fixed<16, 6, 5, 3, 0>, ap_ufixed<8, 0, 4, 0, 0>, relu_config4> | return value |
|ap_return_20      | out |    8| ap_ctrl_hs | relu<ap_fixed<16, 6, 5, 3, 0>, ap_ufixed<8, 0, 4, 0, 0>, relu_config4> | return value |
|ap_return_21      | out |    8| ap_ctrl_hs | relu<ap_fixed<16, 6, 5, 3, 0>, ap_ufixed<8, 0, 4, 0, 0>, relu_config4> | return value |
|ap_return_22      | out |    8| ap_ctrl_hs | relu<ap_fixed<16, 6, 5, 3, 0>, ap_ufixed<8, 0, 4, 0, 0>, relu_config4> | return value |
|ap_return_23      | out |    8| ap_ctrl_hs | relu<ap_fixed<16, 6, 5, 3, 0>, ap_ufixed<8, 0, 4, 0, 0>, relu_config4> | return value |
|ap_return_24      | out |    8| ap_ctrl_hs | relu<ap_fixed<16, 6, 5, 3, 0>, ap_ufixed<8, 0, 4, 0, 0>, relu_config4> | return value |
|ap_return_25      | out |    8| ap_ctrl_hs | relu<ap_fixed<16, 6, 5, 3, 0>, ap_ufixed<8, 0, 4, 0, 0>, relu_config4> | return value |
|ap_return_26      | out |    8| ap_ctrl_hs | relu<ap_fixed<16, 6, 5, 3, 0>, ap_ufixed<8, 0, 4, 0, 0>, relu_config4> | return value |
|ap_return_27      | out |    8| ap_ctrl_hs | relu<ap_fixed<16, 6, 5, 3, 0>, ap_ufixed<8, 0, 4, 0, 0>, relu_config4> | return value |
|ap_return_28      | out |    8| ap_ctrl_hs | relu<ap_fixed<16, 6, 5, 3, 0>, ap_ufixed<8, 0, 4, 0, 0>, relu_config4> | return value |
|ap_return_29      | out |    8| ap_ctrl_hs | relu<ap_fixed<16, 6, 5, 3, 0>, ap_ufixed<8, 0, 4, 0, 0>, relu_config4> | return value |
|layer15_out_2_V   |  in |   16|   ap_none  |                             layer15_out_2_V                            |    scalar    |
|layer15_out_6_V   |  in |   16|   ap_none  |                             layer15_out_6_V                            |    scalar    |
|layer15_out_7_V   |  in |   16|   ap_none  |                             layer15_out_7_V                            |    scalar    |
|layer15_out_12_V  |  in |   16|   ap_none  |                            layer15_out_12_V                            |    scalar    |
|layer15_out_16_V  |  in |   16|   ap_none  |                            layer15_out_16_V                            |    scalar    |
|layer15_out_17_V  |  in |   16|   ap_none  |                            layer15_out_17_V                            |    scalar    |
|layer15_out_22_V  |  in |   16|   ap_none  |                            layer15_out_22_V                            |    scalar    |
|layer15_out_26_V  |  in |   16|   ap_none  |                            layer15_out_26_V                            |    scalar    |
|layer15_out_27_V  |  in |   16|   ap_none  |                            layer15_out_27_V                            |    scalar    |
|layer15_out_32_V  |  in |   16|   ap_none  |                            layer15_out_32_V                            |    scalar    |
|layer15_out_36_V  |  in |   16|   ap_none  |                            layer15_out_36_V                            |    scalar    |
|layer15_out_37_V  |  in |   16|   ap_none  |                            layer15_out_37_V                            |    scalar    |
|layer15_out_42_V  |  in |   16|   ap_none  |                            layer15_out_42_V                            |    scalar    |
|layer15_out_46_V  |  in |   16|   ap_none  |                            layer15_out_46_V                            |    scalar    |
|layer15_out_47_V  |  in |   16|   ap_none  |                            layer15_out_47_V                            |    scalar    |
|layer15_out_52_V  |  in |   16|   ap_none  |                            layer15_out_52_V                            |    scalar    |
|layer15_out_56_V  |  in |   16|   ap_none  |                            layer15_out_56_V                            |    scalar    |
|layer15_out_57_V  |  in |   16|   ap_none  |                            layer15_out_57_V                            |    scalar    |
|layer15_out_62_V  |  in |   16|   ap_none  |                            layer15_out_62_V                            |    scalar    |
|layer15_out_66_V  |  in |   16|   ap_none  |                            layer15_out_66_V                            |    scalar    |
|layer15_out_67_V  |  in |   16|   ap_none  |                            layer15_out_67_V                            |    scalar    |
|layer15_out_72_V  |  in |   16|   ap_none  |                            layer15_out_72_V                            |    scalar    |
|layer15_out_76_V  |  in |   16|   ap_none  |                            layer15_out_76_V                            |    scalar    |
|layer15_out_77_V  |  in |   16|   ap_none  |                            layer15_out_77_V                            |    scalar    |
|layer15_out_82_V  |  in |   16|   ap_none  |                            layer15_out_82_V                            |    scalar    |
|layer15_out_86_V  |  in |   16|   ap_none  |                            layer15_out_86_V                            |    scalar    |
|layer15_out_87_V  |  in |   16|   ap_none  |                            layer15_out_87_V                            |    scalar    |
|layer15_out_92_V  |  in |   16|   ap_none  |                            layer15_out_92_V                            |    scalar    |
|layer15_out_96_V  |  in |   16|   ap_none  |                            layer15_out_96_V                            |    scalar    |
|layer15_out_97_V  |  in |   16|   ap_none  |                            layer15_out_97_V                            |    scalar    |
+------------------+-----+-----+------------+------------------------------------------------------------------------+--------------+

